stm32f7xx_hal_msp.c:71:6:HAL_MspInit	8	static
stm32f7xx_hal_msp.c:93:6:HAL_ADC_MspInit	56	static
stm32f7xx_hal_msp.c:146:6:HAL_ADC_MspDeInit	8	static
stm32f7xx_hal_msp.c:177:6:HAL_I2C_MspInit	48	static
stm32f7xx_hal_msp.c:213:6:HAL_I2C_MspDeInit	0	static
stm32f7xx_hal_msp.c:242:6:HAL_RTC_MspInit	0	static
stm32f7xx_hal_msp.c:264:6:HAL_RTC_MspDeInit	0	static
stm32f7xx_hal_msp.c:286:6:HAL_TIM_Base_MspInit	8	static
stm32f7xx_hal_msp.c:302:6:HAL_TIM_MspPostInit	40	static
stm32f7xx_hal_msp.c:334:6:HAL_TIM_Base_MspDeInit	0	static
stm32f7xx_hal_msp.c:356:6:HAL_UART_MspInit	56	static
stm32f7xx_hal_msp.c:432:6:HAL_UART_MspDeInit	8	static
