stm32f7xx_hal_msp.c:71:6:HAL_MspInit	8	static
stm32f7xx_hal_msp.c:93:6:HAL_ADC_MspInit	56	static
stm32f7xx_hal_msp.c:146:6:HAL_ADC_MspDeInit	8	static
stm32f7xx_hal_msp.c:177:6:HAL_I2C_MspInit	56	static
stm32f7xx_hal_msp.c:237:6:HAL_I2C_MspDeInit	0	static
stm32f7xx_hal_msp.c:284:6:HAL_RTC_MspInit	0	static
stm32f7xx_hal_msp.c:306:6:HAL_RTC_MspDeInit	0	static
stm32f7xx_hal_msp.c:328:6:HAL_TIM_Base_MspInit	8	static
stm32f7xx_hal_msp.c:344:6:HAL_TIM_MspPostInit	40	static
stm32f7xx_hal_msp.c:376:6:HAL_TIM_Base_MspDeInit	0	static
stm32f7xx_hal_msp.c:398:6:HAL_UART_MspInit	56	static
stm32f7xx_hal_msp.c:474:6:HAL_UART_MspDeInit	8	static
