stm32f7xx_ll_usb.c:86:19:USB_CoreInit	8	static
stm32f7xx_ll_usb.c:168:19:USB_SetTurnaroundTime	4	static
stm32f7xx_ll_usb.c:251:19:USB_EnableGlobalInt	0	static
stm32f7xx_ll_usb.c:263:19:USB_DisableGlobalInt	0	static
stm32f7xx_ll_usb.c:278:19:USB_SetCurrentMode	8	static
stm32f7xx_ll_usb.c:307:19:USB_DevInit	28	static
stm32f7xx_ll_usb.c:475:19:USB_FlushTxFifo	0	static
stm32f7xx_ll_usb.c:497:19:USB_FlushRxFifo	0	static
stm32f7xx_ll_usb.c:525:19:USB_SetDevSpeed	0	static
stm32f7xx_ll_usb.c:541:9:USB_GetDevSpeed	0	static
stm32f7xx_ll_usb.c:570:19:USB_ActivateEndpoint	12	static
stm32f7xx_ll_usb.c:608:19:USB_ActivateDedicatedEndpoint	12	static
stm32f7xx_ll_usb.c:647:19:USB_DeactivateEndpoint	4	static
stm32f7xx_ll_usb.c:694:19:USB_DeactivateDedicatedEndpoint	4	static
stm32f7xx_ll_usb.c:736:19:USB_EPStartXfer	36	static
stm32f7xx_ll_usb.c:878:19:USB_EP0StartXfer	20	static
stm32f7xx_ll_usb.c:978:19:USB_WritePacket	4	static
stm32f7xx_ll_usb.c:1005:7:USB_ReadPacket	4	static
stm32f7xx_ll_usb.c:1027:19:USB_EPSetStall	0	static
stm32f7xx_ll_usb.c:1058:19:USB_EPClearStall	0	static
stm32f7xx_ll_usb.c:1087:19:USB_StopDevice	16	static
stm32f7xx_ll_usb.c:1128:20:USB_SetDevAddress	0	static
stm32f7xx_ll_usb.c:1143:20:USB_DevConnect	0	static
stm32f7xx_ll_usb.c:1160:20:USB_DevDisconnect	0	static
stm32f7xx_ll_usb.c:1177:11:USB_ReadInterrupts	0	static
stm32f7xx_ll_usb.c:1192:10:USB_ReadDevAllOutEpInterrupt	0	static
stm32f7xx_ll_usb.c:1208:10:USB_ReadDevAllInEpInterrupt	0	static
stm32f7xx_ll_usb.c:1226:10:USB_ReadDevOutEPInterrupt	0	static
stm32f7xx_ll_usb.c:1244:10:USB_ReadDevInEPInterrupt	4	static
stm32f7xx_ll_usb.c:1263:7:USB_ClearInterrupts	0	static
stm32f7xx_ll_usb.c:1276:10:USB_GetMode	0	static
stm32f7xx_ll_usb.c:1286:20:USB_ActivateSetup	4	static
stm32f7xx_ll_usb.c:1308:19:USB_EP0_OutStart	8	static
stm32f7xx_ll_usb.c:1444:19:USB_HostInit	24	static
stm32f7xx_ll_usb.c:1535:19:USB_InitFSLSPClkSel	4	static
stm32f7xx_ll_usb.c:1565:19:USB_ResetPort	24	static
stm32f7xx_ll_usb.c:1592:19:USB_DriveVbus	8	static
stm32f7xx_ll_usb.c:1622:10:USB_GetHostSpeed	8	static
stm32f7xx_ll_usb.c:1636:10:USB_GetCurrentFrame	0	static
stm32f7xx_ll_usb.c:1667:19:USB_HC_Init	40	static
stm32f7xx_ll_usb.c:1789:19:USB_HC_StartXfer	40	static
stm32f7xx_ll_usb.c:1928:10:USB_HC_ReadInterrupt	0	static
stm32f7xx_ll_usb.c:1942:19:USB_HC_Halt	8	static
stm32f7xx_ll_usb.c:2015:19:USB_DoPing	0	static
stm32f7xx_ll_usb.c:2039:19:USB_StopHost	4	static
stm32f7xx_ll_usb.c:2094:19:USB_ActivateRemoteWakeup	0	static
stm32f7xx_ll_usb.c:2112:19:USB_DeActivateRemoteWakeup	0	static
