Archive member included to satisfy reference by file (symbol)

../STemWinLib/Lib\libStemWin532_CM7_GCC.a(WINDOW.o)
                              Src/Windows/WIN1DLG.o (WINDOW_SetBkColor)
../STemWinLib/Lib\libStemWin532_CM7_GCC.a(WIDGET.o)
                              ../STemWinLib/Lib\libStemWin532_CM7_GCC.a(WINDOW.o) (WIDGET_OrState)
../STemWinLib/Lib\libStemWin532_CM7_GCC.a(TEXT_CreateIndirect.o)
                              Src/Windows/WIN1DLG.o (TEXT_CreateIndirect)
../STemWinLib/Lib\libStemWin532_CM7_GCC.a(TEXT.o)
                              ../STemWinLib/Lib\libStemWin532_CM7_GCC.a(TEXT_CreateIndirect.o) (TEXT_CreateUser)
../STemWinLib/Lib\libStemWin532_CM7_GCC.a(SLIDER_CreateIndirect.o)
                              Src/Windows/WIN1DLG.o (SLIDER_CreateIndirect)
../STemWinLib/Lib\libStemWin532_CM7_GCC.a(SLIDER.o)
                              ../STemWinLib/Lib\libStemWin532_CM7_GCC.a(SLIDER_CreateIndirect.o) (SLIDER_CreateUser)
../STemWinLib/Lib\libStemWin532_CM7_GCC.a(EDIT_CreateIndirect.o)
                              Src/Windows/WIN1DLG.o (EDIT_CreateIndirect)
../STemWinLib/Lib\libStemWin532_CM7_GCC.a(EDIT.o)
                              ../STemWinLib/Lib\libStemWin532_CM7_GCC.a(EDIT_CreateIndirect.o) (EDIT_CreateUser)
../STemWinLib/Lib\libStemWin532_CM7_GCC.a(DIALOG.o)
                              ../STemWinLib/Lib\libStemWin532_CM7_GCC.a(WIDGET.o) (DIALOG_GetBkColor)
../STemWinLib/Lib\libStemWin532_CM7_GCC.a(WM__UpdateChildPositions.o)
                              ../STemWinLib/Lib\libStemWin532_CM7_GCC.a(WIDGET.o) (WM__UpdateChildPositions)
../STemWinLib/Lib\libStemWin532_CM7_GCC.a(WM__Screen2Client.o)
                              ../STemWinLib/Lib\libStemWin532_CM7_GCC.a(WIDGET.o) (WM__Screen2Client)
../STemWinLib/Lib\libStemWin532_CM7_GCC.a(WM__IsEnabled.o)
                              ../STemWinLib/Lib\libStemWin532_CM7_GCC.a(EDIT.o) (WM__IsEnabled)
../STemWinLib/Lib\libStemWin532_CM7_GCC.a(WM__IsAncestor.o)
                              ../STemWinLib/Lib\libStemWin532_CM7_GCC.a(WINDOW.o) (WM__IsAncestor)
../STemWinLib/Lib\libStemWin532_CM7_GCC.a(WM_UserData.o)
                              ../STemWinLib/Lib\libStemWin532_CM7_GCC.a(WINDOW.o) (WM__GetUserDataEx)
../STemWinLib/Lib\libStemWin532_CM7_GCC.a(WM_Timer.o)
                              ../STemWinLib/Lib\libStemWin532_CM7_GCC.a(EDIT.o) (WM_RestartTimer)
../STemWinLib/Lib\libStemWin532_CM7_GCC.a(WM_Show.o)
                              ../STemWinLib/Lib\libStemWin532_CM7_GCC.a(DIALOG.o) (WM_ShowWindow)
../STemWinLib/Lib\libStemWin532_CM7_GCC.a(WM_SetUserClipRect.o)
                              ../STemWinLib/Lib\libStemWin532_CM7_GCC.a(EDIT.o) (WM_SetUserClipRect)
../STemWinLib/Lib\libStemWin532_CM7_GCC.a(WM_SetTrans.o)
                              ../STemWinLib/Lib\libStemWin532_CM7_GCC.a(TEXT.o) (WM_GetHasTrans)
../STemWinLib/Lib\libStemWin532_CM7_GCC.a(WM_SetScrollState.o)
                              ../STemWinLib/Lib\libStemWin532_CM7_GCC.a(WIDGET.o) (WM_SetScrollState)
../STemWinLib/Lib\libStemWin532_CM7_GCC.a(WM_SetFocusOnPrevChild.o)
                              ../STemWinLib/Lib\libStemWin532_CM7_GCC.a(WINDOW.o) (WM_SetFocusOnPrevChild)
../STemWinLib/Lib\libStemWin532_CM7_GCC.a(WM_SetFocusOnNextChild.o)
                              ../STemWinLib/Lib\libStemWin532_CM7_GCC.a(WINDOW.o) (WM_SetFocusOnNextChild)
../STemWinLib/Lib\libStemWin532_CM7_GCC.a(WM_SetFocus.o)
                              ../STemWinLib/Lib\libStemWin532_CM7_GCC.a(WINDOW.o) (WM_SetFocus)
../STemWinLib/Lib\libStemWin532_CM7_GCC.a(WM_SetCapture.o)
                              ../STemWinLib/Lib\libStemWin532_CM7_GCC.a(SLIDER.o) (WM_SetCapture)
../STemWinLib/Lib\libStemWin532_CM7_GCC.a(WM_SendMessageNoPara.o)
                              ../STemWinLib/Lib\libStemWin532_CM7_GCC.a(DIALOG.o) (WM_SendMessageNoPara)
../STemWinLib/Lib\libStemWin532_CM7_GCC.a(WM_ResizeWindow.o)
                              ../STemWinLib/Lib\libStemWin532_CM7_GCC.a(WM__UpdateChildPositions.o) (WM_ResizeWindow)
../STemWinLib/Lib\libStemWin532_CM7_GCC.a(WM_NotifyParent.o)
                              ../STemWinLib/Lib\libStemWin532_CM7_GCC.a(WIDGET.o) (WM_NotifyParent)
../STemWinLib/Lib\libStemWin532_CM7_GCC.a(WM_Move.o)
                              ../STemWinLib/Lib\libStemWin532_CM7_GCC.a(WM__UpdateChildPositions.o) (WM_MoveWindow)
../STemWinLib/Lib\libStemWin532_CM7_GCC.a(WM_IsWindow.o)
                              ../STemWinLib/Lib\libStemWin532_CM7_GCC.a(WINDOW.o) (WM_IsWindow)
../STemWinLib/Lib\libStemWin532_CM7_GCC.a(WM_IsFocussable.o)
                              ../STemWinLib/Lib\libStemWin532_CM7_GCC.a(SLIDER.o) (WM_IsFocussable)
../STemWinLib/Lib\libStemWin532_CM7_GCC.a(WM_HasFocus.o)
                              ../STemWinLib/Lib\libStemWin532_CM7_GCC.a(WINDOW.o) (WM_HasFocus)
../STemWinLib/Lib\libStemWin532_CM7_GCC.a(WM_GetWindowSize.o)
                              ../STemWinLib/Lib\libStemWin532_CM7_GCC.a(WIDGET.o) (WM_GetWindowSizeX)
[...]
Memory Configuration

Name             Origin             Length             Attributes
RAM              0x0000000020000000 0x0000000000050000 xrw
FLASH            0x0000000008000000 0x0000000000100000 xr
*default*        0x0000000000000000 0xffffffffffffffff

Linker script and memory map

LOAD c:/st/stm32cubeide_1.3.0/stm32cubeide/plugins/com.st.stm32cube.ide.mcu.externaltools.gnu-tools-for-stm32.7-2018-q2-update.win32_1.0.0.201904181610/tools/bin/../lib/gcc/arm-none-eabi/7.3.1/thumb/v7e-m/fpv4-sp/hard/crti.o
LOAD c:/st/stm32cubeide_1.3.0/stm32cubeide/plugins/com.st.stm32cube.ide.mcu.externaltools.gnu-tools-for-stm32.7-2018-q2-update.win32_1.0.0.201904181610/tools/bin/../lib/gcc/arm-none-eabi/7.3.1/thumb/v7e-m/fpv4-sp/hard/crtbegin.o
LOAD c:/st/stm32cubeide_1.3.0/stm32cubeide/plugins/com.st.stm32cube.ide.mcu.externaltools.gnu-tools-for-stm32.7-2018-q2-update.win32_1.0.0.201904181610/tools/bin/../lib/gcc/arm-none-eabi/7.3.1/../../../../arm-none-eabi/lib/thumb/v7e-m/fpv4-sp/hard/crt0.o
LOAD Drivers/STM32F7xx_HAL_Driver/Src/stm32f7xx_hal.o
LOAD Drivers/STM32F7xx_HAL_Driver/Src/stm32f7xx_hal_adc.o
LOAD Drivers/STM32F7xx_HAL_Driver/Src/stm32f7xx_hal_adc_ex.o
LOAD Drivers/STM32F7xx_HAL_Driver/Src/stm32f7xx_hal_cortex.o
LOAD Drivers/STM32F7xx_HAL_Driver/Src/stm32f7xx_hal_dma.o
LOAD Drivers/STM32F7xx_HAL_Driver/Src/stm32f7xx_hal_dma_ex.o
LOAD Drivers/STM32F7xx_HAL_Driver/Src/stm32f7xx_hal_exti.o
LOAD Drivers/STM32F7xx_HAL_Driver/Src/stm32f7xx_hal_flash.o
LOAD Drivers/STM32F7xx_HAL_Driver/Src/stm32f7xx_hal_flash_ex.o
LOAD Drivers/STM32F7xx_HAL_Driver/Src/stm32f7xx_hal_gpio.o
LOAD Drivers/STM32F7xx_HAL_Driver/Src/stm32f7xx_hal_i2c.o
LOAD Drivers/STM32F7xx_HAL_Driver/Src/stm32f7xx_hal_i2c_ex.o
LOAD Drivers/STM32F7xx_HAL_Driver/Src/stm32f7xx_hal_pwr.o
LOAD Drivers/STM32F7xx_HAL_Driver/Src/stm32f7xx_hal_pwr_ex.o
LOAD Drivers/STM32F7xx_HAL_Driver/Src/stm32f7xx_hal_rcc.o
LOAD Drivers/STM32F7xx_HAL_Driver/Src/stm32f7xx_hal_rcc_ex.o
LOAD Drivers/STM32F7xx_HAL_Driver/Src/stm32f7xx_hal_rtc.o
LOAD Drivers/STM32F7xx_HAL_Driver/Src/stm32f7xx_hal_rtc_ex.o
LOAD Drivers/STM32F7xx_HAL_Driver/Src/stm32f7xx_hal_tim.o
LOAD Drivers/STM32F7xx_HAL_Driver/Src/stm32f7xx_hal_tim_ex.o
LOAD Drivers/STM32F7xx_HAL_Driver/Src/stm32f7xx_hal_uart.o
LOAD Drivers/STM32F7xx_HAL_Driver/Src/stm32f7xx_hal_uart_ex.o
LOAD Drivers/Sors/SSD1963.o
LOAD Drivers/Sors/STMPE610.o
LOAD Src/GUIConf.o
LOAD Src/GUI_X.o
LOAD Src/LCDConf.o
LOAD Src/main.o
LOAD Src/stm32f7xx_hal_msp.o
LOAD Src/stm32f7xx_it.o
LOAD Src/syscalls.o
LOAD Src/sysmem.o
LOAD Src/system_stm32f7xx.o
LOAD Src/Windows/WIN1DLG.o
LOAD Startup/startup_stm32f746zgtx.o
LOAD ../STemWinLib/Lib\libStemWin532_CM7_GCC.a
START GROUP
LOAD c:/st/stm32cubeide_1.3.0/stm32cubeide/plugins/com.st.stm32cube.ide.mcu.externaltools.gnu-tools-for-stm32.7-2018-q2-update.win32_1.0.0.201904181610/tools/bin/../lib/gcc/arm-none-eabi/7.3.1/../../../../arm-none-eabi/lib/thumb/v7e-m/fpv4-sp/hard\libc_nano.a
LOAD c:/st/stm32cubeide_1.3.0/stm32cubeide/plugins/com.st.stm32cube.ide.mcu.externaltools.gnu-tools-for-stm32.7-2018-q2-update.win32_1.0.0.201904181610/tools/bin/../lib/gcc/arm-none-eabi/7.3.1/../../../../arm-none-eabi/lib/thumb/v7e-m/fpv4-sp/hard\libm.a
END GROUP
START GROUP
LOAD c:/st/stm32cubeide_1.3.0/stm32cubeide/plugins/com.st.stm32cube.ide.mcu.externaltools.gnu-tools-for-stm32.7-2018-q2-update.win32_1.0.0.201904181610/tools/bin/../lib/gcc/arm-none-eabi/7.3.1/thumb/v7e-m/fpv4-sp/hard\libgcc.a
LOAD c:/st/stm32cubeide_1.3.0/stm32cubeide/plugins/com.st.stm32cube.ide.mcu.externaltools.gnu-tools-for-stm32.7-2018-q2-update.win32_1.0.0.201904181610/tools/bin/../lib/gcc/arm-none-eabi/7.3.1/../../../../arm-none-eabi/lib/thumb/v7e-m/fpv4-sp/hard\libc_nano.a
END GROUP
START GROUP
LOAD c:/st/stm32cubeide_1.3.0/stm32cubeide/plugins/com.st.stm32cube.ide.mcu.externaltools.gnu-tools-for-stm32.7-2018-q2-update.win32_1.0.0.201904181610/tools/bin/../lib/gcc/arm-none-eabi/7.3.1/thumb/v7e-m/fpv4-sp/hard\libgcc.a
LOAD c:/st/stm32cubeide_1.3.0/stm32cubeide/plugins/com.st.stm32cube.ide.mcu.externaltools.gnu-tools-for-stm32.7-2018-q2-update.win32_1.0.0.201904181610/tools/bin/../lib/gcc/arm-none-eabi/7.3.1/../../../../arm-none-eabi/lib/thumb/v7e-m/fpv4-sp/hard\libc_nano.a
LOAD c:/st/stm32cubeide_1.3.0/stm32cubeide/plugins/com.st.stm32cube.ide.mcu.externaltools.gnu-tools-for-stm32.7-2018-q2-update.win32_1.0.0.201904181610/tools/bin/../lib/gcc/arm-none-eabi/7.3.1/../../../../arm-none-eabi/lib/thumb/v7e-m/fpv4-sp/hard\libnosys.a
END GROUP
START GROUP
LOAD c:/st/stm32cubeide_1.3.0/stm32cubeide/plugins/com.st.stm32cube.ide.mcu.externaltools.gnu-tools-for-stm32.7-2018-q2-update.win32_1.0.0.201904181610/tools/bin/../lib/gcc/arm-none-eabi/7.3.1/thumb/v7e-m/fpv4-sp/hard\libgcc.a
LOAD c:/st/stm32cubeide_1.3.0/stm32cubeide/plugins/com.st.stm32cube.ide.mcu.externaltools.gnu-tools-for-stm32.7-2018-q2-update.win32_1.0.0.201904181610/tools/bin/../lib/gcc/arm-none-eabi/7.3.1/../../../../arm-none-eabi/lib/thumb/v7e-m/fpv4-sp/hard\libc_nano.a
LOAD c:/st/stm32cubeide_1.3.0/stm32cubeide/plugins/com.st.stm32cube.ide.mcu.externaltools.gnu-tools-for-stm32.7-2018-q2-update.win32_1.0.0.201904181610/tools/bin/../lib/gcc/arm-none-eabi/7.3.1/../../../../arm-none-eabi/lib/thumb/v7e-m/fpv4-sp/hard\libnosys.a
END GROUP
LOAD c:/st/stm32cubeide_1.3.0/stm32cubeide/plugins/com.st.stm32cube.ide.mcu.externaltools.gnu-tools-for-stm32.7-2018-q2-update.win32_1.0.0.201904181610/tools/bin/../lib/gcc/arm-none-eabi/7.3.1/thumb/v7e-m/fpv4-sp/hard/crtend.o
LOAD c:/st/stm32cubeide_1.3.0/stm32cubeide/plugins/com.st.stm32cube.ide.mcu.externaltools.gnu-tools-for-stm32.7-2018-q2-update.win32_1.0.0.201904181610/tools/bin/../lib/gcc/arm-none-eabi/7.3.1/thumb/v7e-m/fpv4-sp/hard/crtn.o
                0x0000000020050000                _estack = (ORIGIN (RAM) + LENGTH (RAM))
                0x0000000000000200                _Min_Heap_Size = 0x200
                0x0000000000000400                _Min_Stack_Size = 0x400

.isr_vector     0x0000000008000000      0x1c8
                0x0000000008000000                . = ALIGN (0x4)
 *(.isr_vector)
 .isr_vector    0x0000000008000000      0x1c8 Startup/startup_stm32f746zgtx.o
                0x0000000008000000                g_pfnVectors
                0x00000000080001c8                . = ALIGN (0x4)

.text           0x00000000080001d0     0xe0ac
                0x00000000080001d0                . = ALIGN (0x4)
 *(.text)
 .text          0x00000000080001d0       0x40 c:/st/stm32cubeide_1.3.0/stm32cubeide/plugins/com.st.stm32cube.ide.mcu.externaltools.gnu-tools-for-stm32.7-2018-q2-update.win32_1.0.0.201904181610/tools/bin/../lib/gcc/arm-none-eabi/7.3.1/thumb/v7e-m/fpv4-sp/hard/crtbegin.o
 .text          0x0000000008000210       0x10 c:/st/stm32cubeide_1.3.0/stm32cubeide/plugins/com.st.stm32cube.ide.mcu.externaltools.gnu-tools-for-stm32.7-2018-q2-update.win32_1.0.0.201904181610/tools/bin/../lib/gcc/arm-none-eabi/7.3.1/../../../../arm-none-eabi/lib/thumb/v7e-m/fpv4-sp/hard\libc_nano.a(lib_a-strlen.o)
                0x0000000008000210                strlen
 .text          0x0000000008000220       0xa0 c:/st/stm32cubeide_1.3.0/stm32cubeide/plugins/com.st.stm32cube.ide.mcu.externaltools.gnu-tools-for-stm32.7-2018-q2-update.win32_1.0.0.201904181610/tools/bin/../lib/gcc/arm-none-eabi/7.3.1/../../../../arm-none-eabi/lib/thumb/v7e-m/fpv4-sp/hard\libc_nano.a(lib_a-memchr.o)
                0x0000000008000220                memchr
 .text          0x00000000080002c0      0x378 c:/st/stm32cubeide_1.3.0/stm32cubeide/plugins/com.st.stm32cube.ide.mcu.externaltools.gnu-tools-for-stm32.7-2018-q2-update.win32_1.0.0.201904181610/tools/bin/../lib/gcc/arm-none-eabi/7.3.1/thumb/v7e-m/fpv4-sp/hard\libgcc.a(_arm_addsubdf3.o)
                0x00000000080002c0                __aeabi_drsub
                0x00000000080002c8                __aeabi_dsub
                0x00000000080002c8                __subdf3
                0x00000000080002cc                __aeabi_dadd
                0x00000000080002cc                __adddf3
                0x0000000008000544                __floatunsidf
                0x0000000008000544                __aeabi_ui2d
                0x0000000008000564                __floatsidf
                0x0000000008000564                __aeabi_i2d
                0x0000000008000588                __aeabi_f2d
                0x0000000008000588                __extendsfdf2
                0x00000000080005cc                __floatundidf
                0x00000000080005cc                __aeabi_ul2d
                0x00000000080005dc                __floatdidf
                0x00000000080005dc                __aeabi_l2d
 .text          0x0000000008000638      0x424 c:/st/stm32cubeide_1.3.0/stm32cubeide/plugins/com.st.stm32cube.ide.mcu.externaltools.gnu-tools-for-stm32.7-2018-q2-update.win32_1.0.0.201904181610/tools/bin/../lib/gcc/arm-none-eabi/7.3.1/thumb/v7e-m/fpv4-sp/hard\libgcc.a(_arm_muldivdf3.o)
                0x0000000008000638                __aeabi_dmul
                0x0000000008000638                __muldf3
                0x000000000800088c                __divdf3
                0x000000000800088c                __aeabi_ddiv
 .text          0x0000000008000a5c      0x110 c:/st/stm32cubeide_1.3.0/stm32cubeide/plugins/com.st.stm32cube.ide.mcu.externaltools.gnu-tools-for-stm32.7-2018-q2-update.win32_1.0.0.201904181610/tools/bin/../lib/gcc/arm-none-eabi/7.3.1/thumb/v7e-m/fpv4-sp/hard\libgcc.a(_arm_cmpdf2.o)
                0x0000000008000a5c                __gtdf2
                0x0000000008000a5c                __gedf2
                0x0000000008000a64                __ltdf2
                0x0000000008000a64                __ledf2
                0x0000000008000a6c                __nedf2
                0x0000000008000a6c                __eqdf2
                0x0000000008000a6c                __cmpdf2
                0x0000000008000ae8                __aeabi_cdrcmple
                0x0000000008000af8                __aeabi_cdcmpeq
                0x0000000008000af8                __aeabi_cdcmple
                0x0000000008000b08                __aeabi_dcmpeq
                0x0000000008000b1c                __aeabi_dcmplt
                0x0000000008000b30                __aeabi_dcmple
                0x0000000008000b44                __aeabi_dcmpge
                0x0000000008000b58                __aeabi_dcmpgt
 .text          0x0000000008000b6c       0x50 c:/st/stm32cubeide_1.3.0/stm32cubeide/plugins/com.st.stm32cube.ide.mcu.externaltools.gnu-tools-for-stm32.7-2018-q2-update.win32_1.0.0.201904181610/tools/bin/../lib/gcc/arm-none-eabi/7.3.1/thumb/v7e-m/fpv4-sp/hard\libgcc.a(_arm_fixdfsi.o)
                0x0000000008000b6c                __aeabi_d2iz
                0x0000000008000b6c                __fixdfsi
 .text          0x0000000008000bbc       0xa0 c:/st/stm32cubeide_1.3.0/stm32cubeide/plugins/com.st.stm32cube.ide.mcu.externaltools.gnu-tools-for-stm32.7-2018-q2-update.win32_1.0.0.201904181610/tools/bin/../lib/gcc/arm-none-eabi/7.3.1/thumb/v7e-m/fpv4-sp/hard\libgcc.a(_arm_truncdfsf2.o)
                0x0000000008000bbc                __truncdfsf2
                0x0000000008000bbc                __aeabi_d2f
 .text          0x0000000008000c5c       0x30 c:/st/stm32cubeide_1.3.0/stm32cubeide/plugins/com.st.stm32cube.ide.mcu.externaltools.gnu-tools-for-stm32.7-2018-q2-update.win32_1.0.0.201904181610/tools/bin/../lib/gcc/arm-none-eabi/7.3.1/thumb/v7e-m/fpv4-sp/hard\libgcc.a(_aeabi_uldivmod.o)
                0x0000000008000c5c                __aeabi_uldivmod
 .text          0x0000000008000c8c      0x2cc c:/st/stm32cubeide_1.3.0/stm32cubeide/plugins/com.st.stm32cube.ide.mcu.externaltools.gnu-tools-for-stm32.7-2018-q2-update.win32_1.0.0.201904181610/tools/bin/../lib/gcc/arm-none-eabi/7.3.1/thumb/v7e-m/fpv4-sp/hard\libgcc.a(_udivmoddi4.o)
                0x0000000008000c8c                __udivmoddi4
 .text          0x0000000008000f58        0x4 c:/st/stm32cubeide_1.3.0/stm32cubeide/plugins/com.st.stm32cube.ide.mcu.externaltools.gnu-tools-for-stm32.7-2018-q2-update.win32_1.0.0.201904181610/tools/bin/../lib/gcc/arm-none-eabi/7.3.1/thumb/v7e-m/fpv4-sp/hard\libgcc.a(_dvmd_tls.o)
                0x0000000008000f58                __aeabi_idiv0
                0x0000000008000f58                __aeabi_ldiv0
 *(.text*)
 .text.HAL_InitTick
                0x0000000008000f5c       0x48 Drivers/STM32F7xx_HAL_Driver/Src/stm32f7xx_hal.o
                0x0000000008000f5c                HAL_InitTick
 .text.HAL_Init
                0x0000000008000fa4       0x18 Drivers/STM32F7xx_HAL_Driver/Src/stm32f7xx_hal.o
                0x0000000008000fa4                HAL_Init
 .text.HAL_IncTick
                0x0000000008000fbc       0x18 Drivers/STM32F7xx_HAL_Driver/Src/stm32f7xx_hal.o
                0x0000000008000fbc                HAL_IncTick
 .text.HAL_GetTick
                0x0000000008000fd4        0xc Drivers/STM32F7xx_HAL_Driver/Src/stm32f7xx_hal.o
                0x0000000008000fd4                HAL_GetTick
 .text.HAL_Delay
                0x0000000008000fe0       0x24 Drivers/STM32F7xx_HAL_Driver/Src/stm32f7xx_hal.o
                0x0000000008000fe0                HAL_Delay
 .text.HAL_ADC_Init
                0x0000000008001004      0x16c Drivers/STM32F7xx_HAL_Driver/Src/stm32f7xx_hal_adc.o
                0x0000000008001004                HAL_ADC_Init
 .text.HAL_ADC_Start_DMA
                0x0000000008001170      0x164 Drivers/STM32F7xx_HAL_Driver/Src/stm32f7xx_hal_adc.o
                0x0000000008001170                HAL_ADC_Start_DMA
 .text.HAL_ADC_ConvHalfCpltCallback
                0x00000000080012d4        0x4 Drivers/STM32F7xx_HAL_Driver/Src/stm32f7xx_hal_adc.o
                0x00000000080012d4                HAL_ADC_ConvHalfCpltCallback
 .text.ADC_DMAHalfConvCplt
                0x00000000080012d8        0xc Drivers/STM32F7xx_HAL_Driver/Src/stm32f7xx_hal_adc.o
 .text.HAL_ADC_ErrorCallback
                0x00000000080012e4        0x4 Drivers/STM32F7xx_HAL_Driver/Src/stm32f7xx_hal_adc.o
                0x00000000080012e4                HAL_ADC_ErrorCallback
 .text.ADC_DMAError
                0x00000000080012e8       0x18 Drivers/STM32F7xx_HAL_Driver/Src/stm32f7xx_hal_adc.o
 .text.ADC_DMAConvCplt
                0x0000000008001300       0x6c Drivers/STM32F7xx_HAL_Driver/Src/stm32f7xx_hal_adc.o
 .text.HAL_ADC_ConfigChannel
                0x000000000800136c      0x180 Drivers/STM32F7xx_HAL_Driver/Src/stm32f7xx_hal_adc.o
                0x000000000800136c                HAL_ADC_ConfigChannel
 .text.HAL_NVIC_SetPriorityGrouping
                0x00000000080014ec       0x28 Drivers/STM32F7xx_HAL_Driver/Src/stm32f7xx_hal_cortex.o
                0x00000000080014ec                HAL_NVIC_SetPriorityGrouping
 .text.HAL_NVIC_SetPriority
                0x0000000008001514       0x6c Drivers/STM32F7xx_HAL_Driver/Src/stm32f7xx_hal_cortex.o
                0x0000000008001514                HAL_NVIC_SetPriority
 .text.HAL_NVIC_EnableIRQ
                0x0000000008001580       0x1c Drivers/STM32F7xx_HAL_Driver/Src/stm32f7xx_hal_cortex.o
                0x0000000008001580                HAL_NVIC_EnableIRQ
 .text.HAL_SYSTICK_Config
                0x000000000800159c       0x30 Drivers/STM32F7xx_HAL_Driver/Src/stm32f7xx_hal_cortex.o
                0x000000000800159c                HAL_SYSTICK_Config
 .text.HAL_SYSTICK_IRQHandler
                0x00000000080015cc        0x8 Drivers/STM32F7xx_HAL_Driver/Src/stm32f7xx_hal_cortex.o
                0x00000000080015cc                HAL_SYSTICK_IRQHandler
 .text.HAL_DMA_Init
                0x00000000080015d4      0x138 Drivers/STM32F7xx_HAL_Driver/Src/stm32f7xx_hal_dma.o
                0x00000000080015d4                HAL_DMA_Init
 .text.HAL_DMA_Start_IT
                0x000000000800170c       0x8c Drivers/STM32F7xx_HAL_Driver/Src/stm32f7xx_hal_dma.o
                0x000000000800170c                HAL_DMA_Start_IT
 .text.HAL_DMA_Abort
                0x0000000008001798       0x90 Drivers/STM32F7xx_HAL_Driver/Src/stm32f7xx_hal_dma.o
                0x0000000008001798                HAL_DMA_Abort
 .text.HAL_DMA_Abort_IT
                0x0000000008001828       0x28 Drivers/STM32F7xx_HAL_Driver/Src/stm32f7xx_hal_dma.o
                0x0000000008001828                HAL_DMA_Abort_IT
 .text.HAL_DMA_IRQHandler
                0x0000000008001850      0x1ac Drivers/STM32F7xx_HAL_Driver/Src/stm32f7xx_hal_dma.o
                0x0000000008001850                HAL_DMA_IRQHandler
 .text.HAL_GPIO_Init
                0x00000000080019fc      0x20c Drivers/STM32F7xx_HAL_Driver/Src/stm32f7xx_hal_gpio.o
                0x00000000080019fc                HAL_GPIO_Init
 .text.HAL_GPIO_WritePin
                0x0000000008001c08        0x8 Drivers/STM32F7xx_HAL_Driver/Src/stm32f7xx_hal_gpio.o
                0x0000000008001c08                HAL_GPIO_WritePin
 .text.I2C_WaitOnTXISFlagUntilTimeout
                0x0000000008001c10       0xb8 Drivers/STM32F7xx_HAL_Driver/Src/stm32f7xx_hal_i2c.o
 .text.I2C_WaitOnSTOPFlagUntilTimeout
                0x0000000008001cc8       0xac Drivers/STM32F7xx_HAL_Driver/Src/stm32f7xx_hal_i2c.o
 .text.HAL_I2C_Init
                0x0000000008001d74       0xa8 Drivers/STM32F7xx_HAL_Driver/Src/stm32f7xx_hal_i2c.o
                0x0000000008001d74                HAL_I2C_Init
 .text.HAL_I2C_Master_Transmit
                0x0000000008001e1c      0x1a0 Drivers/STM32F7xx_HAL_Driver/Src/stm32f7xx_hal_i2c.o
                0x0000000008001e1c                HAL_I2C_Master_Transmit
 .text.HAL_I2CEx_ConfigAnalogFilter
                0x0000000008001fbc       0x54 Drivers/STM32F7xx_HAL_Driver/Src/stm32f7xx_hal_i2c_ex.o
                0x0000000008001fbc                HAL_I2CEx_ConfigAnalogFilter
 .text.HAL_I2CEx_ConfigDigitalFilter
                0x0000000008002010       0x54 Drivers/STM32F7xx_HAL_Driver/Src/stm32f7xx_hal_i2c_ex.o
                0x0000000008002010                HAL_I2CEx_ConfigDigitalFilter
 .text.HAL_PWR_EnableBkUpAccess
                0x0000000008002064       0x10 Drivers/STM32F7xx_HAL_Driver/Src/stm32f7xx_hal_pwr.o
                0x0000000008002064                HAL_PWR_EnableBkUpAccess
 .text.HAL_PWREx_EnableOverDrive
                0x0000000008002074       0x78 Drivers/STM32F7xx_HAL_Driver/Src/stm32f7xx_hal_pwr_ex.o
                0x0000000008002074                HAL_PWREx_EnableOverDrive
 .text.HAL_RCC_OscConfig
                0x00000000080020ec      0x3f4 Drivers/STM32F7xx_HAL_Driver/Src/stm32f7xx_hal_rcc.o
                0x00000000080020ec                HAL_RCC_OscConfig
 .text.HAL_RCC_ClockConfig
                0x00000000080024e0      0x198 Drivers/STM32F7xx_HAL_Driver/Src/stm32f7xx_hal_rcc.o
                0x00000000080024e0                HAL_RCC_ClockConfig
 .text.HAL_RCC_GetSysClockFreq
                0x0000000008002678       0x68 Drivers/STM32F7xx_HAL_Driver/Src/stm32f7xx_hal_rcc.o
                0x0000000008002678                HAL_RCC_GetSysClockFreq
 .text.HAL_RCC_GetPCLK1Freq
                0x00000000080026e0       0x20 Drivers/STM32F7xx_HAL_Driver/Src/stm32f7xx_hal_rcc.o
                0x00000000080026e0                HAL_RCC_GetPCLK1Freq
 .text.HAL_RCC_GetPCLK2Freq
                0x0000000008002700       0x20 Drivers/STM32F7xx_HAL_Driver/Src/stm32f7xx_hal_rcc.o
                0x0000000008002700                HAL_RCC_GetPCLK2Freq
 .text.HAL_RCCEx_PeriphCLKConfig
                0x0000000008002720      0x528 Drivers/STM32F7xx_HAL_Driver/Src/stm32f7xx_hal_rcc_ex.o
                0x0000000008002720                HAL_RCCEx_PeriphCLKConfig
 .text.HAL_RTC_Init
                0x0000000008002c48       0xdc Drivers/STM32F7xx_HAL_Driver/Src/stm32f7xx_hal_rtc.o
                0x0000000008002c48                HAL_RTC_Init
 .text.HAL_RTC_SetTime
                0x0000000008002d24      0x168 Drivers/STM32F7xx_HAL_Driver/Src/stm32f7xx_hal_rtc.o
                0x0000000008002d24                HAL_RTC_SetTime
 .text.HAL_RTC_GetTime
                0x0000000008002e8c       0x6c Drivers/STM32F7xx_HAL_Driver/Src/stm32f7xx_hal_rtc.o
                0x0000000008002e8c                HAL_RTC_GetTime
 .text.HAL_RTC_SetDate
                0x0000000008002ef8      0x134 Drivers/STM32F7xx_HAL_Driver/Src/stm32f7xx_hal_rtc.o
                0x0000000008002ef8                HAL_RTC_SetDate
 .text.HAL_RTC_GetDate
                0x000000000800302c       0x60 Drivers/STM32F7xx_HAL_Driver/Src/stm32f7xx_hal_rtc.o
                0x000000000800302c                HAL_RTC_GetDate
 .text.HAL_TIM_Base_Init
                0x000000000800308c      0x134 Drivers/STM32F7xx_HAL_Driver/Src/stm32f7xx_hal_tim.o
                0x000000000800308c                HAL_TIM_Base_Init
 .text.HAL_TIM_PWM_MspInit
                0x00000000080031c0        0x4 Drivers/STM32F7xx_HAL_Driver/Src/stm32f7xx_hal_tim.o
                0x00000000080031c0                HAL_TIM_PWM_MspInit
 .text.HAL_TIM_PWM_Init
                0x00000000080031c4      0x134 Drivers/STM32F7xx_HAL_Driver/Src/stm32f7xx_hal_tim.o
                0x00000000080031c4                HAL_TIM_PWM_Init
 .text.HAL_TIM_PWM_Start
                0x00000000080032f8      0x140 Drivers/STM32F7xx_HAL_Driver/Src/stm32f7xx_hal_tim.o
                0x00000000080032f8                HAL_TIM_PWM_Start
 .text.HAL_TIM_PWM_ConfigChannel
                0x0000000008003438      0x348 Drivers/STM32F7xx_HAL_Driver/Src/stm32f7xx_hal_tim.o
                0x0000000008003438                HAL_TIM_PWM_ConfigChannel
 .text.HAL_TIM_ConfigClockSource
                0x0000000008003780      0x150 Drivers/STM32F7xx_HAL_Driver/Src/stm32f7xx_hal_tim.o
                0x0000000008003780                HAL_TIM_ConfigClockSource
 .text.HAL_TIMEx_MasterConfigSynchronization
                0x00000000080038d0       0xc0 Drivers/STM32F7xx_HAL_Driver/Src/stm32f7xx_hal_tim_ex.o
                0x00000000080038d0                HAL_TIMEx_MasterConfigSynchronization
 .text.HAL_UART_TxCpltCallback
                0x0000000008003990        0x4 Drivers/STM32F7xx_HAL_Driver/Src/stm32f7xx_hal_uart.o
                0x0000000008003990                HAL_UART_TxCpltCallback
 .text.HAL_UART_ErrorCallback
                0x0000000008003994        0x4 Drivers/STM32F7xx_HAL_Driver/Src/stm32f7xx_hal_uart.o
                0x0000000008003994                HAL_UART_ErrorCallback
 .text.UART_DMAAbortOnError
                0x0000000008003998       0x18 Drivers/STM32F7xx_HAL_Driver/Src/stm32f7xx_hal_uart.o
 .text.HAL_UARTEx_RxEventCallback
                0x00000000080039b0        0x4 Drivers/STM32F7xx_HAL_Driver/Src/stm32f7xx_hal_uart.o
                0x00000000080039b0                HAL_UARTEx_RxEventCallback
 .text.HAL_UART_IRQHandler
                0x00000000080039b4      0x25c Drivers/STM32F7xx_HAL_Driver/Src/stm32f7xx_hal_uart.o
                0x00000000080039b4                HAL_UART_IRQHandler
 .text.UART_AdvFeatureConfig
                0x0000000008003c10       0xb0 Drivers/STM32F7xx_HAL_Driver/Src/stm32f7xx_hal_uart.o
                0x0000000008003c10                UART_AdvFeatureConfig
 .text.HAL_UART_Init
                0x0000000008003cc0      0x3b4 Drivers/STM32F7xx_HAL_Driver/Src/stm32f7xx_hal_uart.o
                0x0000000008003cc0                HAL_UART_Init
 .text.Init_LCD_GPIO
                0x0000000008004074       0xf0 Drivers/Sors/SSD1963.o
                0x0000000008004074                Init_LCD_GPIO
 .text.SSD1963_WriteCommand
                0x0000000008004164       0x54 Drivers/Sors/SSD1963.o
                0x0000000008004164                SSD1963_WriteCommand
 .text.SSD1963_WriteData
                0x00000000080041b8       0x54 Drivers/Sors/SSD1963.o
                0x00000000080041b8                SSD1963_WriteData
 .text.SSD1963_WriteDataMultiple
                0x000000000800420c       0x78 Drivers/Sors/SSD1963.o
                0x000000000800420c                SSD1963_WriteDataMultiple
 .text.SSD1963_Init
                0x0000000008004284      0x6c8 Drivers/Sors/SSD1963.o
                0x0000000008004284                SSD1963_Init
 .text.Init_TOUCH_GPIO
                0x000000000800494c       0x24 Drivers/Sors/STMPE610.o
                0x000000000800494c                Init_TOUCH_GPIO
 .text.STMPE610_Init
                0x0000000008004970      0x218 Drivers/Sors/STMPE610.o
                0x0000000008004970                STMPE610_Init
 .text.GUI_X_Config
                0x0000000008004b88       0x20 Src/GUIConf.o
                0x0000000008004b88                GUI_X_Config
 .text.GUI_X_Init
                0x0000000008004ba8        0x4 Src/GUI_X.o
                0x0000000008004ba8                GUI_X_Init
 .text.LCD_X_Config
                0x0000000008004bac       0xb4 Src/LCDConf.o
                0x0000000008004bac                LCD_X_Config
 .text.LCD_X_DisplayDriver
                0x0000000008004c60       0x18 Src/LCDConf.o
                0x0000000008004c60                LCD_X_DisplayDriver
 .text.HAL_SYSTICK_Callback
                0x0000000008004c78       0x10 Src/main.o
                0x0000000008004c78                HAL_SYSTICK_Callback
 .text.HAL_ADC_ConvCpltCallback
                0x0000000008004c88       0x28 Src/main.o
                0x0000000008004c88                HAL_ADC_ConvCpltCallback
 .text.SystemClock_Config
                0x0000000008004cb0       0xc0 Src/main.o
                0x0000000008004cb0                SystemClock_Config
 .text.draw_display
                0x0000000008004d70      0x1b8 Src/main.o
                0x0000000008004d70                draw_display
 .text.startup.main
                0x0000000008004f28      0x79c Src/main.o
                0x0000000008004f28                main
 .text.Error_Handler
                0x00000000080056c4        0x4 Src/main.o
                0x00000000080056c4                Error_Handler
 .text.HAL_MspInit
                0x00000000080056c8       0x30 Src/stm32f7xx_hal_msp.o
                0x00000000080056c8                HAL_MspInit
 .text.HAL_ADC_MspInit
                0x00000000080056f8       0xb0 Src/stm32f7xx_hal_msp.o
                0x00000000080056f8                HAL_ADC_MspInit
 .text.HAL_I2C_MspInit
                0x00000000080057a8       0x70 Src/stm32f7xx_hal_msp.o
                0x00000000080057a8                HAL_I2C_MspInit
 .text.HAL_RTC_MspInit
                0x0000000008005818       0x1c Src/stm32f7xx_hal_msp.o
                0x0000000008005818                HAL_RTC_MspInit
 .text.HAL_TIM_Base_MspInit
                0x0000000008005834       0x2c Src/stm32f7xx_hal_msp.o
                0x0000000008005834                HAL_TIM_Base_MspInit
 .text.HAL_TIM_MspPostInit
                0x0000000008005860       0x50 Src/stm32f7xx_hal_msp.o
                0x0000000008005860                HAL_TIM_MspPostInit
 .text.HAL_UART_MspInit
                0x00000000080058b0       0xf4 Src/stm32f7xx_hal_msp.o
                0x00000000080058b0                HAL_UART_MspInit
 .text.NMI_Handler
                0x00000000080059a4        0x4 Src/stm32f7xx_it.o
                0x00000000080059a4                NMI_Handler
 .text.HardFault_Handler
                0x00000000080059a8        0x4 Src/stm32f7xx_it.o
                0x00000000080059a8                HardFault_Handler
 .text.MemManage_Handler
                0x00000000080059ac        0x4 Src/stm32f7xx_it.o
                0x00000000080059ac                MemManage_Handler
 .text.BusFault_Handler
                0x00000000080059b0        0x4 Src/stm32f7xx_it.o
                0x00000000080059b0                BusFault_Handler
 .text.UsageFault_Handler
                0x00000000080059b4        0x4 Src/stm32f7xx_it.o
                0x00000000080059b4                UsageFault_Handler
 .text.SVC_Handler
                0x00000000080059b8        0x4 Src/stm32f7xx_it.o
                0x00000000080059b8                SVC_Handler
 .text.DebugMon_Handler
                0x00000000080059bc        0x4 Src/stm32f7xx_it.o
                0x00000000080059bc                DebugMon_Handler
 .text.PendSV_Handler
                0x00000000080059c0        0x4 Src/stm32f7xx_it.o
                0x00000000080059c0                PendSV_Handler
 .text.SysTick_Handler
                0x00000000080059c4       0x10 Src/stm32f7xx_it.o
                0x00000000080059c4                SysTick_Handler
 .text.DMA1_Stream0_IRQHandler
                0x00000000080059d4        0xc Src/stm32f7xx_it.o
                0x00000000080059d4                DMA1_Stream0_IRQHandler
 .text.DMA1_Stream6_IRQHandler
                0x00000000080059e0        0xc Src/stm32f7xx_it.o
                0x00000000080059e0                DMA1_Stream6_IRQHandler
 .text.DMA2_Stream0_IRQHandler
                0x00000000080059ec        0xc Src/stm32f7xx_it.o
                0x00000000080059ec                DMA2_Stream0_IRQHandler
 .text.UART8_IRQHandler
                0x00000000080059f8        0xc Src/stm32f7xx_it.o
                0x00000000080059f8                UART8_IRQHandler
 .text._sbrk    0x0000000008005a04       0x3c Src/sysmem.o
                0x0000000008005a04                _sbrk
 .text.SystemInit
                0x0000000008005a40       0x14 Src/system_stm32f7xx.o
                0x0000000008005a40                SystemInit
 .text.Reset_Handler
                0x0000000008005a54       0x50 Startup/startup_stm32f746zgtx.o
                0x0000000008005a54                Reset_Handler
 .text.Default_Handler
                0x0000000008005aa4        0x2 Startup/startup_stm32f746zgtx.o
                0x0000000008005aa4                RTC_Alarm_IRQHandler
                0x0000000008005aa4                EXTI2_IRQHandler
                0x0000000008005aa4                TIM8_CC_IRQHandler
                0x0000000008005aa4                SPI4_IRQHandler
                0x0000000008005aa4                TIM1_CC_IRQHandler
                0x0000000008005aa4                DMA2_Stream5_IRQHandler
                0x0000000008005aa4                DMA1_Stream5_IRQHandler
                0x0000000008005aa4                PVD_IRQHandler
                0x0000000008005aa4                TAMP_STAMP_IRQHandler
                0x0000000008005aa4                CAN2_RX1_IRQHandler
                0x0000000008005aa4                EXTI3_IRQHandler
                0x0000000008005aa4                TIM8_TRG_COM_TIM14_IRQHandler
                0x0000000008005aa4                TIM1_UP_TIM10_IRQHandler
                0x0000000008005aa4                TIM8_UP_TIM13_IRQHandler
                0x0000000008005aa4                I2C3_ER_IRQHandler
                0x0000000008005aa4                EXTI0_IRQHandler
                0x0000000008005aa4                I2C2_EV_IRQHandler
                0x0000000008005aa4                DMA1_Stream2_IRQHandler
                0x0000000008005aa4                CAN1_RX0_IRQHandler
                0x0000000008005aa4                FPU_IRQHandler
                0x0000000008005aa4                OTG_HS_WKUP_IRQHandler
                0x0000000008005aa4                LTDC_ER_IRQHandler
                0x0000000008005aa4                CAN2_SCE_IRQHandler
                0x0000000008005aa4                DMA2_Stream2_IRQHandler
                0x0000000008005aa4                SPI1_IRQHandler
                0x0000000008005aa4                TIM6_DAC_IRQHandler
                0x0000000008005aa4                TIM1_BRK_TIM9_IRQHandler
                0x0000000008005aa4                DCMI_IRQHandler
                0x0000000008005aa4                CAN2_RX0_IRQHandler
                0x0000000008005aa4                DMA2_Stream3_IRQHandler
                0x0000000008005aa4                SAI2_IRQHandler
                0x0000000008005aa4                USART6_IRQHandler
                0x0000000008005aa4                USART3_IRQHandler
                0x0000000008005aa4                CAN1_RX1_IRQHandler
                0x0000000008005aa4                UART5_IRQHandler
                0x0000000008005aa4                TIM4_IRQHandler
                0x0000000008005aa4                QUADSPI_IRQHandler
                0x0000000008005aa4                I2C1_EV_IRQHandler
                0x0000000008005aa4                DMA1_Stream1_IRQHandler
                0x0000000008005aa4                UART4_IRQHandler
                0x0000000008005aa4                TIM3_IRQHandler
                0x0000000008005aa4                RCC_IRQHandler
                0x0000000008005aa4                TIM8_BRK_TIM12_IRQHandler
                0x0000000008005aa4                Default_Handler
                0x0000000008005aa4                CEC_IRQHandler
                0x0000000008005aa4                EXTI15_10_IRQHandler
                0x0000000008005aa4                ADC_IRQHandler
                0x0000000008005aa4                DMA1_Stream7_IRQHandler
                0x0000000008005aa4                SPI5_IRQHandler
                0x0000000008005aa4                TIM7_IRQHandler
                0x0000000008005aa4                SDMMC1_IRQHandler
                0x0000000008005aa4                CAN2_TX_IRQHandler
                0x0000000008005aa4                TIM5_IRQHandler
                0x0000000008005aa4                DMA2_Stream7_IRQHandler
                0x0000000008005aa4                I2C3_EV_IRQHandler
                0x0000000008005aa4                EXTI9_5_IRQHandler
                0x0000000008005aa4                RTC_WKUP_IRQHandler
                0x0000000008005aa4                LTDC_IRQHandler
                0x0000000008005aa4                ETH_WKUP_IRQHandler
                0x0000000008005aa4                SPDIF_RX_IRQHandler
                0x0000000008005aa4                SPI2_IRQHandler
                0x0000000008005aa4                OTG_HS_EP1_IN_IRQHandler
                0x0000000008005aa4                CAN1_TX_IRQHandler
                0x0000000008005aa4                EXTI4_IRQHandler
                0x0000000008005aa4                RNG_IRQHandler
                0x0000000008005aa4                ETH_IRQHandler
                0x0000000008005aa4                OTG_HS_EP1_OUT_IRQHandler
                0x0000000008005aa4                WWDG_IRQHandler
                0x0000000008005aa4                SPI6_IRQHandler
                0x0000000008005aa4                I2C4_EV_IRQHandler
                0x0000000008005aa4                TIM2_IRQHandler
                0x0000000008005aa4                OTG_FS_WKUP_IRQHandler
                0x0000000008005aa4                TIM1_TRG_COM_TIM11_IRQHandler
                0x0000000008005aa4                OTG_HS_IRQHandler
                0x0000000008005aa4                DMA2D_IRQHandler
                0x0000000008005aa4                EXTI1_IRQHandler
                0x0000000008005aa4                UART7_IRQHandler
                0x0000000008005aa4                USART2_IRQHandler
                0x0000000008005aa4                I2C2_ER_IRQHandler
                0x0000000008005aa4                DMA2_Stream1_IRQHandler
                0x0000000008005aa4                CAN1_SCE_IRQHandler
                0x0000000008005aa4                FLASH_IRQHandler
                0x0000000008005aa4                DMA2_Stream4_IRQHandler
                0x0000000008005aa4                USART1_IRQHandler
                0x0000000008005aa4                OTG_FS_IRQHandler
                0x0000000008005aa4                SPI3_IRQHandler
                0x0000000008005aa4                DMA1_Stream4_IRQHandler
                0x0000000008005aa4                I2C1_ER_IRQHandler
                0x0000000008005aa4                FMC_IRQHandler
                0x0000000008005aa4                LPTIM1_IRQHandler
                0x0000000008005aa4                I2C4_ER_IRQHandler
                0x0000000008005aa4                DMA2_Stream6_IRQHandler
                0x0000000008005aa4                SAI1_IRQHandler
                0x0000000008005aa4                DMA1_Stream3_IRQHandler
 .text._IncrementBuffer
                0x0000000008005aa6       0x5a ../STemWinLib/Lib\libStemWin532_CM7_GCC.a(EDIT.o)
 .text._IsSpaceInBuffer
                0x0000000008005b00       0x5a ../STemWinLib/Lib\libStemWin532_CM7_GCC.a(EDIT.o)
 .text.EDIT_SetText
                0x0000000008005b5a       0xda ../STemWinLib/Lib\libStemWin532_CM7_GCC.a(EDIT.o)
                0x0000000008005b5a                EDIT_SetText
 .text.WM_GetParent
                0x0000000008005c34       0x10 ../STemWinLib/Lib\libStemWin532_CM7_GCC.a(WM_GetParent.o)
                0x0000000008005c34                WM_GetParent
 .text.WM_GetId
                0x0000000008005c44       0x20 ../STemWinLib/Lib\libStemWin532_CM7_GCC.a(WM_GetId.o)
                0x0000000008005c44                WM_GetId
 .text.WM_GetFirstChild
                0x0000000008005c64       0x10 ../STemWinLib/Lib\libStemWin532_CM7_GCC.a(WM_GetFirstChild.o)
                0x0000000008005c64                WM_GetFirstChild
 .text._GetDialogItem
                0x0000000008005c74       0x3a ../STemWinLib/Lib\libStemWin532_CM7_GCC.a(WM_GetDialogItem.o)
 .text.WM_GetDialogItem
                0x0000000008005cae        0x8 ../STemWinLib/Lib\libStemWin532_CM7_GCC.a(WM_GetDialogItem.o)
                0x0000000008005cae                WM_GetDialogItem
 *fill*         0x0000000008005cb6        0x2 
 .text.WM_GetDesktopWindow
                0x0000000008005cb8       0x18 ../STemWinLib/Lib\libStemWin532_CM7_GCC.a(WM_GetDesktopWindow.o)
                0x0000000008005cb8                WM_GetDesktopWindow
 .text.WM__GetClientRectEx
                0x0000000008005cd0       0x22 ../STemWinLib/Lib\libStemWin532_CM7_GCC.a(WM_GetClientRect.o)
                0x0000000008005cd0                WM__GetClientRectEx
 *fill*         0x0000000008005cf2        0x2 
 .text._OnExit  0x0000000008005cf4       0x50 ../STemWinLib/Lib\libStemWin532_CM7_GCC.a(WM.o)
 .text._Findy1  0x0000000008005d44       0xac ../STemWinLib/Lib\libStemWin532_CM7_GCC.a(WM.o)
 .text._Findx0  0x0000000008005df0       0x88 ../STemWinLib/Lib\libStemWin532_CM7_GCC.a(WM.o)
 .text._Findx1  0x0000000008005e78       0x76 ../STemWinLib/Lib\libStemWin532_CM7_GCC.a(WM.o)
 *fill*         0x0000000008005eee        0x2 
 .text.WM__ClipAtParentBorders
                0x0000000008005ef0       0x5c ../STemWinLib/Lib\libStemWin532_CM7_GCC.a(WM.o)
                0x0000000008005ef0                WM__ClipAtParentBorders
 .text.WM__InsertWindowIntoList
                0x0000000008005f4c       0xa4 ../STemWinLib/Lib\libStemWin532_CM7_GCC.a(WM.o)
                0x0000000008005f4c                WM__InsertWindowIntoList
 .text.WM__Client2Screen
                0x0000000008005ff0       0x10 ../STemWinLib/Lib\libStemWin532_CM7_GCC.a(WM.o)
                0x0000000008005ff0                WM__Client2Screen
 .text._SetClipRectUserIntersect
                0x0000000008006000       0x50 ../STemWinLib/Lib\libStemWin532_CM7_GCC.a(WM.o)
 .text.WM__ActivateClipRect
                0x0000000008006050       0x48 ../STemWinLib/Lib\libStemWin532_CM7_GCC.a(WM.o)
                0x0000000008006050                WM__ActivateClipRect
 .text.WM__InvalidateDrawAndDescs
                0x0000000008006098       0x50 ../STemWinLib/Lib\libStemWin532_CM7_GCC.a(WM.o)
                0x0000000008006098                WM__InvalidateDrawAndDescs
 .text.WM__RectIsNZ
                0x00000000080060e8       0x22 ../STemWinLib/Lib\libStemWin532_CM7_GCC.a(WM.o)
                0x00000000080060e8                WM__RectIsNZ
 *fill*         0x000000000800610a        0x2 
 .text._Invalidate1Abs
                0x000000000800610c       0x88 ../STemWinLib/Lib\libStemWin532_CM7_GCC.a(WM.o)
 .text.WM__Invalidate1Abs
                0x0000000008006194        0x6 ../STemWinLib/Lib\libStemWin532_CM7_GCC.a(WM.o)
                0x0000000008006194                WM__Invalidate1Abs
 .text.WM_InvalidateWindowAndDescsEx
                0x000000000800619a       0x64 ../STemWinLib/Lib\libStemWin532_CM7_GCC.a(WM.o)
                0x000000000800619a                WM_InvalidateWindowAndDescsEx
 .text.WM__InvalidateRect
                0x00000000080061fe       0x78 ../STemWinLib/Lib\libStemWin532_CM7_GCC.a(WM.o)
                0x00000000080061fe                WM__InvalidateRect
 .text.WM__InvalidateRectEx
                0x0000000008006276        0x6 ../STemWinLib/Lib\libStemWin532_CM7_GCC.a(WM.o)
                0x0000000008006276                WM__InvalidateRectEx
 .text.WM_SendMessage
                0x000000000800627c        0x8 ../STemWinLib/Lib\libStemWin532_CM7_GCC.a(WM.o)
                0x000000000800627c                WM_SendMessage
 .text.WM__SendMsgNoData
                0x0000000008006284       0x16 ../STemWinLib/Lib\libStemWin532_CM7_GCC.a(WM.o)
                0x0000000008006284                WM__SendMsgNoData
 .text.WM__GetClientRectWin
                0x000000000800629a       0x18 ../STemWinLib/Lib\libStemWin532_CM7_GCC.a(WM.o)
                0x000000000800629a                WM__GetClientRectWin
 .text.WM_InvalidateRect
                0x00000000080062b2       0x78 ../STemWinLib/Lib\libStemWin532_CM7_GCC.a(WM.o)
                0x00000000080062b2                WM_InvalidateRect
 .text.WM_InvalidateWindow
                0x000000000800632a        0x6 ../STemWinLib/Lib\libStemWin532_CM7_GCC.a(WM.o)
                0x000000000800632a                WM_InvalidateWindow
 .text.WM__GetTopLevelLayer
                0x0000000008006330       0x28 ../STemWinLib/Lib\libStemWin532_CM7_GCC.a(WM.o)
                0x0000000008006330                WM__GetTopLevelLayer
 .text.WM__SelectTopLevelLayer
                0x0000000008006358       0x14 ../STemWinLib/Lib\libStemWin532_CM7_GCC.a(WM.o)
                0x0000000008006358                WM__SelectTopLevelLayer
 .text.WM_SelectWindow
                0x000000000800636c       0x40 ../STemWinLib/Lib\libStemWin532_CM7_GCC.a(WM.o)
                0x000000000800636c                WM_SelectWindow
 .text.WM_CreateWindowAsChild
                0x00000000080063ac      0x154 ../STemWinLib/Lib\libStemWin532_CM7_GCC.a(WM.o)
                0x00000000080063ac                WM_CreateWindowAsChild
 .text.WM__GetNextIVR
                0x0000000008006500      0x184 ../STemWinLib/Lib\libStemWin532_CM7_GCC.a(WM.o)
                0x0000000008006500                WM__GetNextIVR
 .text.WM__InitIVRSearch
                0x0000000008006684       0xfc ../STemWinLib/Lib\libStemWin532_CM7_GCC.a(WM.o)
                0x0000000008006684                WM__InitIVRSearch
 .text.WM_Activate
                0x0000000008006780       0x10 ../STemWinLib/Lib\libStemWin532_CM7_GCC.a(WM.o)
                0x0000000008006780                WM_Activate
 .text.WM_Deactivate
                0x0000000008006790       0x14 ../STemWinLib/Lib\libStemWin532_CM7_GCC.a(WM.o)
                0x0000000008006790                WM_Deactivate
 .text.WM_DefaultProc
                0x00000000080067a4       0x48 ../STemWinLib/Lib\libStemWin532_CM7_GCC.a(WM.o)
                0x00000000080067a4                WM_DefaultProc
 .text._cbBackWin
                0x00000000080067ec       0x68 ../STemWinLib/Lib\libStemWin532_CM7_GCC.a(WM.o)
 .text.WM_Init  0x0000000008006854       0xf4 ../STemWinLib/Lib\libStemWin532_CM7_GCC.a(WM.o)
                0x0000000008006854                WM_Init
 .text.GUI_MEMDEV_GetDataPtr
                0x0000000008006948       0x1e ../STemWinLib/Lib\libStemWin532_CM7_GCC.a(GUIDEV_GetDataPtr.o)
                0x0000000008006948                GUI_MEMDEV_GetDataPtr
 *fill*         0x0000000008006966        0x2 
 .text.GUI_MEMDEV__CreateFixed
                0x0000000008006968      0x104 ../STemWinLib/Lib\libStemWin532_CM7_GCC.a(GUIDEV.o)
                0x0000000008006968                GUI_MEMDEV__CreateFixed
 .text.GUI_MEMDEV_GetBitsPerPixel
                0x0000000008006a6c       0x2a ../STemWinLib/Lib\libStemWin532_CM7_GCC.a(GUIDEV.o)
                0x0000000008006a6c                GUI_MEMDEV_GetBitsPerPixel
 *fill*         0x0000000008006a96        0x2 
 .text.GUI_MEMDEV_Delete
                0x0000000008006a98       0x44 ../STemWinLib/Lib\libStemWin532_CM7_GCC.a(GUIDEV.o)
                0x0000000008006a98                GUI_MEMDEV_Delete
 .text.GUI_MEMDEV_CreateEx
                0x0000000008006adc       0x78 ../STemWinLib/Lib\libStemWin532_CM7_GCC.a(GUIDEV.o)
                0x0000000008006adc                GUI_MEMDEV_CreateEx
 .text.GUI_MEMDEV_Create
                0x0000000008006b54        0xe ../STemWinLib/Lib\libStemWin532_CM7_GCC.a(GUIDEV.o)
                0x0000000008006b54                GUI_MEMDEV_Create
 *fill*         0x0000000008006b62        0x2 
 .text.GUI_MEMDEV_Select
                0x0000000008006b64       0x4c ../STemWinLib/Lib\libStemWin532_CM7_GCC.a(GUIDEV.o)
                0x0000000008006b64                GUI_MEMDEV_Select
 .text.GUI_MEMDEV_CopyToLCDAt
                0x0000000008006bb0       0xa4 ../STemWinLib/Lib\libStemWin532_CM7_GCC.a(GUIDEV.o)
                0x0000000008006bb0                GUI_MEMDEV_CopyToLCDAt
 .text.GUI_MEMDEV_CopyToLCD
                0x0000000008006c54        0xc ../STemWinLib/Lib\libStemWin532_CM7_GCC.a(GUIDEV.o)
                0x0000000008006c54                GUI_MEMDEV_CopyToLCD
 .text._SetPhysRAMAddr
                0x0000000008006c60       0xc0 ../STemWinLib/Lib\libStemWin532_CM7_GCC.a(GUIDRV_FlexColor_Func66720.o)
 .text._SetRect
                0x0000000008006d20      0x176 ../STemWinLib/Lib\libStemWin532_CM7_GCC.a(GUIDRV_FlexColor_Func66720.o)
 *fill*         0x0000000008006e96        0x2 
 .text._SetOrientation
                0x0000000008006e98       0x3c ../STemWinLib/Lib\libStemWin532_CM7_GCC.a(GUIDRV_FlexColor_Func66720.o)
 .text._ReadPixel_16bpp_B8
                0x0000000008006ed4       0x38 ../STemWinLib/Lib\libStemWin532_CM7_GCC.a(GUIDRV_FlexColor_Func66720.o)
 .text._ReadPixel_16bpp_B16_I
                0x0000000008006f0c       0x3e ../STemWinLib/Lib\libStemWin532_CM7_GCC.a(GUIDRV_FlexColor_Func66720.o)
 .text._SetReg_B8
                0x0000000008006f4a       0x18 ../STemWinLib/Lib\libStemWin532_CM7_GCC.a(GUIDRV_FlexColor_Func66720.o)
 .text._SetReg_B16
                0x0000000008006f62        0xc ../STemWinLib/Lib\libStemWin532_CM7_GCC.a(GUIDRV_FlexColor_Func66720.o)
 .text._WritePara_B8
                0x0000000008006f6e        0xc ../STemWinLib/Lib\libStemWin532_CM7_GCC.a(GUIDRV_FlexColor_Func66720.o)
 .text._WritePara_B16
                0x0000000008006f7a        0xc ../STemWinLib/Lib\libStemWin532_CM7_GCC.a(GUIDRV_FlexColor_Func66720.o)
 *fill*         0x0000000008006f86        0x2 
 .text._SetInterface
                0x0000000008006f88       0x34 ../STemWinLib/Lib\libStemWin532_CM7_GCC.a(GUIDRV_FlexColor_Func66720.o)
 .text._ReadRect_16bpp_B8
                0x0000000008006fbc       0x60 ../STemWinLib/Lib\libStemWin532_CM7_GCC.a(GUIDRV_FlexColor_Func66720.o)
 .text._ReadRect_16bpp_B16_I
                0x000000000800701c       0x62 ../STemWinLib/Lib\libStemWin532_CM7_GCC.a(GUIDRV_FlexColor_Func66720.o)
 *fill*         0x000000000800707e        0x2 
 .text.GUIDRV_FlexColor_SetFunc66720
                0x0000000008007080       0x74 ../STemWinLib/Lib\libStemWin532_CM7_GCC.a(GUIDRV_FlexColor_Func66720.o)
                0x0000000008007080                GUIDRV_FlexColor_SetFunc66720
 .text._ReadData
                0x00000000080070f4        0xa ../STemWinLib/Lib\libStemWin532_CM7_GCC.a(GUIDRV_FlexColor_16bpp_C0B16.o)
 .text._WriteData
                0x00000000080070fe        0xc ../STemWinLib/Lib\libStemWin532_CM7_GCC.a(GUIDRV_FlexColor_16bpp_C0B16.o)
 *fill*         0x000000000800710a        0x2 
 .text._FillRect
                0x000000000800710c      0x100 ../STemWinLib/Lib\libStemWin532_CM7_GCC.a(GUIDRV_FlexColor_16bpp_C0B16.o)
 .text._DrawBitmap
                0x000000000800720c      0x510 ../STemWinLib/Lib\libStemWin532_CM7_GCC.a(GUIDRV_FlexColor_16bpp_C0B16.o)
 .text.GUIDRV_FlexColor_SetMode16bppC0B16
                0x000000000800771c       0x68 ../STemWinLib/Lib\libStemWin532_CM7_GCC.a(GUIDRV_FlexColor_16bpp_C0B16.o)
                0x000000000800771c                GUIDRV_FlexColor_SetMode16bppC0B16
 .text._Log2PhysX_X0Y0S0
                0x0000000008007784        0x4 ../STemWinLib/Lib\libStemWin532_CM7_GCC.a(GUIDRV_FlexColor.o)
 .text._Log2PhysX_X1Y0S0
                0x0000000008007788        0x8 ../STemWinLib/Lib\libStemWin532_CM7_GCC.a(GUIDRV_FlexColor.o)
 .text._Log2PhysX_X0Y1S0
                0x0000000008007790        0x4 ../STemWinLib/Lib\libStemWin532_CM7_GCC.a(GUIDRV_FlexColor.o)
 .text._Log2PhysX_X1Y1S0
                0x0000000008007794        0x8 ../STemWinLib/Lib\libStemWin532_CM7_GCC.a(GUIDRV_FlexColor.o)
 .text._Log2PhysX_X0Y0S1
                0x000000000800779c        0x4 ../STemWinLib/Lib\libStemWin532_CM7_GCC.a(GUIDRV_FlexColor.o)
 .text._Log2PhysX_X1Y0S1
                0x00000000080077a0        0x8 ../STemWinLib/Lib\libStemWin532_CM7_GCC.a(GUIDRV_FlexColor.o)
 .text._Log2PhysX_X0Y1S1
                0x00000000080077a8        0x4 ../STemWinLib/Lib\libStemWin532_CM7_GCC.a(GUIDRV_FlexColor.o)
 .text._Log2PhysX_X1Y1S1
                0x00000000080077ac        0x8 ../STemWinLib/Lib\libStemWin532_CM7_GCC.a(GUIDRV_FlexColor.o)
 .text._Log2PhysY_X0Y0S0
                0x00000000080077b4        0x4 ../STemWinLib/Lib\libStemWin532_CM7_GCC.a(GUIDRV_FlexColor.o)
 .text._Log2PhysY_X1Y0S0
                0x00000000080077b8        0x4 ../STemWinLib/Lib\libStemWin532_CM7_GCC.a(GUIDRV_FlexColor.o)
 .text._Log2PhysY_X0Y1S0
                0x00000000080077bc        0x8 ../STemWinLib/Lib\libStemWin532_CM7_GCC.a(GUIDRV_FlexColor.o)
 .text._Log2PhysY_X1Y1S0
                0x00000000080077c4        0x8 ../STemWinLib/Lib\libStemWin532_CM7_GCC.a(GUIDRV_FlexColor.o)
 .text._Log2PhysY_X0Y0S1
                0x00000000080077cc        0x4 ../STemWinLib/Lib\libStemWin532_CM7_GCC.a(GUIDRV_FlexColor.o)
 .text._Log2PhysY_X1Y0S1
                0x00000000080077d0        0x4 ../STemWinLib/Lib\libStemWin532_CM7_GCC.a(GUIDRV_FlexColor.o)
 .text._Log2PhysY_X0Y1S1
                0x00000000080077d4        0x8 ../STemWinLib/Lib\libStemWin532_CM7_GCC.a(GUIDRV_FlexColor.o)
 .text._Log2PhysY_X1Y1S1
                0x00000000080077dc        0x8 ../STemWinLib/Lib\libStemWin532_CM7_GCC.a(GUIDRV_FlexColor.o)
 .text._SetPixelIndex
                0x00000000080077e4        0xc ../STemWinLib/Lib\libStemWin532_CM7_GCC.a(GUIDRV_FlexColor.o)
 .text._GetPixelIndex
                0x00000000080077f0        0xc ../STemWinLib/Lib\libStemWin532_CM7_GCC.a(GUIDRV_FlexColor.o)
 .text._XorPixel
                0x00000000080077fc       0x28 ../STemWinLib/Lib\libStemWin532_CM7_GCC.a(GUIDRV_FlexColor.o)
 .text._DrawHLine
                0x0000000008007824       0x10 ../STemWinLib/Lib\libStemWin532_CM7_GCC.a(GUIDRV_FlexColor.o)
 .text._DrawVLine
                0x0000000008007834       0x12 ../STemWinLib/Lib\libStemWin532_CM7_GCC.a(GUIDRV_FlexColor.o)
 .text._FillRect
                0x0000000008007846       0x12 ../STemWinLib/Lib\libStemWin532_CM7_GCC.a(GUIDRV_FlexColor.o)
 .text._DrawBitmap
                0x0000000008007858       0x28 ../STemWinLib/Lib\libStemWin532_CM7_GCC.a(GUIDRV_FlexColor.o)
 .text._GetDevFunc_SetRect
                0x0000000008007880        0x2 ../STemWinLib/Lib\libStemWin532_CM7_GCC.a(GUIDRV_FlexColor.o)
 *fill*         0x0000000008007882        0x2 
 .text._GetDevFunc_SetRectOutside
                0x0000000008007884       0x40 ../STemWinLib/Lib\libStemWin532_CM7_GCC.a(GUIDRV_FlexColor.o)
 .text._ReadPixelCust_16bpp
                0x00000000080078c4        0xe ../STemWinLib/Lib\libStemWin532_CM7_GCC.a(GUIDRV_FlexColor.o)
 .text._ReadPixelCust_18bpp
                0x00000000080078d2        0xe ../STemWinLib/Lib\libStemWin532_CM7_GCC.a(GUIDRV_FlexColor.o)
 .text._ReadRectCust_16bpp
                0x00000000080078e0       0x36 ../STemWinLib/Lib\libStemWin532_CM7_GCC.a(GUIDRV_FlexColor.o)
 .text._ReadRectCust_18bpp
                0x0000000008007916       0x36 ../STemWinLib/Lib\libStemWin532_CM7_GCC.a(GUIDRV_FlexColor.o)
 .text._GetDevFunc
                0x000000000800794c       0x6c ../STemWinLib/Lib\libStemWin532_CM7_GCC.a(GUIDRV_FlexColor.o)
 .text._GetDevProp
                0x00000000080079b8       0x5a ../STemWinLib/Lib\libStemWin532_CM7_GCC.a(GUIDRV_FlexColor.o)
 .text._GetDevData
                0x0000000008007a12        0xc ../STemWinLib/Lib\libStemWin532_CM7_GCC.a(GUIDRV_FlexColor.o)
 .text._GetRect
                0x0000000008007a1e       0x16 ../STemWinLib/Lib\libStemWin532_CM7_GCC.a(GUIDRV_FlexColor.o)
 .text.GUIDRV_FlexColor__SetLog2Phys
                0x0000000008007a34       0x48 ../STemWinLib/Lib\libStemWin532_CM7_GCC.a(GUIDRV_FlexColor.o)
                0x0000000008007a34                GUIDRV_FlexColor__SetLog2Phys
 .text._SetOrg  0x0000000008007a7c       0x16 ../STemWinLib/Lib\libStemWin532_CM7_GCC.a(GUIDRV_FlexColor.o)
 .text.GUIDRV_FlexColor__SetPixelIndexNoCache
                0x0000000008007a92       0x90 ../STemWinLib/Lib\libStemWin532_CM7_GCC.a(GUIDRV_FlexColor.o)
                0x0000000008007a92                GUIDRV_FlexColor__SetPixelIndexNoCache
 .text.GUIDRV_FlexColor__GetPixelIndexNoCache
                0x0000000008007b22       0xb2 ../STemWinLib/Lib\libStemWin532_CM7_GCC.a(GUIDRV_FlexColor.o)
                0x0000000008007b22                GUIDRV_FlexColor__GetPixelIndexNoCache
 .text.GUIDRV_FlexColor__InitOnce
                0x0000000008007bd4       0x34 ../STemWinLib/Lib\libStemWin532_CM7_GCC.a(GUIDRV_FlexColor.o)
                0x0000000008007bd4                GUIDRV_FlexColor__InitOnce
 .text._SetDevFunc
                0x0000000008007c08       0x9c ../STemWinLib/Lib\libStemWin532_CM7_GCC.a(GUIDRV_FlexColor.o)
 .text._GetDevFunc_Init
                0x0000000008007ca4       0x4a ../STemWinLib/Lib\libStemWin532_CM7_GCC.a(GUIDRV_FlexColor.o)
 .text._GetDevFunc_SetSize
                0x0000000008007cee       0x14 ../STemWinLib/Lib\libStemWin532_CM7_GCC.a(GUIDRV_FlexColor.o)
 .text._GetDevFunc_SetVSize
                0x0000000008007d02       0x14 ../STemWinLib/Lib\libStemWin532_CM7_GCC.a(GUIDRV_FlexColor.o)
 .text.GUIDRV_FlexColor_Config
                0x0000000008007d16       0x3c ../STemWinLib/Lib\libStemWin532_CM7_GCC.a(GUIDRV_FlexColor.o)
                0x0000000008007d16                GUIDRV_FlexColor_Config
 .text.GUIDRV_FlexColor_SetFunc
                0x0000000008007d52       0x32 ../STemWinLib/Lib\libStemWin532_CM7_GCC.a(GUIDRV_FlexColor.o)
                0x0000000008007d52                GUIDRV_FlexColor_SetFunc
 .text.LCD_UpdateColorIndices
                0x0000000008007d84       0x24 ../STemWinLib/Lib\libStemWin532_CM7_GCC.a(LCD_UpdateColorIndices.o)
                0x0000000008007d84                LCD_UpdateColorIndices
 .text.LCD_SetClipRectEx
                0x0000000008007da8       0x30 ../STemWinLib/Lib\libStemWin532_CM7_GCC.a(LCD_SetClipRectEx.o)
                0x0000000008007da8                LCD_SetClipRectEx
 .text.LCD_SetVSizeEx
                0x0000000008007dd8       0x30 ../STemWinLib/Lib\libStemWin532_CM7_GCC.a(LCD_Set.o)
                0x0000000008007dd8                LCD_SetVSizeEx
 .text.LCD_SetSizeEx
                0x0000000008007e08       0x30 ../STemWinLib/Lib\libStemWin532_CM7_GCC.a(LCD_Set.o)
                0x0000000008007e08                LCD_SetSizeEx
 .text.LCD_SetLUTEntryEx
                0x0000000008007e38       0x30 ../STemWinLib/Lib\libStemWin532_CM7_GCC.a(LCD_Set.o)
                0x0000000008007e38                LCD_SetLUTEntryEx
 .text._GetDevProp
                0x0000000008007e68       0x1e ../STemWinLib/Lib\libStemWin532_CM7_GCC.a(LCD_GetEx.o)
 .text._GetMaxValue
                0x0000000008007e86       0x22 ../STemWinLib/Lib\libStemWin532_CM7_GCC.a(LCD_GetEx.o)
 .text.LCD_GetXSizeEx
                0x0000000008007ea8        0x6 ../STemWinLib/Lib\libStemWin532_CM7_GCC.a(LCD_GetEx.o)
                0x0000000008007ea8                LCD_GetXSizeEx
 .text.LCD_GetYSizeEx
                0x0000000008007eae        0x6 ../STemWinLib/Lib\libStemWin532_CM7_GCC.a(LCD_GetEx.o)
                0x0000000008007eae                LCD_GetYSizeEx
 .text.LCD_GetBitsPerPixelEx
                0x0000000008007eb4        0x6 ../STemWinLib/Lib\libStemWin532_CM7_GCC.a(LCD_GetEx.o)
                0x0000000008007eb4                LCD_GetBitsPerPixelEx
 .text.LCD_GetNumColorsEx
                0x0000000008007eba        0x6 ../STemWinLib/Lib\libStemWin532_CM7_GCC.a(LCD_GetEx.o)
                0x0000000008007eba                LCD_GetNumColorsEx
 .text.LCD_GetNumColors
                0x0000000008007ec0       0x10 ../STemWinLib/Lib\libStemWin532_CM7_GCC.a(LCD_GetEx.o)
                0x0000000008007ec0                LCD_GetNumColors
 .text.GUI_GetBitsPerPixelEx
                0x0000000008007ed0       0x18 ../STemWinLib/Lib\libStemWin532_CM7_GCC.a(LCD_GetEx.o)
                0x0000000008007ed0                GUI_GetBitsPerPixelEx
 .text.LCD_GetPaletteEx
                0x0000000008007ee8       0x14 ../STemWinLib/Lib\libStemWin532_CM7_GCC.a(LCD_GetEx.o)
                0x0000000008007ee8                LCD_GetPaletteEx
 .text.LCD_GetPalette
                0x0000000008007efc       0x10 ../STemWinLib/Lib\libStemWin532_CM7_GCC.a(LCD_GetEx.o)
                0x0000000008007efc                LCD_GetPalette
 .text.GUI_GetpfIndex2ColorEx
                0x0000000008007f0c       0x10 ../STemWinLib/Lib\libStemWin532_CM7_GCC.a(LCD_GetEx.o)
                0x0000000008007f0c                GUI_GetpfIndex2ColorEx
 .text.GUI_GetpfColor2IndexEx
                0x0000000008007f1c       0x10 ../STemWinLib/Lib\libStemWin532_CM7_GCC.a(LCD_GetEx.o)
                0x0000000008007f1c                GUI_GetpfColor2IndexEx
 .text.LCD_GetXSizeMax
                0x0000000008007f2c        0x6 ../STemWinLib/Lib\libStemWin532_CM7_GCC.a(LCD_GetEx.o)
                0x0000000008007f2c                LCD_GetXSizeMax
 .text.LCD_GetYSizeMax
                0x0000000008007f32        0x6 ../STemWinLib/Lib\libStemWin532_CM7_GCC.a(LCD_GetEx.o)
                0x0000000008007f32                LCD_GetYSizeMax
 .text.LCD_SetDisplaySize
                0x0000000008007f38       0x14 ../STemWinLib/Lib\libStemWin532_CM7_GCC.a(LCD_GetEx.o)
                0x0000000008007f38                LCD_SetDisplaySize
 .text.LCD_GetXSizeDisplay
                0x0000000008007f4c        0xc ../STemWinLib/Lib\libStemWin532_CM7_GCC.a(LCD_GetEx.o)
                0x0000000008007f4c                LCD_GetXSizeDisplay
 .text.LCD_GetYSizeDisplay
                0x0000000008007f58        0xc ../STemWinLib/Lib\libStemWin532_CM7_GCC.a(LCD_GetEx.o)
                0x0000000008007f58                LCD_GetYSizeDisplay
 .text.LCD__GetBPP
                0x0000000008007f64       0x7e ../STemWinLib/Lib\libStemWin532_CM7_GCC.a(LCD_GetEx.o)
                0x0000000008007f64                LCD__GetBPP
 .text.LCD__GetBPPDevice
                0x0000000008007fe2       0x2c ../STemWinLib/Lib\libStemWin532_CM7_GCC.a(LCD_GetEx.o)
                0x0000000008007fe2                LCD__GetBPPDevice
 *fill*         0x000000000800800e        0x2 
 .text._SetDrawMode
                0x0000000008008010       0x28 ../STemWinLib/Lib\libStemWin532_CM7_GCC.a(LCD.o)
 .text.LCD_SetDrawMode
                0x0000000008008038       0x10 ../STemWinLib/Lib\libStemWin532_CM7_GCC.a(LCD.o)
                0x0000000008008038                LCD_SetDrawMode
 .text.LCD_DrawPixel
                0x0000000008008048       0x5c ../STemWinLib/Lib\libStemWin532_CM7_GCC.a(LCD.o)
                0x0000000008008048                LCD_DrawPixel
 .text.LCD_DrawHLine
                0x00000000080080a4       0x4c ../STemWinLib/Lib\libStemWin532_CM7_GCC.a(LCD.o)
                0x00000000080080a4                LCD_DrawHLine
 .text.LCD_DrawVLine
                0x00000000080080f0       0x4c ../STemWinLib/Lib\libStemWin532_CM7_GCC.a(LCD.o)
                0x00000000080080f0                LCD_DrawVLine
 .text.LCD_FillRect
                0x000000000800813c       0x58 ../STemWinLib/Lib\libStemWin532_CM7_GCC.a(LCD.o)
                0x000000000800813c                LCD_FillRect
 .text.LCD__DrawBitmap_1bpp
                0x0000000008008194      0x1b8 ../STemWinLib/Lib\libStemWin532_CM7_GCC.a(LCD.o)
                0x0000000008008194                LCD__DrawBitmap_1bpp
 .text.LCD_DrawBitmap
                0x000000000800834c      0x218 ../STemWinLib/Lib\libStemWin532_CM7_GCC.a(LCD.o)
                0x000000000800834c                LCD_DrawBitmap
 .text.LCD_SetClipRectMax
                0x0000000008008564       0x20 ../STemWinLib/Lib\libStemWin532_CM7_GCC.a(LCD.o)
                0x0000000008008564                LCD_SetClipRectMax
 .text.emWin_LCD_Init
                0x0000000008008584       0x92 ../STemWinLib/Lib\libStemWin532_CM7_GCC.a(LCD.o)
                0x0000000008008584                emWin_LCD_Init
 *fill*         0x0000000008008616        0x2 
 .text.LCD_Color2Index
                0x0000000008008618       0x20 ../STemWinLib/Lib\libStemWin532_CM7_GCC.a(LCD.o)
                0x0000000008008618                LCD_Color2Index
 .text.LCD_Index2Color
                0x0000000008008638       0x20 ../STemWinLib/Lib\libStemWin532_CM7_GCC.a(LCD.o)
                0x0000000008008638                LCD_Index2Color
 .text.LCD_SetColorIndex
                0x0000000008008658       0x18 ../STemWinLib/Lib\libStemWin532_CM7_GCC.a(LCD.o)
                0x0000000008008658                LCD_SetColorIndex
 .text._SetColor
                0x0000000008008670       0x20 ../STemWinLib/Lib\libStemWin532_CM7_GCC.a(LCD.o)
 .text.LCD_SetBkColorIndex
                0x0000000008008690       0x18 ../STemWinLib/Lib\libStemWin532_CM7_GCC.a(LCD.o)
                0x0000000008008690                LCD_SetBkColorIndex
 .text._SetBkColor
                0x00000000080086a8       0x20 ../STemWinLib/Lib\libStemWin532_CM7_GCC.a(LCD.o)
 .text.LCD_SetBkColor
                0x00000000080086c8       0x10 ../STemWinLib/Lib\libStemWin532_CM7_GCC.a(LCD.o)
                0x00000000080086c8                LCD_SetBkColor
 .text.LCD_SetColor
                0x00000000080086d8       0x10 ../STemWinLib/Lib\libStemWin532_CM7_GCC.a(LCD.o)
                0x00000000080086d8                LCD_SetColor
 .text.GUI__memset16
                0x00000000080086e8       0x5c ../STemWinLib/Lib\libStemWin532_CM7_GCC.a(GUI__memset16.o)
                0x00000000080086e8                GUI__memset16
 .text.GUI__memset
                0x0000000008008744       0x54 ../STemWinLib/Lib\libStemWin532_CM7_GCC.a(GUI__memset.o)
                0x0000000008008744                GUI__memset
 .text.GUI__ManageCacheEx
                0x0000000008008798       0xe8 ../STemWinLib/Lib\libStemWin532_CM7_GCC.a(GUI__ManageCache.o)
                0x0000000008008798                GUI__ManageCacheEx
 .text.GUI__ManageCache
                0x0000000008008880       0x10 ../STemWinLib/Lib\libStemWin532_CM7_GCC.a(GUI__ManageCache.o)
                0x0000000008008880                GUI__ManageCache
 .text.GUI__IntersectRects
                0x0000000008008890       0x64 ../STemWinLib/Lib\libStemWin532_CM7_GCC.a(GUI__IntersectRects.o)
                0x0000000008008890                GUI__IntersectRects
 .text.GUI__IntersectRect
                0x00000000080088f4       0x3c ../STemWinLib/Lib\libStemWin532_CM7_GCC.a(GUI__IntersectRect.o)
                0x00000000080088f4                GUI__IntersectRect
 .text.GUI__GetNumChars
                0x0000000008008930       0x1c ../STemWinLib/Lib\libStemWin532_CM7_GCC.a(GUI__GetNumChars.o)
                0x0000000008008930                GUI__GetNumChars
 .text.GUI_SignalEvent
                0x000000000800894c       0x10 ../STemWinLib/Lib\libStemWin532_CM7_GCC.a(GUI_WaitEvent.o)
                0x000000000800894c                GUI_SignalEvent
 .text.GUI_UC__GetCharCodeInc
                0x000000000800895c       0x28 ../STemWinLib/Lib\libStemWin532_CM7_GCC.a(GUI_UC.o)
                0x000000000800895c                GUI_UC__GetCharCodeInc
 .text.GUI_UC__NumChars2NumBytes
                0x0000000008008984       0x24 ../STemWinLib/Lib\libStemWin532_CM7_GCC.a(GUI_UC.o)
                0x0000000008008984                GUI_UC__NumChars2NumBytes
 .text.GUI_TOUCH_Calibrate
                0x00000000080089a8       0xbc ../STemWinLib/Lib\libStemWin532_CM7_GCC.a(GUI_TOUCH_DriverAnalog.o)
                0x00000000080089a8                GUI_TOUCH_Calibrate
 .text.GUI_TOUCH_CalcCoefficients
                0x0000000008008a64      0x498 ../STemWinLib/Lib\libStemWin532_CM7_GCC.a(GUI_TOUCH_Calibrate.o)
                0x0000000008008a64                GUI_TOUCH_CalcCoefficients
 .text.GUI_SetTextMode
                0x0000000008008efc       0x14 ../STemWinLib/Lib\libStemWin532_CM7_GCC.a(GUI_SetTextMode.o)
                0x0000000008008efc                GUI_SetTextMode
 .text.GUI_SetFont
                0x0000000008008f10       0x14 ../STemWinLib/Lib\libStemWin532_CM7_GCC.a(GUI_SetFont.o)
                0x0000000008008f10                GUI_SetFont
 .text.GUI_SetDrawMode
                0x0000000008008f24        0x4 ../STemWinLib/Lib\libStemWin532_CM7_GCC.a(GUI_SetDrawMode.o)
                0x0000000008008f24                GUI_SetDrawMode
 .text.GUI_SetBkColor
                0x0000000008008f28        0x4 ../STemWinLib/Lib\libStemWin532_CM7_GCC.a(GUI_SetColor.o)
                0x0000000008008f28                GUI_SetBkColor
 .text.GUI_SetColor
                0x0000000008008f2c        0x4 ../STemWinLib/Lib\libStemWin532_CM7_GCC.a(GUI_SetColor.o)
                0x0000000008008f2c                GUI_SetColor
 .text.GUI_SelectLayer
                0x0000000008008f30       0x2c ../STemWinLib/Lib\libStemWin532_CM7_GCC.a(GUI_SelectLayer.o)
                0x0000000008008f30                GUI_SelectLayer
 .text.GUI_SelectLCD
                0x0000000008008f5c       0x12 ../STemWinLib/Lib\libStemWin532_CM7_GCC.a(GUI_SelectLCD.o)
                0x0000000008008f5c                GUI_SelectLCD
 .text.GUI_RectsIntersect
                0x0000000008008f6e       0x3a ../STemWinLib/Lib\libStemWin532_CM7_GCC.a(GUI_RectsIntersect.o)
                0x0000000008008f6e                GUI_RectsIntersect
 .text.GUI_ALLOC_Realloc
                0x0000000008008fa8       0x56 ../STemWinLib/Lib\libStemWin532_CM7_GCC.a(GUI_Realloc.o)
                0x0000000008008fa8                GUI_ALLOC_Realloc
 *fill*         0x0000000008008ffe        0x2 
 .text.GUI_SetPenSize
                0x0000000008009000       0x10 ../STemWinLib/Lib\libStemWin532_CM7_GCC.a(GUI_Pen.o)
                0x0000000008009000                GUI_SetPenSize
 .text.GUI_StoreKey
                0x0000000008009010       0x10 ../STemWinLib/Lib\libStemWin532_CM7_GCC.a(GUI_OnKey.o)
                0x0000000008009010                GUI_StoreKey
 .text.GUI_MoveRect
                0x0000000008009020       0x20 ../STemWinLib/Lib\libStemWin532_CM7_GCC.a(GUI_MoveRect.o)
                0x0000000008009020                GUI_MoveRect
 .text.GUI_MergeRect
                0x0000000008009040       0x56 ../STemWinLib/Lib\libStemWin532_CM7_GCC.a(GUI_MergeRect.o)
                0x0000000008009040                GUI_MergeRect
 *fill*         0x0000000008009096        0x2 
 .text.GUI_GotoXY
                0x0000000008009098       0x10 ../STemWinLib/Lib\libStemWin532_CM7_GCC.a(GUI_Goto.o)
                0x0000000008009098                GUI_GotoXY
 .text.GL_DrawPoint
                0x00000000080090a8       0x28 ../STemWinLib/Lib\libStemWin532_CM7_GCC.a(GUI_DrawPoint.o)
                0x00000000080090a8                GL_DrawPoint
 .text.GUI_DrawPoint
                0x00000000080090d0       0x2c ../STemWinLib/Lib\libStemWin532_CM7_GCC.a(GUI_DrawPoint.o)
                0x00000000080090d0                GUI_DrawPoint
 .text._SetLineColor
                0x00000000080090fc       0x88 ../STemWinLib/Lib\libStemWin532_CM7_GCC.a(GUI_DrawLine.o)
 .text.GUI_sin  0x0000000008009184       0x58 ../STemWinLib/Lib\libStemWin532_CM7_GCC.a(GUI_DrawLine.o)
                0x0000000008009184                GUI_sin
 .text.GUI_cos  0x00000000080091dc        0x8 ../STemWinLib/Lib\libStemWin532_CM7_GCC.a(GUI_DrawLine.o)
                0x00000000080091dc                GUI_cos
 .text.GL_DrawLine1Ex
                0x00000000080091e4      0x1c4 ../STemWinLib/Lib\libStemWin532_CM7_GCC.a(GUI_DrawLine.o)
                0x00000000080091e4                GL_DrawLine1Ex
 .text.GL_DrawLineEx
                0x00000000080093a8      0x1ac ../STemWinLib/Lib\libStemWin532_CM7_GCC.a(GUI_DrawLine.o)
                0x00000000080093a8                GL_DrawLineEx
 .text.GL_DrawLine
                0x0000000008009554       0x16 ../STemWinLib/Lib\libStemWin532_CM7_GCC.a(GUI_DrawLine.o)
                0x0000000008009554                GL_DrawLine
 *fill*         0x000000000800956a        0x2 
 .text.GUI_DrawLine
                0x000000000800956c       0x3c ../STemWinLib/Lib\libStemWin532_CM7_GCC.a(GUI_DrawLine.o)
                0x000000000800956c                GUI_DrawLine
 .text.GUI_DispStringHCenterAt
                0x00000000080095a8       0x34 ../STemWinLib/Lib\libStemWin532_CM7_GCC.a(GUI_DispStringHCenter.o)
                0x00000000080095a8                GUI_DispStringHCenterAt
 .text.GUI_DispStringAt
                0x00000000080095dc       0x10 ../STemWinLib/Lib\libStemWin532_CM7_GCC.a(GUI_DispStringAt.o)
                0x00000000080095dc                GUI_DispStringAt
 .text.GUI_DispString
                0x00000000080095ec      0x108 ../STemWinLib/Lib\libStemWin532_CM7_GCC.a(GUI_DispString.o)
                0x00000000080095ec                GUI_DispString
 .text.GUI_DEVICE__GetpDriver
                0x00000000080096f4       0x20 ../STemWinLib/Lib\libStemWin532_CM7_GCC.a(GUI_Device.o)
                0x00000000080096f4                GUI_DEVICE__GetpDriver
 .text.GUI_DEVICE_Delete
                0x0000000008009714        0x4 ../STemWinLib/Lib\libStemWin532_CM7_GCC.a(GUI_Device.o)
                0x0000000008009714                GUI_DEVICE_Delete
 .text.GUI_DEVICE_Create
                0x0000000008009718       0x4c ../STemWinLib/Lib\libStemWin532_CM7_GCC.a(GUI_Device.o)
                0x0000000008009718                GUI_DEVICE_Create
 .text.GUI_DEVICE_Unlink
                0x0000000008009764       0x2c ../STemWinLib/Lib\libStemWin532_CM7_GCC.a(GUI_Device.o)
                0x0000000008009764                GUI_DEVICE_Unlink
 .text.GUI_DEVICE_Link
                0x0000000008009790       0x74 ../STemWinLib/Lib\libStemWin532_CM7_GCC.a(GUI_Device.o)
                0x0000000008009790                GUI_DEVICE_Link
 .text.GUI_DEVICE_CreateAndLink
                0x0000000008009804       0x28 ../STemWinLib/Lib\libStemWin532_CM7_GCC.a(GUI_Device.o)
                0x0000000008009804                GUI_DEVICE_CreateAndLink
 .text._OnExit  0x000000000800982c       0x2c ../STemWinLib/Lib\libStemWin532_CM7_GCC.a(GUI_Core.o)
 .text._InitContext
                0x0000000008009858       0x80 ../STemWinLib/Lib\libStemWin532_CM7_GCC.a(GUI_Core.o)
 .text.GUI_SetDefaultFont
                0x00000000080098d8        0xc ../STemWinLib/Lib\libStemWin532_CM7_GCC.a(GUI_Core.o)
                0x00000000080098d8                GUI_SetDefaultFont
 .text.GUI_ClearRect
                0x00000000080098e4       0x64 ../STemWinLib/Lib\libStemWin532_CM7_GCC.a(GUI_Core.o)
                0x00000000080098e4                GUI_ClearRect
 .text.GUI_Clear
                0x0000000008009948       0x20 ../STemWinLib/Lib\libStemWin532_CM7_GCC.a(GUI_Core.o)
                0x0000000008009948                GUI_Clear
 .text.GUI__RegisterExit
                0x0000000008009968       0x24 ../STemWinLib/Lib\libStemWin532_CM7_GCC.a(GUI_Core.o)
                0x0000000008009968                GUI__RegisterExit
 .text.GUI__Config
                0x000000000800998c       0x30 ../STemWinLib/Lib\libStemWin532_CM7_GCC.a(GUI_Core.o)
                0x000000000800998c                GUI__Config
 .text.GUI_Init
                0x00000000080099bc       0xa8 ../STemWinLib/Lib\libStemWin532_CM7_GCC.a(GUI_Core.o)
                0x00000000080099bc                GUI_Init
 .text.GL_FillCircle
                0x0000000008009a64       0xc4 ../STemWinLib/Lib\libStemWin532_CM7_GCC.a(GUI_Circ.o)
                0x0000000008009a64                GL_FillCircle
 .text.GUIPROP__FindChar
                0x0000000008009b28       0x14 ../STemWinLib/Lib\libStemWin532_CM7_GCC.a(GUI_CharP.o)
                0x0000000008009b28                GUIPROP__FindChar
 .text.GUIPROP_DispChar
                0x0000000008009b3c       0xec ../STemWinLib/Lib\libStemWin532_CM7_GCC.a(GUI_CharP.o)
                0x0000000008009b3c                GUIPROP_DispChar
 .text.GUIPROP_GetCharDistX
                0x0000000008009c28       0x3c ../STemWinLib/Lib\libStemWin532_CM7_GCC.a(GUI_CharP.o)
                0x0000000008009c28                GUIPROP_GetCharDistX
 .text.GUIPROP_GetFontInfo
                0x0000000008009c64        0x6 ../STemWinLib/Lib\libStemWin532_CM7_GCC.a(GUI_CharP.o)
                0x0000000008009c64                GUIPROP_GetFontInfo
 .text.GUIPROP_IsInFont
                0x0000000008009c6a       0x10 ../STemWinLib/Lib\libStemWin532_CM7_GCC.a(GUI_CharP.o)
                0x0000000008009c6a                GUIPROP_IsInFont
 *fill*         0x0000000008009c7a        0x2 
 .text.GUIMONO_DispChar
                0x0000000008009c7c      0x150 ../STemWinLib/Lib\libStemWin532_CM7_GCC.a(GUI_CharM.o)
                0x0000000008009c7c                GUIMONO_DispChar
 .text.GUIMONO_GetCharDistX
                0x0000000008009dcc       0x18 ../STemWinLib/Lib\libStemWin532_CM7_GCC.a(GUI_CharM.o)
                0x0000000008009dcc                GUIMONO_GetCharDistX
 .text.GUIMONO_GetFontInfo
                0x0000000008009de4        0x6 ../STemWinLib/Lib\libStemWin532_CM7_GCC.a(GUI_CharM.o)
                0x0000000008009de4                GUIMONO_GetFontInfo
 .text.GUIMONO_IsInFont
                0x0000000008009dea       0x36 ../STemWinLib/Lib\libStemWin532_CM7_GCC.a(GUI_CharM.o)
                0x0000000008009dea                GUIMONO_IsInFont
 .text._Log2VisBuffered
                0x0000000008009e20        0x2 ../STemWinLib/Lib\libStemWin532_CM7_GCC.a(GUI_CharLine.o)
 *fill*         0x0000000008009e22        0x2 
 .text._DispLine
                0x0000000008009e24       0x7c ../STemWinLib/Lib\libStemWin532_CM7_GCC.a(GUI_CharLine.o)
 .text.GUI__GetLineNumChars
                0x0000000008009ea0       0x3c ../STemWinLib/Lib\libStemWin532_CM7_GCC.a(GUI_CharLine.o)
                0x0000000008009ea0                GUI__GetLineNumChars
 .text.GUI__GetOverlap
                0x0000000008009edc       0x1e ../STemWinLib/Lib\libStemWin532_CM7_GCC.a(GUI_CharLine.o)
                0x0000000008009edc                GUI__GetOverlap
 *fill*         0x0000000008009efa        0x2 
 .text.GUI__GetLineDistX
                0x0000000008009efc       0x60 ../STemWinLib/Lib\libStemWin532_CM7_GCC.a(GUI_CharLine.o)
                0x0000000008009efc                GUI__GetLineDistX
 .text.GUI__DispLine
                0x0000000008009f5c       0xa8 ../STemWinLib/Lib\libStemWin532_CM7_GCC.a(GUI_CharLine.o)
                0x0000000008009f5c                GUI__DispLine
 .text.GUI_GetYAdjust
                0x000000000800a004       0x30 ../STemWinLib/Lib\libStemWin532_CM7_GCC.a(GUI_Char.o)
                0x000000000800a004                GUI_GetYAdjust
 .text.GUI_GetFontDistY
                0x000000000800a034       0x10 ../STemWinLib/Lib\libStemWin532_CM7_GCC.a(GUI_Char.o)
                0x000000000800a034                GUI_GetFontDistY
 .text.GUI_GetCharDistX
                0x000000000800a044       0x14 ../STemWinLib/Lib\libStemWin532_CM7_GCC.a(GUI_Char.o)
                0x000000000800a044                GUI_GetCharDistX
 .text.GUI_GetCharDistXEx
                0x000000000800a058       0x14 ../STemWinLib/Lib\libStemWin532_CM7_GCC.a(GUI_Char.o)
                0x000000000800a058                GUI_GetCharDistXEx
 .text._DrawArc.isra.0
                0x000000000800a06c      0x2e4 ../STemWinLib/Lib\libStemWin532_CM7_GCC.a(GUI_Arc.o)
 .text.GL_DrawArc
                0x000000000800a350       0xf6 ../STemWinLib/Lib\libStemWin532_CM7_GCC.a(GUI_Arc.o)
                0x000000000800a350                GL_DrawArc
 *fill*         0x000000000800a446        0x2 
 .text.GUI_DrawArc
                0x000000000800a448       0x44 ../STemWinLib/Lib\libStemWin532_CM7_GCC.a(GUI_Arc.o)
                0x000000000800a448                GUI_DrawArc
 .text._PushFreeBlock
                0x000000000800a48c       0x24 ../STemWinLib/Lib\libStemWin532_CM7_GCC.a(GUI_Alloc.o)
 .text._OnExit  0x000000000800a4b0       0x38 ../STemWinLib/Lib\libStemWin532_CM7_GCC.a(GUI_Alloc.o)
 .text._RemoveFreeBlock
                0x000000000800a4e8       0x40 ../STemWinLib/Lib\libStemWin532_CM7_GCC.a(GUI_Alloc.o)
 .text._AddFreeMemory
                0x000000000800a528       0xa0 ../STemWinLib/Lib\libStemWin532_CM7_GCC.a(GUI_Alloc.o)
 .text._RemoveHoles
                0x000000000800a5c8       0x9c ../STemWinLib/Lib\libStemWin532_CM7_GCC.a(GUI_Alloc.o)
 .text.GUI_ALLOC_FreeFixedBlock
                0x000000000800a664       0x14 ../STemWinLib/Lib\libStemWin532_CM7_GCC.a(GUI_Alloc.o)
                0x000000000800a664                GUI_ALLOC_FreeFixedBlock
 .text.GUI_ALLOC_h2p
                0x000000000800a678       0x14 ../STemWinLib/Lib\libStemWin532_CM7_GCC.a(GUI_Alloc.o)
                0x000000000800a678                GUI_ALLOC_h2p
 .text.GUI_ALLOC_LockH
                0x000000000800a68c       0x1c ../STemWinLib/Lib\libStemWin532_CM7_GCC.a(GUI_Alloc.o)
                0x000000000800a68c                GUI_ALLOC_LockH
 .text.GUI_ALLOC_UnlockH
                0x000000000800a6a8       0x30 ../STemWinLib/Lib\libStemWin532_CM7_GCC.a(GUI_Alloc.o)
                0x000000000800a6a8                GUI_ALLOC_UnlockH
 .text.GUI_ALLOC_AssignMemory
                0x000000000800a6d8       0x10 ../STemWinLib/Lib\libStemWin532_CM7_GCC.a(GUI_Alloc.o)
                0x000000000800a6d8                GUI_ALLOC_AssignMemory
 .text.GUI_ALLOC_GetSize
                0x000000000800a6e8       0x18 ../STemWinLib/Lib\libStemWin532_CM7_GCC.a(GUI_Alloc.o)
                0x000000000800a6e8                GUI_ALLOC_GetSize
 .text.GUI_ALLOC_Free
                0x000000000800a700       0x30 ../STemWinLib/Lib\libStemWin532_CM7_GCC.a(GUI_Alloc.o)
                0x000000000800a700                GUI_ALLOC_Free
 .text._EnlargeBlocks
                0x000000000800a730       0x98 ../STemWinLib/Lib\libStemWin532_CM7_GCC.a(GUI_Alloc.o)
 .text._InitOnce
                0x000000000800a7c8      0x174 ../STemWinLib/Lib\libStemWin532_CM7_GCC.a(GUI_Alloc.o)
 .text.GUI_ALLOC_GetFixedBlock
                0x000000000800a93c       0xa4 ../STemWinLib/Lib\libStemWin532_CM7_GCC.a(GUI_Alloc.o)
                0x000000000800a93c                GUI_ALLOC_GetFixedBlock
 .text.GUI_ALLOC_GetMaxSize
                0x000000000800a9e0       0x3c ../STemWinLib/Lib\libStemWin532_CM7_GCC.a(GUI_Alloc.o)
                0x000000000800a9e0                GUI_ALLOC_GetMaxSize
 .text.GUI_ALLOC_RequestSize
                0x000000000800aa1c       0x2c ../STemWinLib/Lib\libStemWin532_CM7_GCC.a(GUI_Alloc.o)
                0x000000000800aa1c                GUI_ALLOC_RequestSize
 .text._Alloc   0x000000000800aa48       0xec ../STemWinLib/Lib\libStemWin532_CM7_GCC.a(GUI_Alloc.o)
 .text.GUI_ALLOC_AllocNoInit
                0x000000000800ab34        0x8 ../STemWinLib/Lib\libStemWin532_CM7_GCC.a(GUI_Alloc.o)
                0x000000000800ab34                GUI_ALLOC_AllocNoInit
 .text.GUI_ALLOC_FreePtr
                0x000000000800ab3c       0x10 ../STemWinLib/Lib\libStemWin532_CM7_GCC.a(GUI_Alloc.o)
                0x000000000800ab3c                GUI_ALLOC_FreePtr
 .text.GUI_ALLOC_AllocZero
                0x000000000800ab4c       0x2a ../STemWinLib/Lib\libStemWin532_CM7_GCC.a(GUI_ALLOC_AllocZero.o)
                0x000000000800ab4c                GUI_ALLOC_AllocZero
 *fill*         0x000000000800ab76        0x2 
 .text.LCD_Index2Color_M565
                0x000000000800ab78       0x28 ../STemWinLib/Lib\libStemWin532_CM7_GCC.a(GUICC_M565.o)
                0x000000000800ab78                LCD_Index2Color_M565
 .text._Color2Index_M565
                0x000000000800aba0       0x28 ../STemWinLib/Lib\libStemWin532_CM7_GCC.a(GUICC_M565.o)
 .text._GetIndexMask_M565
                0x000000000800abc8        0x6 ../STemWinLib/Lib\libStemWin532_CM7_GCC.a(GUICC_M565.o)
 *fill*         0x000000000800abce        0x2 
 .text._Color2IndexBulk
                0x000000000800abd0       0x4c ../STemWinLib/Lib\libStemWin532_CM7_GCC.a(GUICC_M565.o)
 .text._Index2ColorBulk
                0x000000000800ac1c       0x5c ../STemWinLib/Lib\libStemWin532_CM7_GCC.a(GUICC_M565.o)
 .text.LCD_Index2Color_8888
                0x000000000800ac78        0x2 ../STemWinLib/Lib\libStemWin532_CM7_GCC.a(GUICC_8888_Index2Color.o)
                0x000000000800ac78                LCD_Index2Color_8888
 .text._Color2Index_8888
                0x000000000800ac7a        0x2 ../STemWinLib/Lib\libStemWin532_CM7_GCC.a(GUICC_8888.o)
 .text._GetIndexMask_8888
                0x000000000800ac7c        0x6 ../STemWinLib/Lib\libStemWin532_CM7_GCC.a(GUICC_8888.o)
 .text._Color2IndexBulk
                0x000000000800ac82       0x10 ../STemWinLib/Lib\libStemWin532_CM7_GCC.a(GUICC_8888.o)
 .text._Index2ColorBulk
                0x000000000800ac92       0x10 ../STemWinLib/Lib\libStemWin532_CM7_GCC.a(GUICC_8888.o)
 *fill*         0x000000000800aca2        0x2 
 .text.WM__SendMessage
                0x000000000800aca4       0x3c ../STemWinLib/Lib\libStemWin532_CM7_GCC.a(WM__SendMessage.o)
                0x000000000800aca4                WM__SendMessage
 .text.WM__GetPrevSibling
                0x000000000800ace0       0x26 ../STemWinLib/Lib\libStemWin532_CM7_GCC.a(WM__GetPrevSibling.o)
                0x000000000800ace0                WM__GetPrevSibling
 .text.WM__GetFirstSibling
                0x000000000800ad06       0x12 ../STemWinLib/Lib\libStemWin532_CM7_GCC.a(WM__GetFirstSibling.o)
                0x000000000800ad06                WM__GetFirstSibling
 .text.WM_SendToParent
                0x000000000800ad18       0x1c ../STemWinLib/Lib\libStemWin532_CM7_GCC.a(WM_SendToParent.o)
                0x000000000800ad18                WM_SendToParent
 .text.WM__AddCriticalHandle
                0x000000000800ad34       0x10 ../STemWinLib/Lib\libStemWin532_CM7_GCC.a(WM_CriticalHandle.o)
                0x000000000800ad34                WM__AddCriticalHandle
 .text.WM_BringToBottom
                0x000000000800ad44       0x86 ../STemWinLib/Lib\libStemWin532_CM7_GCC.a(WM_BringToBottom.o)
                0x000000000800ad44                WM_BringToBottom
 .text._Convert16
                0x000000000800adca       0x3e ../STemWinLib/Lib\libStemWin532_CM7_GCC.a(GUIDEV_WriteToActiveOpaque.o)
 .text._Convert8
                0x000000000800ae08       0x42 ../STemWinLib/Lib\libStemWin532_CM7_GCC.a(GUIDEV_WriteToActiveOpaque.o)
 *fill*         0x000000000800ae4a        0x2 
 .text.GUI_MEMDEV__WriteToActiveOpaque
                0x000000000800ae4c      0x724 ../STemWinLib/Lib\libStemWin532_CM7_GCC.a(GUIDEV_WriteToActiveOpaque.o)
                0x000000000800ae4c                GUI_MEMDEV__WriteToActiveOpaque
 .text.GUI_USAGE_BM_AddPixel
                0x000000000800b570       0x2a ../STemWinLib/Lib\libStemWin532_CM7_GCC.a(GUIDEV_UsageBM.o)
 .text.GUI_USAGE_BM_GetNextDirty
                0x000000000800b59a       0x96 ../STemWinLib/Lib\libStemWin532_CM7_GCC.a(GUIDEV_UsageBM.o)
 .text._GUI_USAGE_BM_Delete
                0x000000000800b630        0x4 ../STemWinLib/Lib\libStemWin532_CM7_GCC.a(GUIDEV_UsageBM.o)
 .text.GUI_USAGE_BM_Clear
                0x000000000800b634       0x10 ../STemWinLib/Lib\libStemWin532_CM7_GCC.a(GUIDEV_UsageBM.o)
 .text.GUI_USAGE_BM_AddHLine
                0x000000000800b644       0x72 ../STemWinLib/Lib\libStemWin532_CM7_GCC.a(GUIDEV_UsageBM.o)
 *fill*         0x000000000800b6b6        0x2 
 .text.GUI_USAGE_BM_Create
                0x000000000800b6b8       0x58 ../STemWinLib/Lib\libStemWin532_CM7_GCC.a(GUIDEV_UsageBM.o)
                0x000000000800b6b8                GUI_USAGE_BM_Create
 .text.GUI_USAGE_DecUseCnt
                0x000000000800b710       0x28 ../STemWinLib/Lib\libStemWin532_CM7_GCC.a(GUIDEV_Usage.o)
                0x000000000800b710                GUI_USAGE_DecUseCnt
 .text.GUI_USAGE_AddRect
                0x000000000800b738       0x2a ../STemWinLib/Lib\libStemWin532_CM7_GCC.a(GUIDEV_Usage.o)
                0x000000000800b738                GUI_USAGE_AddRect
 *fill*         0x000000000800b762        0x2 
 .text._GetDevData
                0x000000000800b764       0x10 ../STemWinLib/Lib\libStemWin532_CM7_GCC.a(GUIDEV_16.o)
 .text._GetDevFunc
                0x000000000800b774       0x10 ../STemWinLib/Lib\libStemWin532_CM7_GCC.a(GUIDEV_16.o)
 .text._SetOrg  0x000000000800b784        0xe ../STemWinLib/Lib\libStemWin532_CM7_GCC.a(GUIDEV_16.o)
 .text._GetDevProp
                0x000000000800b792       0x14 ../STemWinLib/Lib\libStemWin532_CM7_GCC.a(GUIDEV_16.o)
 .text._GetRect
                0x000000000800b7a6       0x32 ../STemWinLib/Lib\libStemWin532_CM7_GCC.a(GUIDEV_16.o)
 .text._XY2PTR  0x000000000800b7d8       0x40 ../STemWinLib/Lib\libStemWin532_CM7_GCC.a(GUIDEV_16.o)
 .text._GetPixelIndex
                0x000000000800b818        0xe ../STemWinLib/Lib\libStemWin532_CM7_GCC.a(GUIDEV_16.o)
 *fill*         0x000000000800b826        0x2 
 .text._XorPixel
                0x000000000800b828       0x58 ../STemWinLib/Lib\libStemWin532_CM7_GCC.a(GUIDEV_16.o)
 .text._SetPixelIndex
                0x000000000800b880       0x4c ../STemWinLib/Lib\libStemWin532_CM7_GCC.a(GUIDEV_16.o)
 .text._DrawVLine
                0x000000000800b8cc       0xbc ../STemWinLib/Lib\libStemWin532_CM7_GCC.a(GUIDEV_16.o)
 .text._FillRect
                0x000000000800b988       0xb4 ../STemWinLib/Lib\libStemWin532_CM7_GCC.a(GUIDEV_16.o)
 .text._DrawHLine
                0x000000000800ba3c        0xe ../STemWinLib/Lib\libStemWin532_CM7_GCC.a(GUIDEV_16.o)
 *fill*         0x000000000800ba4a        0x2 
 .text._DrawBitmap
                0x000000000800ba4c      0x724 ../STemWinLib/Lib\libStemWin532_CM7_GCC.a(GUIDEV_16.o)
 .text.LCD_SelectLCD
                0x000000000800c170       0x40 ../STemWinLib/Lib\libStemWin532_CM7_GCC.a(LCD_SelectLCD.o)
                0x000000000800c170                LCD_SelectLCD
 .text._OnExit  0x000000000800c1b0       0x14 ../STemWinLib/Lib\libStemWin532_CM7_GCC.a(LCD_Color.o)
 .text.LCD_InitColors
                0x000000000800c1c4       0x38 ../STemWinLib/Lib\libStemWin532_CM7_GCC.a(LCD_Color.o)
                0x000000000800c1c4                LCD_InitColors
 .text.LCD_InitLUT
                0x000000000800c1fc       0x7c ../STemWinLib/Lib\libStemWin532_CM7_GCC.a(LCD_Color.o)
                0x000000000800c1fc                LCD_InitLUT
 .text.GUI__SinHQ
                0x000000000800c278       0x84 ../STemWinLib/Lib\libStemWin532_CM7_GCC.a(GUI__SinHQ.o)
                0x000000000800c278                GUI__SinHQ
 .text.GUI__CosHQ
                0x000000000800c2fc        0xc ../STemWinLib/Lib\libStemWin532_CM7_GCC.a(GUI__SinHQ.o)
                0x000000000800c2fc                GUI__CosHQ
 .text.GUI__CompactPixelIndices
                0x000000000800c308      0x16c ../STemWinLib/Lib\libStemWin532_CM7_GCC.a(GUI__CompactPixelIndices.o)
                0x000000000800c308                GUI__CompactPixelIndices
 .text._GetCharCode
                0x000000000800c474        0x4 ../STemWinLib/Lib\libStemWin532_CM7_GCC.a(GUI_UC_EncodeNone.o)
 .text._GetCharSize
                0x000000000800c478        0x4 ../STemWinLib/Lib\libStemWin532_CM7_GCC.a(GUI_UC_EncodeNone.o)
 .text._CalcSizeOfChar
                0x000000000800c47c        0x4 ../STemWinLib/Lib\libStemWin532_CM7_GCC.a(GUI_UC_EncodeNone.o)
 .text._Encode  0x000000000800c480        0x6 ../STemWinLib/Lib\libStemWin532_CM7_GCC.a(GUI_UC_EncodeNone.o)
 *fill*         0x000000000800c486        0x2 
 .text.GUI_SetTextAlign
                0x000000000800c488       0x14 ../STemWinLib/Lib\libStemWin532_CM7_GCC.a(GUI_SetTextAlign.o)
                0x000000000800c488                GUI_SetTextAlign
 .text.GUI_SetOrg
                0x000000000800c49c       0x34 ../STemWinLib/Lib\libStemWin532_CM7_GCC.a(GUI_SetOrg.o)
                0x000000000800c49c                GUI_SetOrg
 .text.GUI_GetBkColor
                0x000000000800c4d0        0xe ../STemWinLib/Lib\libStemWin532_CM7_GCC.a(GUI_GetColor.o)
                0x000000000800c4d0                GUI_GetBkColor
 .text.GUI_GetColor
                0x000000000800c4de        0xe ../STemWinLib/Lib\libStemWin532_CM7_GCC.a(GUI_GetColor.o)
                0x000000000800c4de                GUI_GetColor
 .text._Add     0x000000000800c4ec       0x40 ../STemWinLib/Lib\libStemWin532_CM7_GCC.a(GUI_FillPolygon.o)
 .text.GL_FillPolygon
                0x000000000800c52c      0x1c4 ../STemWinLib/Lib\libStemWin532_CM7_GCC.a(GUI_FillPolygon.o)
                0x000000000800c52c                GL_FillPolygon
 .text._GetIndexMask_0
                0x000000000800c6f0       0x52 ../STemWinLib/Lib\libStemWin532_CM7_GCC.a(GUICC_0.o)
 .text._Index2Color_0
                0x000000000800c742       0x1e ../STemWinLib/Lib\libStemWin532_CM7_GCC.a(GUICC_0.o)
 .text._Color2Index_0
                0x000000000800c760       0x5a ../STemWinLib/Lib\libStemWin532_CM7_GCC.a(GUICC_0.o)
 .text.LCD_GetNumLayers
                0x000000000800c7ba       0x1e ../STemWinLib/Lib\libStemWin532_CM7_GCC.a(LCD_GetNumDisplays.o)
                0x000000000800c7ba                LCD_GetNumLayers
 .text.LCD_GetBkColorIndex
                0x000000000800c7d8       0x10 ../STemWinLib/Lib\libStemWin532_CM7_GCC.a(LCD_GetColorIndex.o)
                0x000000000800c7d8                LCD_GetBkColorIndex
 .text.LCD_GetColorIndex
                0x000000000800c7e8       0x10 ../STemWinLib/Lib\libStemWin532_CM7_GCC.a(LCD_GetColorIndex.o)
                0x000000000800c7e8                LCD_GetColorIndex
 .text.GUI_CalcColorDist
                0x000000000800c7f8       0x50 ../STemWinLib/Lib\libStemWin532_CM7_GCC.a(GUI_CalcColorDist.o)
                0x000000000800c7f8                GUI_CalcColorDist
 .text.__errno  0x000000000800c848        0xc c:/st/stm32cubeide_1.3.0/stm32cubeide/plugins/com.st.stm32cube.ide.mcu.externaltools.gnu-tools-for-stm32.7-2018-q2-update.win32_1.0.0.201904181610/tools/bin/../lib/gcc/arm-none-eabi/7.3.1/../../../../arm-none-eabi/lib/thumb/v7e-m/fpv4-sp/hard\libc_nano.a(lib_a-errno.o)
                0x000000000800c848                __errno
 .text.__libc_init_array
                0x000000000800c854       0x48 c:/st/stm32cubeide_1.3.0/stm32cubeide/plugins/com.st.stm32cube.ide.mcu.externaltools.gnu-tools-for-stm32.7-2018-q2-update.win32_1.0.0.201904181610/tools/bin/../lib/gcc/arm-none-eabi/7.3.1/../../../../arm-none-eabi/lib/thumb/v7e-m/fpv4-sp/hard\libc_nano.a(lib_a-init.o)
                0x000000000800c854                __libc_init_array
 .text.memcpy   0x000000000800c89c       0x16 c:/st/stm32cubeide_1.3.0/stm32cubeide/plugins/com.st.stm32cube.ide.mcu.externaltools.gnu-tools-for-stm32.7-2018-q2-update.win32_1.0.0.201904181610/tools/bin/../lib/gcc/arm-none-eabi/7.3.1/../../../../arm-none-eabi/lib/thumb/v7e-m/fpv4-sp/hard\libc_nano.a(lib_a-memcpy-stub.o)
                0x000000000800c89c                memcpy
 .text.memmove  0x000000000800c8b2       0x32 c:/st/stm32cubeide_1.3.0/stm32cubeide/plugins/com.st.stm32cube.ide.mcu.externaltools.gnu-tools-for-stm32.7-2018-q2-update.win32_1.0.0.201904181610/tools/bin/../lib/gcc/arm-none-eabi/7.3.1/../../../../arm-none-eabi/lib/thumb/v7e-m/fpv4-sp/hard\libc_nano.a(lib_a-memmove.o)
                0x000000000800c8b2                memmove
 .text.memset   0x000000000800c8e4       0x10 c:/st/stm32cubeide_1.3.0/stm32cubeide/plugins/com.st.stm32cube.ide.mcu.externaltools.gnu-tools-for-stm32.7-2018-q2-update.win32_1.0.0.201904181610/tools/bin/../lib/gcc/arm-none-eabi/7.3.1/../../../../arm-none-eabi/lib/thumb/v7e-m/fpv4-sp/hard\libc_nano.a(lib_a-memset.o)
                0x000000000800c8e4                memset
 .text.sprintf  0x000000000800c8f4       0x40 c:/st/stm32cubeide_1.3.0/stm32cubeide/plugins/com.st.stm32cube.ide.mcu.externaltools.gnu-tools-for-stm32.7-2018-q2-update.win32_1.0.0.201904181610/tools/bin/../lib/gcc/arm-none-eabi/7.3.1/../../../../arm-none-eabi/lib/thumb/v7e-m/fpv4-sp/hard\libc_nano.a(lib_a-sprintf.o)
                0x000000000800c8f4                siprintf
                0x000000000800c8f4                sprintf
 .text.__ssputs_r
                0x000000000800c934       0xb4 c:/st/stm32cubeide_1.3.0/stm32cubeide/plugins/com.st.stm32cube.ide.mcu.externaltools.gnu-tools-for-stm32.7-2018-q2-update.win32_1.0.0.201904181610/tools/bin/../lib/gcc/arm-none-eabi/7.3.1/../../../../arm-none-eabi/lib/thumb/v7e-m/fpv4-sp/hard\libc_nano.a(lib_a-nano-svfprintf.o)
                0x000000000800c934                __ssputs_r
 .text._svfprintf_r
                0x000000000800c9e8      0x1f0 c:/st/stm32cubeide_1.3.0/stm32cubeide/plugins/com.st.stm32cube.ide.mcu.externaltools.gnu-tools-for-stm32.7-2018-q2-update.win32_1.0.0.201904181610/tools/bin/../lib/gcc/arm-none-eabi/7.3.1/../../../../arm-none-eabi/lib/thumb/v7e-m/fpv4-sp/hard\libc_nano.a(lib_a-nano-svfprintf.o)
                0x000000000800c9e8                _svfiprintf_r
                0x000000000800c9e8                _svfprintf_r
 .text._printf_common
                0x000000000800cbd8       0xea c:/st/stm32cubeide_1.3.0/stm32cubeide/plugins/com.st.stm32cube.ide.mcu.externaltools.gnu-tools-for-stm32.7-2018-q2-update.win32_1.0.0.201904181610/tools/bin/../lib/gcc/arm-none-eabi/7.3.1/../../../../arm-none-eabi/lib/thumb/v7e-m/fpv4-sp/hard\libc_nano.a(lib_a-nano-vfprintf_i.o)
                0x000000000800cbd8                _printf_common
 *fill*         0x000000000800ccc2        0x2 
 .text._printf_i
                0x000000000800ccc4      0x224 c:/st/stm32cubeide_1.3.0/stm32cubeide/plugins/com.st.stm32cube.ide.mcu.externaltools.gnu-tools-for-stm32.7-2018-q2-update.win32_1.0.0.201904181610/tools/bin/../lib/gcc/arm-none-eabi/7.3.1/../../../../arm-none-eabi/lib/thumb/v7e-m/fpv4-sp/hard\libc_nano.a(lib_a-nano-vfprintf_i.o)
                0x000000000800ccc4                _printf_i