Archive member included to satisfy reference by file (symbol)

../STemWinLib/Lib\libStemWin532_CM7_GCC.a(WINDOW.o)
                              Src/Windows/WIN1DLG.o (WINDOW_SetBkColor)
../STemWinLib/Lib\libStemWin532_CM7_GCC.a(WIDGET.o)
                              ../STemWinLib/Lib\libStemWin532_CM7_GCC.a(WINDOW.o) (WIDGET_OrState)
../STemWinLib/Lib\libStemWin532_CM7_GCC.a(TEXT_CreateIndirect.o)
                              Src/Windows/WIN1DLG.o (TEXT_CreateIndirect)
../STemWinLib/Lib\libStemWin532_CM7_GCC.a(TEXT.o)
                              ../STemWinLib/Lib\libStemWin532_CM7_GCC.a(TEXT_CreateIndirect.o) (TEXT_CreateUser)
../STemWinLib/Lib\libStemWin532_CM7_GCC.a(SLIDER_CreateIndirect.o)
                              Src/Windows/WIN1DLG.o (SLIDER_CreateIndirect)
../STemWinLib/Lib\libStemWin532_CM7_GCC.a(SLIDER.o)
                              ../STemWinLib/Lib\libStemWin532_CM7_GCC.a(SLIDER_CreateIndirect.o) (SLIDER_CreateUser)
../STemWinLib/Lib\libStemWin532_CM7_GCC.a(EDIT_CreateIndirect.o)
                              Src/Windows/WIN1DLG.o (EDIT_CreateIndirect)
../STemWinLib/Lib\libStemWin532_CM7_GCC.a(EDIT.o)
                              ../STemWinLib/Lib\libStemWin532_CM7_GCC.a(EDIT_CreateIndirect.o) (EDIT_CreateUser)
../STemWinLib/Lib\libStemWin532_CM7_GCC.a(DIALOG.o)
                              ../STemWinLib/Lib\libStemWin532_CM7_GCC.a(WIDGET.o) (DIALOG_GetBkColor)
../STemWinLib/Lib\libStemWin532_CM7_GCC.a(WM__UpdateChildPositions.o)
                              ../STemWinLib/Lib\libStemWin532_CM7_GCC.a(WIDGET.o) (WM__UpdateChildPositions)
../STemWinLib/Lib\libStemWin532_CM7_GCC.a(WM__Screen2Client.o)
                              ../STemWinLib/Lib\libStemWin532_CM7_GCC.a(WIDGET.o) (WM__Screen2Client)
../STemWinLib/Lib\libStemWin532_CM7_GCC.a(WM__IsEnabled.o)
                              ../STemWinLib/Lib\libStemWin532_CM7_GCC.a(EDIT.o) (WM__IsEnabled)
../STemWinLib/Lib\libStemWin532_CM7_GCC.a(WM__IsAncestor.o)
                              ../STemWinLib/Lib\libStemWin532_CM7_GCC.a(WINDOW.o) (WM__IsAncestor)
../STemWinLib/Lib\libStemWin532_CM7_GCC.a(WM_UserData.o)
                              ../STemWinLib/Lib\libStemWin532_CM7_GCC.a(WINDOW.o) (WM__GetUserDataEx)
../STemWinLib/Lib\libStemWin532_CM7_GCC.a(WM_Timer.o)
                              ../STemWinLib/Lib\libStemWin532_CM7_GCC.a(EDIT.o) (WM_RestartTimer)
../STemWinLib/Lib\libStemWin532_CM7_GCC.a(WM_Show.o)
                              ../STemWinLib/Lib\libStemWin532_CM7_GCC.a(DIALOG.o) (WM_ShowWindow)
../STemWinLib/Lib\libStemWin532_CM7_GCC.a(WM_SetUserClipRect.o)
                              ../STemWinLib/Lib\libStemWin532_CM7_GCC.a(EDIT.o) (WM_SetUserClipRect)
../STemWinLib/Lib\libStemWin532_CM7_GCC.a(WM_SetTrans.o)
                              ../STemWinLib/Lib\libStemWin532_CM7_GCC.a(TEXT.o) (WM_GetHasTrans)
../STemWinLib/Lib\libStemWin532_CM7_GCC.a(WM_SetScrollState.o)
                              ../STemWinLib/Lib\libStemWin532_CM7_GCC.a(WIDGET.o) (WM_SetScrollState)
../STemWinLib/Lib\libStemWin532_CM7_GCC.a(WM_SetFocusOnPrevChild.o)
                              ../STemWinLib/Lib\libStemWin532_CM7_GCC.a(WINDOW.o) (WM_SetFocusOnPrevChild)
../STemWinLib/Lib\libStemWin532_CM7_GCC.a(WM_SetFocusOnNextChild.o)
                              ../STemWinLib/Lib\libStemWin532_CM7_GCC.a(WINDOW.o) (WM_SetFocusOnNextChild)
../STemWinLib/Lib\libStemWin532_CM7_GCC.a(WM_SetFocus.o)
                              ../STemWinLib/Lib\libStemWin532_CM7_GCC.a(WINDOW.o) (WM_SetFocus)
../STemWinLib/Lib\libStemWin532_CM7_GCC.a(WM_SetCapture.o)
                              ../STemWinLib/Lib\libStemWin532_CM7_GCC.a(SLIDER.o) (WM_SetCapture)
../STemWinLib/Lib\libStemWin532_CM7_GCC.a(WM_SendMessageNoPara.o)
                              ../STemWinLib/Lib\libStemWin532_CM7_GCC.a(DIALOG.o) (WM_SendMessageNoPara)
../STemWinLib/Lib\libStemWin532_CM7_GCC.a(WM_ResizeWindow.o)
                              ../STemWinLib/Lib\libStemWin532_CM7_GCC.a(WM__UpdateChildPositions.o) (WM_ResizeWindow)
../STemWinLib/Lib\libStemWin532_CM7_GCC.a(WM_NotifyParent.o)
                              ../STemWinLib/Lib\libStemWin532_CM7_GCC.a(WIDGET.o) (WM_NotifyParent)
../STemWinLib/Lib\libStemWin532_CM7_GCC.a(WM_Move.o)
                              ../STemWinLib/Lib\libStemWin532_CM7_GCC.a(WM__UpdateChildPositions.o) (WM_MoveWindow)
../STemWinLib/Lib\libStemWin532_CM7_GCC.a(WM_IsWindow.o)
                              ../STemWinLib/Lib\libStemWin532_CM7_GCC.a(WINDOW.o) (WM_IsWindow)
../STemWinLib/Lib\libStemWin532_CM7_GCC.a(WM_IsFocussable.o)
                              ../STemWinLib/Lib\libStemWin532_CM7_GCC.a(SLIDER.o) (WM_IsFocussable)
../STemWinLib/Lib\libStemWin532_CM7_GCC.a(WM_HasFocus.o)
                              ../STemWinLib/Lib\libStemWin532_CM7_GCC.a(WINDOW.o) (WM_HasFocus)
../STemWinLib/Lib\libStemWin532_CM7_GCC.a(WM_GetWindowSize.o)
                              ../STemWinLib/Lib\libStemWin532_CM7_GCC.a(WIDGET.o) (WM_GetWindowSizeX)
[...]
Memory Configuration

Name             Origin             Length             Attributes
RAM              0x0000000020000000 0x0000000000050000 xrw
FLASH            0x0000000008000000 0x0000000000100000 xr
*default*        0x0000000000000000 0xffffffffffffffff

Linker script and memory map

LOAD c:/st/stm32cubeide_1.3.0/stm32cubeide/plugins/com.st.stm32cube.ide.mcu.externaltools.gnu-tools-for-stm32.7-2018-q2-update.win32_1.0.0.201904181610/tools/bin/../lib/gcc/arm-none-eabi/7.3.1/thumb/v7e-m/fpv4-sp/hard/crti.o
LOAD c:/st/stm32cubeide_1.3.0/stm32cubeide/plugins/com.st.stm32cube.ide.mcu.externaltools.gnu-tools-for-stm32.7-2018-q2-update.win32_1.0.0.201904181610/tools/bin/../lib/gcc/arm-none-eabi/7.3.1/thumb/v7e-m/fpv4-sp/hard/crtbegin.o
LOAD c:/st/stm32cubeide_1.3.0/stm32cubeide/plugins/com.st.stm32cube.ide.mcu.externaltools.gnu-tools-for-stm32.7-2018-q2-update.win32_1.0.0.201904181610/tools/bin/../lib/gcc/arm-none-eabi/7.3.1/../../../../arm-none-eabi/lib/thumb/v7e-m/fpv4-sp/hard/crt0.o
LOAD Drivers/STM32F7xx_HAL_Driver/Src/stm32f7xx_hal.o
LOAD Drivers/STM32F7xx_HAL_Driver/Src/stm32f7xx_hal_adc.o
LOAD Drivers/STM32F7xx_HAL_Driver/Src/stm32f7xx_hal_adc_ex.o
LOAD Drivers/STM32F7xx_HAL_Driver/Src/stm32f7xx_hal_cortex.o
LOAD Drivers/STM32F7xx_HAL_Driver/Src/stm32f7xx_hal_dma.o
LOAD Drivers/STM32F7xx_HAL_Driver/Src/stm32f7xx_hal_dma_ex.o
LOAD Drivers/STM32F7xx_HAL_Driver/Src/stm32f7xx_hal_exti.o
LOAD Drivers/STM32F7xx_HAL_Driver/Src/stm32f7xx_hal_flash.o
LOAD Drivers/STM32F7xx_HAL_Driver/Src/stm32f7xx_hal_flash_ex.o
LOAD Drivers/STM32F7xx_HAL_Driver/Src/stm32f7xx_hal_gpio.o
LOAD Drivers/STM32F7xx_HAL_Driver/Src/stm32f7xx_hal_i2c.o
LOAD Drivers/STM32F7xx_HAL_Driver/Src/stm32f7xx_hal_i2c_ex.o
LOAD Drivers/STM32F7xx_HAL_Driver/Src/stm32f7xx_hal_pwr.o
LOAD Drivers/STM32F7xx_HAL_Driver/Src/stm32f7xx_hal_pwr_ex.o
LOAD Drivers/STM32F7xx_HAL_Driver/Src/stm32f7xx_hal_rcc.o
LOAD Drivers/STM32F7xx_HAL_Driver/Src/stm32f7xx_hal_rcc_ex.o
LOAD Drivers/STM32F7xx_HAL_Driver/Src/stm32f7xx_hal_rtc.o
LOAD Drivers/STM32F7xx_HAL_Driver/Src/stm32f7xx_hal_rtc_ex.o
LOAD Drivers/STM32F7xx_HAL_Driver/Src/stm32f7xx_hal_tim.o
LOAD Drivers/STM32F7xx_HAL_Driver/Src/stm32f7xx_hal_tim_ex.o
LOAD Drivers/STM32F7xx_HAL_Driver/Src/stm32f7xx_hal_uart.o
LOAD Drivers/STM32F7xx_HAL_Driver/Src/stm32f7xx_hal_uart_ex.o
LOAD Drivers/Sors/SSD1963.o
LOAD Drivers/Sors/STMPE610.o
LOAD Drivers/VL53L0X/vl53l0x_api.o
LOAD Drivers/VL53L0X/vl53l0x_api_calibration.o
LOAD Drivers/VL53L0X/vl53l0x_api_core.o
LOAD Drivers/VL53L0X/vl53l0x_api_ranging.o
LOAD Drivers/VL53L0X/vl53l0x_api_strings.o
LOAD Drivers/VL53L0X/vl53l0x_platform.o
LOAD Drivers/VL53L0X/vl53l0x_platform_log.o
LOAD Src/GUIConf.o
LOAD Src/GUI_X.o
LOAD Src/LCDConf.o
LOAD Src/main.o
LOAD Src/stm32f7xx_hal_msp.o
LOAD Src/stm32f7xx_it.o
LOAD Src/syscalls.o
LOAD Src/sysmem.o
LOAD Src/system_stm32f7xx.o
LOAD Src/Windows/WIN1DLG.o
LOAD Startup/startup_stm32f746zgtx.o
LOAD ../STemWinLib/Lib\libStemWin532_CM7_GCC.a
START GROUP
LOAD c:/st/stm32cubeide_1.3.0/stm32cubeide/plugins/com.st.stm32cube.ide.mcu.externaltools.gnu-tools-for-stm32.7-2018-q2-update.win32_1.0.0.201904181610/tools/bin/../lib/gcc/arm-none-eabi/7.3.1/../../../../arm-none-eabi/lib/thumb/v7e-m/fpv4-sp/hard\libc_nano.a
LOAD c:/st/stm32cubeide_1.3.0/stm32cubeide/plugins/com.st.stm32cube.ide.mcu.externaltools.gnu-tools-for-stm32.7-2018-q2-update.win32_1.0.0.201904181610/tools/bin/../lib/gcc/arm-none-eabi/7.3.1/../../../../arm-none-eabi/lib/thumb/v7e-m/fpv4-sp/hard\libm.a
END GROUP
START GROUP
LOAD c:/st/stm32cubeide_1.3.0/stm32cubeide/plugins/com.st.stm32cube.ide.mcu.externaltools.gnu-tools-for-stm32.7-2018-q2-update.win32_1.0.0.201904181610/tools/bin/../lib/gcc/arm-none-eabi/7.3.1/thumb/v7e-m/fpv4-sp/hard\libgcc.a
LOAD c:/st/stm32cubeide_1.3.0/stm32cubeide/plugins/com.st.stm32cube.ide.mcu.externaltools.gnu-tools-for-stm32.7-2018-q2-update.win32_1.0.0.201904181610/tools/bin/../lib/gcc/arm-none-eabi/7.3.1/../../../../arm-none-eabi/lib/thumb/v7e-m/fpv4-sp/hard\libc_nano.a
END GROUP
START GROUP
LOAD c:/st/stm32cubeide_1.3.0/stm32cubeide/plugins/com.st.stm32cube.ide.mcu.externaltools.gnu-tools-for-stm32.7-2018-q2-update.win32_1.0.0.201904181610/tools/bin/../lib/gcc/arm-none-eabi/7.3.1/thumb/v7e-m/fpv4-sp/hard\libgcc.a
LOAD c:/st/stm32cubeide_1.3.0/stm32cubeide/plugins/com.st.stm32cube.ide.mcu.externaltools.gnu-tools-for-stm32.7-2018-q2-update.win32_1.0.0.201904181610/tools/bin/../lib/gcc/arm-none-eabi/7.3.1/../../../../arm-none-eabi/lib/thumb/v7e-m/fpv4-sp/hard\libc_nano.a
LOAD c:/st/stm32cubeide_1.3.0/stm32cubeide/plugins/com.st.stm32cube.ide.mcu.externaltools.gnu-tools-for-stm32.7-2018-q2-update.win32_1.0.0.201904181610/tools/bin/../lib/gcc/arm-none-eabi/7.3.1/../../../../arm-none-eabi/lib/thumb/v7e-m/fpv4-sp/hard\libnosys.a
END GROUP
START GROUP
LOAD c:/st/stm32cubeide_1.3.0/stm32cubeide/plugins/com.st.stm32cube.ide.mcu.externaltools.gnu-tools-for-stm32.7-2018-q2-update.win32_1.0.0.201904181610/tools/bin/../lib/gcc/arm-none-eabi/7.3.1/thumb/v7e-m/fpv4-sp/hard\libgcc.a
LOAD c:/st/stm32cubeide_1.3.0/stm32cubeide/plugins/com.st.stm32cube.ide.mcu.externaltools.gnu-tools-for-stm32.7-2018-q2-update.win32_1.0.0.201904181610/tools/bin/../lib/gcc/arm-none-eabi/7.3.1/../../../../arm-none-eabi/lib/thumb/v7e-m/fpv4-sp/hard\libc_nano.a
LOAD c:/st/stm32cubeide_1.3.0/stm32cubeide/plugins/com.st.stm32cube.ide.mcu.externaltools.gnu-tools-for-stm32.7-2018-q2-update.win32_1.0.0.201904181610/tools/bin/../lib/gcc/arm-none-eabi/7.3.1/../../../../arm-none-eabi/lib/thumb/v7e-m/fpv4-sp/hard\libnosys.a
END GROUP
LOAD c:/st/stm32cubeide_1.3.0/stm32cubeide/plugins/com.st.stm32cube.ide.mcu.externaltools.gnu-tools-for-stm32.7-2018-q2-update.win32_1.0.0.201904181610/tools/bin/../lib/gcc/arm-none-eabi/7.3.1/thumb/v7e-m/fpv4-sp/hard/crtend.o
LOAD c:/st/stm32cubeide_1.3.0/stm32cubeide/plugins/com.st.stm32cube.ide.mcu.externaltools.gnu-tools-for-stm32.7-2018-q2-update.win32_1.0.0.201904181610/tools/bin/../lib/gcc/arm-none-eabi/7.3.1/thumb/v7e-m/fpv4-sp/hard/crtn.o
                0x0000000020050000                _estack = (ORIGIN (RAM) + LENGTH (RAM))
                0x0000000000000200                _Min_Heap_Size = 0x200
                0x0000000000000400                _Min_Stack_Size = 0x400

.isr_vector     0x0000000008000000      0x1c8
                0x0000000008000000                . = ALIGN (0x4)
 *(.isr_vector)
 .isr_vector    0x0000000008000000      0x1c8 Startup/startup_stm32f746zgtx.o
                0x0000000008000000                g_pfnVectors
                0x00000000080001c8                . = ALIGN (0x4)

.text           0x00000000080001c8     0xd664
                0x00000000080001c8                . = ALIGN (0x4)
 *(.text)
 .text          0x00000000080001c8       0x40 c:/st/stm32cubeide_1.3.0/stm32cubeide/plugins/com.st.stm32cube.ide.mcu.externaltools.gnu-tools-for-stm32.7-2018-q2-update.win32_1.0.0.201904181610/tools/bin/../lib/gcc/arm-none-eabi/7.3.1/thumb/v7e-m/fpv4-sp/hard/crtbegin.o
 .text          0x0000000008000208      0x378 c:/st/stm32cubeide_1.3.0/stm32cubeide/plugins/com.st.stm32cube.ide.mcu.externaltools.gnu-tools-for-stm32.7-2018-q2-update.win32_1.0.0.201904181610/tools/bin/../lib/gcc/arm-none-eabi/7.3.1/thumb/v7e-m/fpv4-sp/hard\libgcc.a(_arm_addsubdf3.o)
                0x0000000008000208                __aeabi_drsub
                0x0000000008000210                __aeabi_dsub
                0x0000000008000210                __subdf3
                0x0000000008000214                __aeabi_dadd
                0x0000000008000214                __adddf3
                0x000000000800048c                __floatunsidf
                0x000000000800048c                __aeabi_ui2d
                0x00000000080004ac                __floatsidf
                0x00000000080004ac                __aeabi_i2d
                0x00000000080004d0                __aeabi_f2d
                0x00000000080004d0                __extendsfdf2
                0x0000000008000514                __floatundidf
                0x0000000008000514                __aeabi_ul2d
                0x0000000008000524                __floatdidf
                0x0000000008000524                __aeabi_l2d
 .text          0x0000000008000580      0x424 c:/st/stm32cubeide_1.3.0/stm32cubeide/plugins/com.st.stm32cube.ide.mcu.externaltools.gnu-tools-for-stm32.7-2018-q2-update.win32_1.0.0.201904181610/tools/bin/../lib/gcc/arm-none-eabi/7.3.1/thumb/v7e-m/fpv4-sp/hard\libgcc.a(_arm_muldivdf3.o)
                0x0000000008000580                __aeabi_dmul
                0x0000000008000580                __muldf3
                0x00000000080007d4                __divdf3
                0x00000000080007d4                __aeabi_ddiv
 .text          0x00000000080009a4      0x110 c:/st/stm32cubeide_1.3.0/stm32cubeide/plugins/com.st.stm32cube.ide.mcu.externaltools.gnu-tools-for-stm32.7-2018-q2-update.win32_1.0.0.201904181610/tools/bin/../lib/gcc/arm-none-eabi/7.3.1/thumb/v7e-m/fpv4-sp/hard\libgcc.a(_arm_cmpdf2.o)
                0x00000000080009a4                __gtdf2
                0x00000000080009a4                __gedf2
                0x00000000080009ac                __ltdf2
                0x00000000080009ac                __ledf2
                0x00000000080009b4                __nedf2
                0x00000000080009b4                __eqdf2
                0x00000000080009b4                __cmpdf2
                0x0000000008000a30                __aeabi_cdrcmple
                0x0000000008000a40                __aeabi_cdcmpeq
                0x0000000008000a40                __aeabi_cdcmple
                0x0000000008000a50                __aeabi_dcmpeq
                0x0000000008000a64                __aeabi_dcmplt
                0x0000000008000a78                __aeabi_dcmple
                0x0000000008000a8c                __aeabi_dcmpge
                0x0000000008000aa0                __aeabi_dcmpgt
 .text          0x0000000008000ab4       0x50 c:/st/stm32cubeide_1.3.0/stm32cubeide/plugins/com.st.stm32cube.ide.mcu.externaltools.gnu-tools-for-stm32.7-2018-q2-update.win32_1.0.0.201904181610/tools/bin/../lib/gcc/arm-none-eabi/7.3.1/thumb/v7e-m/fpv4-sp/hard\libgcc.a(_arm_fixdfsi.o)
                0x0000000008000ab4                __aeabi_d2iz
                0x0000000008000ab4                __fixdfsi
 .text          0x0000000008000b04       0xa0 c:/st/stm32cubeide_1.3.0/stm32cubeide/plugins/com.st.stm32cube.ide.mcu.externaltools.gnu-tools-for-stm32.7-2018-q2-update.win32_1.0.0.201904181610/tools/bin/../lib/gcc/arm-none-eabi/7.3.1/thumb/v7e-m/fpv4-sp/hard\libgcc.a(_arm_truncdfsf2.o)
                0x0000000008000b04                __truncdfsf2
                0x0000000008000b04                __aeabi_d2f
 .text          0x0000000008000ba4       0x30 c:/st/stm32cubeide_1.3.0/stm32cubeide/plugins/com.st.stm32cube.ide.mcu.externaltools.gnu-tools-for-stm32.7-2018-q2-update.win32_1.0.0.201904181610/tools/bin/../lib/gcc/arm-none-eabi/7.3.1/thumb/v7e-m/fpv4-sp/hard\libgcc.a(_aeabi_uldivmod.o)
                0x0000000008000ba4                __aeabi_uldivmod
 .text          0x0000000008000bd4      0x2cc c:/st/stm32cubeide_1.3.0/stm32cubeide/plugins/com.st.stm32cube.ide.mcu.externaltools.gnu-tools-for-stm32.7-2018-q2-update.win32_1.0.0.201904181610/tools/bin/../lib/gcc/arm-none-eabi/7.3.1/thumb/v7e-m/fpv4-sp/hard\libgcc.a(_udivmoddi4.o)
                0x0000000008000bd4                __udivmoddi4
 .text          0x0000000008000ea0        0x4 c:/st/stm32cubeide_1.3.0/stm32cubeide/plugins/com.st.stm32cube.ide.mcu.externaltools.gnu-tools-for-stm32.7-2018-q2-update.win32_1.0.0.201904181610/tools/bin/../lib/gcc/arm-none-eabi/7.3.1/thumb/v7e-m/fpv4-sp/hard\libgcc.a(_dvmd_tls.o)
                0x0000000008000ea0                __aeabi_idiv0
                0x0000000008000ea0                __aeabi_ldiv0
 *(.text*)
 .text.HAL_InitTick
                0x0000000008000ea4       0x48 Drivers/STM32F7xx_HAL_Driver/Src/stm32f7xx_hal.o
                0x0000000008000ea4                HAL_InitTick
 .text.HAL_Init
                0x0000000008000eec       0x18 Drivers/STM32F7xx_HAL_Driver/Src/stm32f7xx_hal.o
                0x0000000008000eec                HAL_Init
 .text.HAL_IncTick
                0x0000000008000f04       0x18 Drivers/STM32F7xx_HAL_Driver/Src/stm32f7xx_hal.o
                0x0000000008000f04                HAL_IncTick
 .text.HAL_GetTick
                0x0000000008000f1c        0xc Drivers/STM32F7xx_HAL_Driver/Src/stm32f7xx_hal.o
                0x0000000008000f1c                HAL_GetTick
 .text.HAL_Delay
                0x0000000008000f28       0x24 Drivers/STM32F7xx_HAL_Driver/Src/stm32f7xx_hal.o
                0x0000000008000f28                HAL_Delay
 .text.HAL_ADC_Init
                0x0000000008000f4c      0x16c Drivers/STM32F7xx_HAL_Driver/Src/stm32f7xx_hal_adc.o
                0x0000000008000f4c                HAL_ADC_Init
 .text.HAL_ADC_Start_DMA
                0x00000000080010b8      0x164 Drivers/STM32F7xx_HAL_Driver/Src/stm32f7xx_hal_adc.o
                0x00000000080010b8                HAL_ADC_Start_DMA
 .text.HAL_ADC_ConvHalfCpltCallback
                0x000000000800121c        0x4 Drivers/STM32F7xx_HAL_Driver/Src/stm32f7xx_hal_adc.o
                0x000000000800121c                HAL_ADC_ConvHalfCpltCallback
 .text.ADC_DMAHalfConvCplt
                0x0000000008001220        0xc Drivers/STM32F7xx_HAL_Driver/Src/stm32f7xx_hal_adc.o
 .text.HAL_ADC_ErrorCallback
                0x000000000800122c        0x4 Drivers/STM32F7xx_HAL_Driver/Src/stm32f7xx_hal_adc.o
                0x000000000800122c                HAL_ADC_ErrorCallback
 .text.ADC_DMAError
                0x0000000008001230       0x18 Drivers/STM32F7xx_HAL_Driver/Src/stm32f7xx_hal_adc.o
 .text.ADC_DMAConvCplt
                0x0000000008001248       0x6c Drivers/STM32F7xx_HAL_Driver/Src/stm32f7xx_hal_adc.o
 .text.HAL_ADC_ConfigChannel
                0x00000000080012b4      0x180 Drivers/STM32F7xx_HAL_Driver/Src/stm32f7xx_hal_adc.o
                0x00000000080012b4                HAL_ADC_ConfigChannel
 .text.HAL_NVIC_SetPriorityGrouping
                0x0000000008001434       0x28 Drivers/STM32F7xx_HAL_Driver/Src/stm32f7xx_hal_cortex.o
                0x0000000008001434                HAL_NVIC_SetPriorityGrouping
 .text.HAL_NVIC_SetPriority
                0x000000000800145c       0x6c Drivers/STM32F7xx_HAL_Driver/Src/stm32f7xx_hal_cortex.o
                0x000000000800145c                HAL_NVIC_SetPriority
 .text.HAL_NVIC_EnableIRQ
                0x00000000080014c8       0x1c Drivers/STM32F7xx_HAL_Driver/Src/stm32f7xx_hal_cortex.o
                0x00000000080014c8                HAL_NVIC_EnableIRQ
 .text.HAL_SYSTICK_Config
                0x00000000080014e4       0x30 Drivers/STM32F7xx_HAL_Driver/Src/stm32f7xx_hal_cortex.o
                0x00000000080014e4                HAL_SYSTICK_Config
 .text.HAL_SYSTICK_IRQHandler
                0x0000000008001514        0x8 Drivers/STM32F7xx_HAL_Driver/Src/stm32f7xx_hal_cortex.o
                0x0000000008001514                HAL_SYSTICK_IRQHandler
 .text.HAL_DMA_Init
                0x000000000800151c      0x138 Drivers/STM32F7xx_HAL_Driver/Src/stm32f7xx_hal_dma.o
                0x000000000800151c                HAL_DMA_Init
 .text.HAL_DMA_Start_IT
                0x0000000008001654       0x8c Drivers/STM32F7xx_HAL_Driver/Src/stm32f7xx_hal_dma.o
                0x0000000008001654                HAL_DMA_Start_IT
 .text.HAL_DMA_Abort
                0x00000000080016e0       0x90 Drivers/STM32F7xx_HAL_Driver/Src/stm32f7xx_hal_dma.o
                0x00000000080016e0                HAL_DMA_Abort
 .text.HAL_DMA_Abort_IT
                0x0000000008001770       0x28 Drivers/STM32F7xx_HAL_Driver/Src/stm32f7xx_hal_dma.o
                0x0000000008001770                HAL_DMA_Abort_IT
 .text.HAL_DMA_IRQHandler
                0x0000000008001798      0x1ac Drivers/STM32F7xx_HAL_Driver/Src/stm32f7xx_hal_dma.o
                0x0000000008001798                HAL_DMA_IRQHandler
 .text.HAL_GPIO_Init
                0x0000000008001944      0x20c Drivers/STM32F7xx_HAL_Driver/Src/stm32f7xx_hal_gpio.o
                0x0000000008001944                HAL_GPIO_Init
 .text.HAL_GPIO_WritePin
                0x0000000008001b50        0x8 Drivers/STM32F7xx_HAL_Driver/Src/stm32f7xx_hal_gpio.o
                0x0000000008001b50                HAL_GPIO_WritePin
 .text.I2C_WaitOnTXISFlagUntilTimeout
                0x0000000008001b58       0xb8 Drivers/STM32F7xx_HAL_Driver/Src/stm32f7xx_hal_i2c.o
 .text.I2C_WaitOnSTOPFlagUntilTimeout
                0x0000000008001c10       0xac Drivers/STM32F7xx_HAL_Driver/Src/stm32f7xx_hal_i2c.o
 .text.HAL_I2C_Init
                0x0000000008001cbc       0xa8 Drivers/STM32F7xx_HAL_Driver/Src/stm32f7xx_hal_i2c.o
                0x0000000008001cbc                HAL_I2C_Init
 .text.HAL_I2C_Master_Transmit
                0x0000000008001d64      0x1a0 Drivers/STM32F7xx_HAL_Driver/Src/stm32f7xx_hal_i2c.o
                0x0000000008001d64                HAL_I2C_Master_Transmit
 .text.HAL_I2C_Master_Receive
                0x0000000008001f04      0x270 Drivers/STM32F7xx_HAL_Driver/Src/stm32f7xx_hal_i2c.o
                0x0000000008001f04                HAL_I2C_Master_Receive
 .text.HAL_I2CEx_ConfigAnalogFilter
                0x0000000008002174       0x54 Drivers/STM32F7xx_HAL_Driver/Src/stm32f7xx_hal_i2c_ex.o
                0x0000000008002174                HAL_I2CEx_ConfigAnalogFilter
 .text.HAL_I2CEx_ConfigDigitalFilter
                0x00000000080021c8       0x54 Drivers/STM32F7xx_HAL_Driver/Src/stm32f7xx_hal_i2c_ex.o
                0x00000000080021c8                HAL_I2CEx_ConfigDigitalFilter
 .text.HAL_PWR_EnableBkUpAccess
                0x000000000800221c       0x10 Drivers/STM32F7xx_HAL_Driver/Src/stm32f7xx_hal_pwr.o
                0x000000000800221c                HAL_PWR_EnableBkUpAccess
 .text.HAL_PWREx_EnableOverDrive
                0x000000000800222c       0x78 Drivers/STM32F7xx_HAL_Driver/Src/stm32f7xx_hal_pwr_ex.o
                0x000000000800222c                HAL_PWREx_EnableOverDrive
 .text.HAL_RCC_OscConfig
                0x00000000080022a4      0x3f4 Drivers/STM32F7xx_HAL_Driver/Src/stm32f7xx_hal_rcc.o
                0x00000000080022a4                HAL_RCC_OscConfig
 .text.HAL_RCC_ClockConfig
                0x0000000008002698      0x198 Drivers/STM32F7xx_HAL_Driver/Src/stm32f7xx_hal_rcc.o
                0x0000000008002698                HAL_RCC_ClockConfig
 .text.HAL_RCC_GetSysClockFreq
                0x0000000008002830       0x68 Drivers/STM32F7xx_HAL_Driver/Src/stm32f7xx_hal_rcc.o
                0x0000000008002830                HAL_RCC_GetSysClockFreq
 .text.HAL_RCC_GetPCLK1Freq
                0x0000000008002898       0x20 Drivers/STM32F7xx_HAL_Driver/Src/stm32f7xx_hal_rcc.o
                0x0000000008002898                HAL_RCC_GetPCLK1Freq
 .text.HAL_RCC_GetPCLK2Freq
                0x00000000080028b8       0x20 Drivers/STM32F7xx_HAL_Driver/Src/stm32f7xx_hal_rcc.o
                0x00000000080028b8                HAL_RCC_GetPCLK2Freq
 .text.HAL_RCCEx_PeriphCLKConfig
                0x00000000080028d8      0x528 Drivers/STM32F7xx_HAL_Driver/Src/stm32f7xx_hal_rcc_ex.o
                0x00000000080028d8                HAL_RCCEx_PeriphCLKConfig
 .text.HAL_RTC_Init
                0x0000000008002e00       0xdc Drivers/STM32F7xx_HAL_Driver/Src/stm32f7xx_hal_rtc.o
                0x0000000008002e00                HAL_RTC_Init
 .text.HAL_RTC_SetTime
                0x0000000008002edc      0x168 Drivers/STM32F7xx_HAL_Driver/Src/stm32f7xx_hal_rtc.o
                0x0000000008002edc                HAL_RTC_SetTime
 .text.HAL_RTC_SetDate
                0x0000000008003044      0x134 Drivers/STM32F7xx_HAL_Driver/Src/stm32f7xx_hal_rtc.o
                0x0000000008003044                HAL_RTC_SetDate
 .text.HAL_TIM_Base_Init
                0x0000000008003178      0x134 Drivers/STM32F7xx_HAL_Driver/Src/stm32f7xx_hal_tim.o
                0x0000000008003178                HAL_TIM_Base_Init
 .text.HAL_TIM_PWM_MspInit
                0x00000000080032ac        0x4 Drivers/STM32F7xx_HAL_Driver/Src/stm32f7xx_hal_tim.o
                0x00000000080032ac                HAL_TIM_PWM_MspInit
 .text.HAL_TIM_PWM_Init
                0x00000000080032b0      0x134 Drivers/STM32F7xx_HAL_Driver/Src/stm32f7xx_hal_tim.o
                0x00000000080032b0                HAL_TIM_PWM_Init
 .text.HAL_TIM_PWM_Start
                0x00000000080033e4      0x140 Drivers/STM32F7xx_HAL_Driver/Src/stm32f7xx_hal_tim.o
                0x00000000080033e4                HAL_TIM_PWM_Start
 .text.HAL_TIM_PWM_ConfigChannel
                0x0000000008003524      0x348 Drivers/STM32F7xx_HAL_Driver/Src/stm32f7xx_hal_tim.o
                0x0000000008003524                HAL_TIM_PWM_ConfigChannel
 .text.HAL_TIM_ConfigClockSource
                0x000000000800386c      0x150 Drivers/STM32F7xx_HAL_Driver/Src/stm32f7xx_hal_tim.o
                0x000000000800386c                HAL_TIM_ConfigClockSource
 .text.HAL_TIMEx_MasterConfigSynchronization
                0x00000000080039bc       0xc0 Drivers/STM32F7xx_HAL_Driver/Src/stm32f7xx_hal_tim_ex.o
                0x00000000080039bc                HAL_TIMEx_MasterConfigSynchronization
 .text.HAL_UART_TxCpltCallback
                0x0000000008003a7c        0x4 Drivers/STM32F7xx_HAL_Driver/Src/stm32f7xx_hal_uart.o
                0x0000000008003a7c                HAL_UART_TxCpltCallback
 .text.HAL_UART_ErrorCallback
                0x0000000008003a80        0x4 Drivers/STM32F7xx_HAL_Driver/Src/stm32f7xx_hal_uart.o
                0x0000000008003a80                HAL_UART_ErrorCallback
 .text.UART_DMAAbortOnError
                0x0000000008003a84       0x18 Drivers/STM32F7xx_HAL_Driver/Src/stm32f7xx_hal_uart.o
 .text.HAL_UARTEx_RxEventCallback
                0x0000000008003a9c        0x4 Drivers/STM32F7xx_HAL_Driver/Src/stm32f7xx_hal_uart.o
                0x0000000008003a9c                HAL_UARTEx_RxEventCallback
 .text.HAL_UART_IRQHandler
                0x0000000008003aa0      0x25c Drivers/STM32F7xx_HAL_Driver/Src/stm32f7xx_hal_uart.o
                0x0000000008003aa0                HAL_UART_IRQHandler
 .text.UART_AdvFeatureConfig
                0x0000000008003cfc       0xb0 Drivers/STM32F7xx_HAL_Driver/Src/stm32f7xx_hal_uart.o
                0x0000000008003cfc                UART_AdvFeatureConfig
 .text.HAL_UART_Init
                0x0000000008003dac      0x3b4 Drivers/STM32F7xx_HAL_Driver/Src/stm32f7xx_hal_uart.o
                0x0000000008003dac                HAL_UART_Init
 .text.Init_LCD_GPIO
                0x0000000008004160       0xf0 Drivers/Sors/SSD1963.o
                0x0000000008004160                Init_LCD_GPIO
 .text.SSD1963_WriteCommand
                0x0000000008004250       0x54 Drivers/Sors/SSD1963.o
                0x0000000008004250                SSD1963_WriteCommand
 .text.SSD1963_WriteData
                0x00000000080042a4       0x54 Drivers/Sors/SSD1963.o
                0x00000000080042a4                SSD1963_WriteData
 .text.SSD1963_WriteDataMultiple
                0x00000000080042f8       0x78 Drivers/Sors/SSD1963.o
                0x00000000080042f8                SSD1963_WriteDataMultiple
 .text.SSD1963_Init
                0x0000000008004370      0x6c8 Drivers/Sors/SSD1963.o
                0x0000000008004370                SSD1963_Init
 .text.Init_TOUCH_GPIO
                0x0000000008004a38       0x24 Drivers/Sors/STMPE610.o
                0x0000000008004a38                Init_TOUCH_GPIO
 .text.STMPE610_Init
                0x0000000008004a5c      0x218 Drivers/Sors/STMPE610.o
                0x0000000008004a5c                STMPE610_Init
 .text.VL53L0X_GetDeviceParameters
                0x0000000008004c74      0x14c Drivers/VL53L0X/vl53l0x_api.o
                0x0000000008004c74                VL53L0X_GetDeviceParameters
 .text.VL53L0X_DataInit
                0x0000000008004dc0      0x1e8 Drivers/VL53L0X/vl53l0x_api.o
                0x0000000008004dc0                VL53L0X_DataInit
 .text.VL53L0X_GetVcselPulsePeriod
                0x0000000008004fa8        0x4 Drivers/VL53L0X/vl53l0x_api.o
                0x0000000008004fa8                VL53L0X_GetVcselPulsePeriod
 .text.VL53L0X_GetSequenceStepEnables
                0x0000000008004fac       0x48 Drivers/VL53L0X/vl53l0x_api.o
                0x0000000008004fac                VL53L0X_GetSequenceStepEnables
 .text.VL53L0X_get_offset_calibration_data_micro_meter
                0x0000000008004ff4       0x40 Drivers/VL53L0X/vl53l0x_api_calibration.o
                0x0000000008004ff4                VL53L0X_get_offset_calibration_data_micro_meter
 .text.get_sequence_step_timeout
                0x0000000008005034      0x16c Drivers/VL53L0X/vl53l0x_api_core.o
                0x0000000008005034                get_sequence_step_timeout
 .text.VL53L0X_get_vcsel_pulse_period
                0x00000000080051a0       0x3c Drivers/VL53L0X/vl53l0x_api_core.o
                0x00000000080051a0                VL53L0X_get_vcsel_pulse_period
 .text.VL53L0X_get_measurement_timing_budget_micro_seconds
                0x00000000080051dc      0x174 Drivers/VL53L0X/vl53l0x_api_core.o
                0x00000000080051dc                VL53L0X_get_measurement_timing_budget_micro_seconds
 .text.VL53L0X_WrByte
                0x0000000008005350       0x34 Drivers/VL53L0X/vl53l0x_platform.o
                0x0000000008005350                VL53L0X_WrByte
 .text.VL53L0X_WrWord
                0x0000000008005384       0x38 Drivers/VL53L0X/vl53l0x_platform.o
                0x0000000008005384                VL53L0X_WrWord
 .text.VL53L0X_UpdateByte
                0x00000000080053bc       0x84 Drivers/VL53L0X/vl53l0x_platform.o
                0x00000000080053bc                VL53L0X_UpdateByte
 .text.VL53L0X_RdByte
                0x0000000008005440       0x48 Drivers/VL53L0X/vl53l0x_platform.o
                0x0000000008005440                VL53L0X_RdByte
 .text.VL53L0X_RdWord
                0x0000000008005488       0x5c Drivers/VL53L0X/vl53l0x_platform.o
                0x0000000008005488                VL53L0X_RdWord
 .text.VL53L0X_RdDWord
                0x00000000080054e4       0x68 Drivers/VL53L0X/vl53l0x_platform.o
                0x00000000080054e4                VL53L0X_RdDWord
 .text.GUI_X_Config
                0x000000000800554c       0x20 Src/GUIConf.o
                0x000000000800554c                GUI_X_Config
 .text.GUI_X_Init
                0x000000000800556c        0x4 Src/GUI_X.o
                0x000000000800556c                GUI_X_Init
 .text.LCD_X_Config
                0x0000000008005570       0xb4 Src/LCDConf.o
                0x0000000008005570                LCD_X_Config
 .text.LCD_X_DisplayDriver
                0x0000000008005624       0x18 Src/LCDConf.o
                0x0000000008005624                LCD_X_DisplayDriver
 .text.HAL_SYSTICK_Callback
                0x000000000800563c       0x10 Src/main.o
                0x000000000800563c                HAL_SYSTICK_Callback
 .text.HAL_ADC_ConvCpltCallback
                0x000000000800564c       0x28 Src/main.o
                0x000000000800564c                HAL_ADC_ConvCpltCallback
 .text.SystemClock_Config
                0x0000000008005674       0xc4 Src/main.o
                0x0000000008005674                SystemClock_Config
 .text.startup.main
                0x0000000008005738      0x568 Src/main.o
                0x0000000008005738                main
 .text.Error_Handler
                0x0000000008005ca0        0x4 Src/main.o
                0x0000000008005ca0                Error_Handler
 .text.HAL_MspInit
                0x0000000008005ca4       0x30 Src/stm32f7xx_hal_msp.o
                0x0000000008005ca4                HAL_MspInit
 .text.HAL_ADC_MspInit
                0x0000000008005cd4       0xb0 Src/stm32f7xx_hal_msp.o
                0x0000000008005cd4                HAL_ADC_MspInit
 .text.HAL_I2C_MspInit
                0x0000000008005d84       0xc0 Src/stm32f7xx_hal_msp.o
                0x0000000008005d84                HAL_I2C_MspInit
 .text.HAL_RTC_MspInit
                0x0000000008005e44       0x1c Src/stm32f7xx_hal_msp.o
                0x0000000008005e44                HAL_RTC_MspInit
 .text.HAL_TIM_Base_MspInit
                0x0000000008005e60       0x2c Src/stm32f7xx_hal_msp.o
                0x0000000008005e60                HAL_TIM_Base_MspInit
 .text.HAL_TIM_MspPostInit
                0x0000000008005e8c       0x50 Src/stm32f7xx_hal_msp.o
                0x0000000008005e8c                HAL_TIM_MspPostInit
 .text.HAL_UART_MspInit
                0x0000000008005edc       0xf4 Src/stm32f7xx_hal_msp.o
                0x0000000008005edc                HAL_UART_MspInit
 .text.NMI_Handler
                0x0000000008005fd0        0x4 Src/stm32f7xx_it.o
                0x0000000008005fd0                NMI_Handler
 .text.HardFault_Handler
                0x0000000008005fd4        0x4 Src/stm32f7xx_it.o
                0x0000000008005fd4                HardFault_Handler
 .text.MemManage_Handler
                0x0000000008005fd8        0x4 Src/stm32f7xx_it.o
                0x0000000008005fd8                MemManage_Handler
 .text.BusFault_Handler
                0x0000000008005fdc        0x4 Src/stm32f7xx_it.o
                0x0000000008005fdc                BusFault_Handler
 .text.UsageFault_Handler
                0x0000000008005fe0        0x4 Src/stm32f7xx_it.o
                0x0000000008005fe0                UsageFault_Handler
 .text.SVC_Handler
                0x0000000008005fe4        0x4 Src/stm32f7xx_it.o
                0x0000000008005fe4                SVC_Handler
 .text.DebugMon_Handler
                0x0000000008005fe8        0x4 Src/stm32f7xx_it.o
                0x0000000008005fe8                DebugMon_Handler
 .text.PendSV_Handler
                0x0000000008005fec        0x4 Src/stm32f7xx_it.o
                0x0000000008005fec                PendSV_Handler
 .text.SysTick_Handler
                0x0000000008005ff0       0x10 Src/stm32f7xx_it.o
                0x0000000008005ff0                SysTick_Handler
 .text.DMA1_Stream0_IRQHandler
                0x0000000008006000        0xc Src/stm32f7xx_it.o
                0x0000000008006000                DMA1_Stream0_IRQHandler
 .text.DMA1_Stream6_IRQHandler
                0x000000000800600c        0xc Src/stm32f7xx_it.o
                0x000000000800600c                DMA1_Stream6_IRQHandler
 .text.DMA2_Stream0_IRQHandler
                0x0000000008006018        0xc Src/stm32f7xx_it.o
                0x0000000008006018                DMA2_Stream0_IRQHandler
 .text.UART8_IRQHandler
                0x0000000008006024        0xc Src/stm32f7xx_it.o
                0x0000000008006024                UART8_IRQHandler
 .text.SystemInit
                0x0000000008006030       0x14 Src/system_stm32f7xx.o
                0x0000000008006030                SystemInit
 .text.Reset_Handler
                0x0000000008006044       0x50 Startup/startup_stm32f746zgtx.o
                0x0000000008006044                Reset_Handler
 .text.Default_Handler
                0x0000000008006094        0x2 Startup/startup_stm32f746zgtx.o
                0x0000000008006094                RTC_Alarm_IRQHandler
                0x0000000008006094                EXTI2_IRQHandler
                0x0000000008006094                TIM8_CC_IRQHandler
                0x0000000008006094                SPI4_IRQHandler
                0x0000000008006094                TIM1_CC_IRQHandler
                0x0000000008006094                DMA2_Stream5_IRQHandler
                0x0000000008006094                DMA1_Stream5_IRQHandler
                0x0000000008006094                PVD_IRQHandler
                0x0000000008006094                TAMP_STAMP_IRQHandler
                0x0000000008006094                CAN2_RX1_IRQHandler
                0x0000000008006094                EXTI3_IRQHandler
                0x0000000008006094                TIM8_TRG_COM_TIM14_IRQHandler
                0x0000000008006094                TIM1_UP_TIM10_IRQHandler
                0x0000000008006094                TIM8_UP_TIM13_IRQHandler
                0x0000000008006094                I2C3_ER_IRQHandler
                0x0000000008006094                EXTI0_IRQHandler
                0x0000000008006094                I2C2_EV_IRQHandler
                0x0000000008006094                DMA1_Stream2_IRQHandler
                0x0000000008006094                CAN1_RX0_IRQHandler
                0x0000000008006094                FPU_IRQHandler
                0x0000000008006094                OTG_HS_WKUP_IRQHandler
                0x0000000008006094                LTDC_ER_IRQHandler
                0x0000000008006094                CAN2_SCE_IRQHandler
                0x0000000008006094                DMA2_Stream2_IRQHandler
                0x0000000008006094                SPI1_IRQHandler
                0x0000000008006094                TIM6_DAC_IRQHandler
                0x0000000008006094                TIM1_BRK_TIM9_IRQHandler
                0x0000000008006094                DCMI_IRQHandler
                0x0000000008006094                CAN2_RX0_IRQHandler
                0x0000000008006094                DMA2_Stream3_IRQHandler
                0x0000000008006094                SAI2_IRQHandler
                0x0000000008006094                USART6_IRQHandler
                0x0000000008006094                USART3_IRQHandler
                0x0000000008006094                CAN1_RX1_IRQHandler
                0x0000000008006094                UART5_IRQHandler
                0x0000000008006094                TIM4_IRQHandler
                0x0000000008006094                QUADSPI_IRQHandler
                0x0000000008006094                I2C1_EV_IRQHandler
                0x0000000008006094                DMA1_Stream1_IRQHandler
                0x0000000008006094                UART4_IRQHandler
                0x0000000008006094                TIM3_IRQHandler
                0x0000000008006094                RCC_IRQHandler
                0x0000000008006094                TIM8_BRK_TIM12_IRQHandler
                0x0000000008006094                Default_Handler
                0x0000000008006094                CEC_IRQHandler
                0x0000000008006094                EXTI15_10_IRQHandler
                0x0000000008006094                ADC_IRQHandler
                0x0000000008006094                DMA1_Stream7_IRQHandler
                0x0000000008006094                SPI5_IRQHandler
                0x0000000008006094                TIM7_IRQHandler
                0x0000000008006094                SDMMC1_IRQHandler
                0x0000000008006094                CAN2_TX_IRQHandler
                0x0000000008006094                TIM5_IRQHandler
                0x0000000008006094                DMA2_Stream7_IRQHandler
                0x0000000008006094                I2C3_EV_IRQHandler
                0x0000000008006094                EXTI9_5_IRQHandler
                0x0000000008006094                RTC_WKUP_IRQHandler
                0x0000000008006094                LTDC_IRQHandler
                0x0000000008006094                ETH_WKUP_IRQHandler
                0x0000000008006094                SPDIF_RX_IRQHandler
                0x0000000008006094                SPI2_IRQHandler
                0x0000000008006094                OTG_HS_EP1_IN_IRQHandler
                0x0000000008006094                CAN1_TX_IRQHandler
                0x0000000008006094                EXTI4_IRQHandler
                0x0000000008006094                RNG_IRQHandler
                0x0000000008006094                ETH_IRQHandler
                0x0000000008006094                OTG_HS_EP1_OUT_IRQHandler
                0x0000000008006094                WWDG_IRQHandler
                0x0000000008006094                SPI6_IRQHandler
                0x0000000008006094                I2C4_EV_IRQHandler
                0x0000000008006094                TIM2_IRQHandler
                0x0000000008006094                OTG_FS_WKUP_IRQHandler
                0x0000000008006094                TIM1_TRG_COM_TIM11_IRQHandler
                0x0000000008006094                OTG_HS_IRQHandler
                0x0000000008006094                DMA2D_IRQHandler
                0x0000000008006094                EXTI1_IRQHandler
                0x0000000008006094                UART7_IRQHandler
                0x0000000008006094                USART2_IRQHandler
                0x0000000008006094                I2C2_ER_IRQHandler
                0x0000000008006094                DMA2_Stream1_IRQHandler
                0x0000000008006094                CAN1_SCE_IRQHandler
                0x0000000008006094                FLASH_IRQHandler
                0x0000000008006094                DMA2_Stream4_IRQHandler
                0x0000000008006094                USART1_IRQHandler
                0x0000000008006094                OTG_FS_IRQHandler
                0x0000000008006094                SPI3_IRQHandler
                0x0000000008006094                DMA1_Stream4_IRQHandler
                0x0000000008006094                I2C1_ER_IRQHandler
                0x0000000008006094                FMC_IRQHandler
                0x0000000008006094                LPTIM1_IRQHandler
                0x0000000008006094                I2C4_ER_IRQHandler
                0x0000000008006094                DMA2_Stream6_IRQHandler
                0x0000000008006094                SAI1_IRQHandler
                0x0000000008006094                DMA1_Stream3_IRQHandler
 .text.WM_GetParent
                0x0000000008006096       0x10 ../STemWinLib/Lib\libStemWin532_CM7_GCC.a(WM_GetParent.o)
                0x0000000008006096                WM_GetParent
 .text.WM_GetFirstChild
                0x00000000080060a6       0x10 ../STemWinLib/Lib\libStemWin532_CM7_GCC.a(WM_GetFirstChild.o)
                0x00000000080060a6                WM_GetFirstChild
 *fill*         0x00000000080060b6        0x2 
 .text.WM_GetDesktopWindow
                0x00000000080060b8       0x18 ../STemWinLib/Lib\libStemWin532_CM7_GCC.a(WM_GetDesktopWindow.o)
                0x00000000080060b8                WM_GetDesktopWindow
 .text.WM__GetClientRectEx
                0x00000000080060d0       0x22 ../STemWinLib/Lib\libStemWin532_CM7_GCC.a(WM_GetClientRect.o)
                0x00000000080060d0                WM__GetClientRectEx
 *fill*         0x00000000080060f2        0x2 
 .text._OnExit  0x00000000080060f4       0x50 ../STemWinLib/Lib\libStemWin532_CM7_GCC.a(WM.o)
 .text._Findy1  0x0000000008006144       0xac ../STemWinLib/Lib\libStemWin532_CM7_GCC.a(WM.o)
 .text._Findx0  0x00000000080061f0       0x88 ../STemWinLib/Lib\libStemWin532_CM7_GCC.a(WM.o)
 .text._Findx1  0x0000000008006278       0x76 ../STemWinLib/Lib\libStemWin532_CM7_GCC.a(WM.o)
 *fill*         0x00000000080062ee        0x2 
 .text.WM__ClipAtParentBorders
                0x00000000080062f0       0x5c ../STemWinLib/Lib\libStemWin532_CM7_GCC.a(WM.o)
                0x00000000080062f0                WM__ClipAtParentBorders
 .text.WM__InsertWindowIntoList
                0x000000000800634c       0xa4 ../STemWinLib/Lib\libStemWin532_CM7_GCC.a(WM.o)
                0x000000000800634c                WM__InsertWindowIntoList
 .text.WM__Client2Screen
                0x00000000080063f0       0x10 ../STemWinLib/Lib\libStemWin532_CM7_GCC.a(WM.o)
                0x00000000080063f0                WM__Client2Screen
 .text._SetClipRectUserIntersect
                0x0000000008006400       0x50 ../STemWinLib/Lib\libStemWin532_CM7_GCC.a(WM.o)
 .text.WM__ActivateClipRect
                0x0000000008006450       0x48 ../STemWinLib/Lib\libStemWin532_CM7_GCC.a(WM.o)
                0x0000000008006450                WM__ActivateClipRect
 .text.WM__InvalidateDrawAndDescs
                0x0000000008006498       0x50 ../STemWinLib/Lib\libStemWin532_CM7_GCC.a(WM.o)
                0x0000000008006498                WM__InvalidateDrawAndDescs
 .text.WM__RectIsNZ
                0x00000000080064e8       0x22 ../STemWinLib/Lib\libStemWin532_CM7_GCC.a(WM.o)
                0x00000000080064e8                WM__RectIsNZ
 *fill*         0x000000000800650a        0x2 
 .text._Invalidate1Abs
                0x000000000800650c       0x88 ../STemWinLib/Lib\libStemWin532_CM7_GCC.a(WM.o)
 .text.WM__Invalidate1Abs
                0x0000000008006594        0x6 ../STemWinLib/Lib\libStemWin532_CM7_GCC.a(WM.o)
                0x0000000008006594                WM__Invalidate1Abs
 .text.WM_InvalidateWindowAndDescsEx
                0x000000000800659a       0x64 ../STemWinLib/Lib\libStemWin532_CM7_GCC.a(WM.o)
                0x000000000800659a                WM_InvalidateWindowAndDescsEx
 .text.WM__InvalidateRect
                0x00000000080065fe       0x78 ../STemWinLib/Lib\libStemWin532_CM7_GCC.a(WM.o)
                0x00000000080065fe                WM__InvalidateRect
 .text.WM__InvalidateRectEx
                0x0000000008006676        0x6 ../STemWinLib/Lib\libStemWin532_CM7_GCC.a(WM.o)
                0x0000000008006676                WM__InvalidateRectEx
 .text.WM__SendMsgNoData
                0x000000000800667c       0x16 ../STemWinLib/Lib\libStemWin532_CM7_GCC.a(WM.o)
                0x000000000800667c                WM__SendMsgNoData
 .text.WM__GetClientRectWin
                0x0000000008006692       0x18 ../STemWinLib/Lib\libStemWin532_CM7_GCC.a(WM.o)
                0x0000000008006692                WM__GetClientRectWin
 .text.WM_InvalidateRect
                0x00000000080066aa       0x78 ../STemWinLib/Lib\libStemWin532_CM7_GCC.a(WM.o)
                0x00000000080066aa                WM_InvalidateRect
 .text.WM_InvalidateWindow
                0x0000000008006722        0x6 ../STemWinLib/Lib\libStemWin532_CM7_GCC.a(WM.o)
                0x0000000008006722                WM_InvalidateWindow
 .text.WM__GetTopLevelLayer
                0x0000000008006728       0x28 ../STemWinLib/Lib\libStemWin532_CM7_GCC.a(WM.o)
                0x0000000008006728                WM__GetTopLevelLayer
 .text.WM__SelectTopLevelLayer
                0x0000000008006750       0x14 ../STemWinLib/Lib\libStemWin532_CM7_GCC.a(WM.o)
                0x0000000008006750                WM__SelectTopLevelLayer
 .text.WM_SelectWindow
                0x0000000008006764       0x40 ../STemWinLib/Lib\libStemWin532_CM7_GCC.a(WM.o)
                0x0000000008006764                WM_SelectWindow
 .text.WM_CreateWindowAsChild
                0x00000000080067a4      0x154 ../STemWinLib/Lib\libStemWin532_CM7_GCC.a(WM.o)
                0x00000000080067a4                WM_CreateWindowAsChild
 .text.WM__GetNextIVR
                0x00000000080068f8      0x184 ../STemWinLib/Lib\libStemWin532_CM7_GCC.a(WM.o)
                0x00000000080068f8                WM__GetNextIVR
 .text.WM__InitIVRSearch
                0x0000000008006a7c       0xfc ../STemWinLib/Lib\libStemWin532_CM7_GCC.a(WM.o)
                0x0000000008006a7c                WM__InitIVRSearch
 .text.WM_Activate
                0x0000000008006b78       0x10 ../STemWinLib/Lib\libStemWin532_CM7_GCC.a(WM.o)
                0x0000000008006b78                WM_Activate
 .text.WM_Deactivate
                0x0000000008006b88       0x14 ../STemWinLib/Lib\libStemWin532_CM7_GCC.a(WM.o)
                0x0000000008006b88                WM_Deactivate
 .text.WM_DefaultProc
                0x0000000008006b9c       0x48 ../STemWinLib/Lib\libStemWin532_CM7_GCC.a(WM.o)
                0x0000000008006b9c                WM_DefaultProc
 .text._cbBackWin
                0x0000000008006be4       0x68 ../STemWinLib/Lib\libStemWin532_CM7_GCC.a(WM.o)
 .text.WM_Init  0x0000000008006c4c       0xf4 ../STemWinLib/Lib\libStemWin532_CM7_GCC.a(WM.o)
                0x0000000008006c4c                WM_Init
 .text.GUI_MEMDEV_GetDataPtr
                0x0000000008006d40       0x1e ../STemWinLib/Lib\libStemWin532_CM7_GCC.a(GUIDEV_GetDataPtr.o)
                0x0000000008006d40                GUI_MEMDEV_GetDataPtr
 *fill*         0x0000000008006d5e        0x2 
 .text.GUI_MEMDEV__CreateFixed
                0x0000000008006d60      0x104 ../STemWinLib/Lib\libStemWin532_CM7_GCC.a(GUIDEV.o)
                0x0000000008006d60                GUI_MEMDEV__CreateFixed
 .text.GUI_MEMDEV_GetBitsPerPixel
                0x0000000008006e64       0x2a ../STemWinLib/Lib\libStemWin532_CM7_GCC.a(GUIDEV.o)
                0x0000000008006e64                GUI_MEMDEV_GetBitsPerPixel
 *fill*         0x0000000008006e8e        0x2 
 .text.GUI_MEMDEV_Delete
                0x0000000008006e90       0x44 ../STemWinLib/Lib\libStemWin532_CM7_GCC.a(GUIDEV.o)
                0x0000000008006e90                GUI_MEMDEV_Delete
 .text.GUI_MEMDEV_CreateEx
                0x0000000008006ed4       0x78 ../STemWinLib/Lib\libStemWin532_CM7_GCC.a(GUIDEV.o)
                0x0000000008006ed4                GUI_MEMDEV_CreateEx
 .text.GUI_MEMDEV_Create
                0x0000000008006f4c        0xe ../STemWinLib/Lib\libStemWin532_CM7_GCC.a(GUIDEV.o)
                0x0000000008006f4c                GUI_MEMDEV_Create
 *fill*         0x0000000008006f5a        0x2 
 .text.GUI_MEMDEV_Select
                0x0000000008006f5c       0x4c ../STemWinLib/Lib\libStemWin532_CM7_GCC.a(GUIDEV.o)
                0x0000000008006f5c                GUI_MEMDEV_Select
 .text.GUI_MEMDEV_CopyToLCDAt
                0x0000000008006fa8       0xa4 ../STemWinLib/Lib\libStemWin532_CM7_GCC.a(GUIDEV.o)
                0x0000000008006fa8                GUI_MEMDEV_CopyToLCDAt
 .text.GUI_MEMDEV_CopyToLCD
                0x000000000800704c        0xc ../STemWinLib/Lib\libStemWin532_CM7_GCC.a(GUIDEV.o)
                0x000000000800704c                GUI_MEMDEV_CopyToLCD
 .text._SetPhysRAMAddr
                0x0000000008007058       0xc0 ../STemWinLib/Lib\libStemWin532_CM7_GCC.a(GUIDRV_FlexColor_Func66720.o)
 .text._SetRect
                0x0000000008007118      0x176 ../STemWinLib/Lib\libStemWin532_CM7_GCC.a(GUIDRV_FlexColor_Func66720.o)
 *fill*         0x000000000800728e        0x2 
 .text._SetOrientation
                0x0000000008007290       0x3c ../STemWinLib/Lib\libStemWin532_CM7_GCC.a(GUIDRV_FlexColor_Func66720.o)
 .text._ReadPixel_16bpp_B8
                0x00000000080072cc       0x38 ../STemWinLib/Lib\libStemWin532_CM7_GCC.a(GUIDRV_FlexColor_Func66720.o)
 .text._ReadPixel_16bpp_B16_I
                0x0000000008007304       0x3e ../STemWinLib/Lib\libStemWin532_CM7_GCC.a(GUIDRV_FlexColor_Func66720.o)
 .text._SetReg_B8
                0x0000000008007342       0x18 ../STemWinLib/Lib\libStemWin532_CM7_GCC.a(GUIDRV_FlexColor_Func66720.o)
 .text._SetReg_B16
                0x000000000800735a        0xc ../STemWinLib/Lib\libStemWin532_CM7_GCC.a(GUIDRV_FlexColor_Func66720.o)
 .text._WritePara_B8
                0x0000000008007366        0xc ../STemWinLib/Lib\libStemWin532_CM7_GCC.a(GUIDRV_FlexColor_Func66720.o)
 .text._WritePara_B16
                0x0000000008007372        0xc ../STemWinLib/Lib\libStemWin532_CM7_GCC.a(GUIDRV_FlexColor_Func66720.o)
 *fill*         0x000000000800737e        0x2 
 .text._SetInterface
                0x0000000008007380       0x34 ../STemWinLib/Lib\libStemWin532_CM7_GCC.a(GUIDRV_FlexColor_Func66720.o)
 .text._ReadRect_16bpp_B8
                0x00000000080073b4       0x60 ../STemWinLib/Lib\libStemWin532_CM7_GCC.a(GUIDRV_FlexColor_Func66720.o)
 .text._ReadRect_16bpp_B16_I
                0x0000000008007414       0x62 ../STemWinLib/Lib\libStemWin532_CM7_GCC.a(GUIDRV_FlexColor_Func66720.o)
 *fill*         0x0000000008007476        0x2 
 .text.GUIDRV_FlexColor_SetFunc66720
                0x0000000008007478       0x74 ../STemWinLib/Lib\libStemWin532_CM7_GCC.a(GUIDRV_FlexColor_Func66720.o)
                0x0000000008007478                GUIDRV_FlexColor_SetFunc66720
 .text._ReadData
                0x00000000080074ec        0xa ../STemWinLib/Lib\libStemWin532_CM7_GCC.a(GUIDRV_FlexColor_16bpp_C0B16.o)
 .text._WriteData
                0x00000000080074f6        0xc ../STemWinLib/Lib\libStemWin532_CM7_GCC.a(GUIDRV_FlexColor_16bpp_C0B16.o)
 *fill*         0x0000000008007502        0x2 
 .text._FillRect
                0x0000000008007504      0x100 ../STemWinLib/Lib\libStemWin532_CM7_GCC.a(GUIDRV_FlexColor_16bpp_C0B16.o)
 .text._DrawBitmap
                0x0000000008007604      0x510 ../STemWinLib/Lib\libStemWin532_CM7_GCC.a(GUIDRV_FlexColor_16bpp_C0B16.o)
 .text.GUIDRV_FlexColor_SetMode16bppC0B16
                0x0000000008007b14       0x68 ../STemWinLib/Lib\libStemWin532_CM7_GCC.a(GUIDRV_FlexColor_16bpp_C0B16.o)
                0x0000000008007b14                GUIDRV_FlexColor_SetMode16bppC0B16
 .text._Log2PhysX_X0Y0S0
                0x0000000008007b7c        0x4 ../STemWinLib/Lib\libStemWin532_CM7_GCC.a(GUIDRV_FlexColor.o)
 .text._Log2PhysX_X1Y0S0
                0x0000000008007b80        0x8 ../STemWinLib/Lib\libStemWin532_CM7_GCC.a(GUIDRV_FlexColor.o)
 .text._Log2PhysX_X0Y1S0
                0x0000000008007b88        0x4 ../STemWinLib/Lib\libStemWin532_CM7_GCC.a(GUIDRV_FlexColor.o)
 .text._Log2PhysX_X1Y1S0
                0x0000000008007b8c        0x8 ../STemWinLib/Lib\libStemWin532_CM7_GCC.a(GUIDRV_FlexColor.o)
 .text._Log2PhysX_X0Y0S1
                0x0000000008007b94        0x4 ../STemWinLib/Lib\libStemWin532_CM7_GCC.a(GUIDRV_FlexColor.o)
 .text._Log2PhysX_X1Y0S1
                0x0000000008007b98        0x8 ../STemWinLib/Lib\libStemWin532_CM7_GCC.a(GUIDRV_FlexColor.o)
 .text._Log2PhysX_X0Y1S1
                0x0000000008007ba0        0x4 ../STemWinLib/Lib\libStemWin532_CM7_GCC.a(GUIDRV_FlexColor.o)
 .text._Log2PhysX_X1Y1S1
                0x0000000008007ba4        0x8 ../STemWinLib/Lib\libStemWin532_CM7_GCC.a(GUIDRV_FlexColor.o)
 .text._Log2PhysY_X0Y0S0
                0x0000000008007bac        0x4 ../STemWinLib/Lib\libStemWin532_CM7_GCC.a(GUIDRV_FlexColor.o)
 .text._Log2PhysY_X1Y0S0
                0x0000000008007bb0        0x4 ../STemWinLib/Lib\libStemWin532_CM7_GCC.a(GUIDRV_FlexColor.o)
 .text._Log2PhysY_X0Y1S0
                0x0000000008007bb4        0x8 ../STemWinLib/Lib\libStemWin532_CM7_GCC.a(GUIDRV_FlexColor.o)
 .text._Log2PhysY_X1Y1S0
                0x0000000008007bbc        0x8 ../STemWinLib/Lib\libStemWin532_CM7_GCC.a(GUIDRV_FlexColor.o)
 .text._Log2PhysY_X0Y0S1
                0x0000000008007bc4        0x4 ../STemWinLib/Lib\libStemWin532_CM7_GCC.a(GUIDRV_FlexColor.o)
 .text._Log2PhysY_X1Y0S1
                0x0000000008007bc8        0x4 ../STemWinLib/Lib\libStemWin532_CM7_GCC.a(GUIDRV_FlexColor.o)
 .text._Log2PhysY_X0Y1S1
                0x0000000008007bcc        0x8 ../STemWinLib/Lib\libStemWin532_CM7_GCC.a(GUIDRV_FlexColor.o)
 .text._Log2PhysY_X1Y1S1
                0x0000000008007bd4        0x8 ../STemWinLib/Lib\libStemWin532_CM7_GCC.a(GUIDRV_FlexColor.o)
 .text._SetPixelIndex
                0x0000000008007bdc        0xc ../STemWinLib/Lib\libStemWin532_CM7_GCC.a(GUIDRV_FlexColor.o)
 .text._GetPixelIndex
                0x0000000008007be8        0xc ../STemWinLib/Lib\libStemWin532_CM7_GCC.a(GUIDRV_FlexColor.o)
 .text._XorPixel
                0x0000000008007bf4       0x28 ../STemWinLib/Lib\libStemWin532_CM7_GCC.a(GUIDRV_FlexColor.o)
 .text._DrawHLine
                0x0000000008007c1c       0x10 ../STemWinLib/Lib\libStemWin532_CM7_GCC.a(GUIDRV_FlexColor.o)
 .text._DrawVLine
                0x0000000008007c2c       0x12 ../STemWinLib/Lib\libStemWin532_CM7_GCC.a(GUIDRV_FlexColor.o)
 .text._FillRect
                0x0000000008007c3e       0x12 ../STemWinLib/Lib\libStemWin532_CM7_GCC.a(GUIDRV_FlexColor.o)
 .text._DrawBitmap
                0x0000000008007c50       0x28 ../STemWinLib/Lib\libStemWin532_CM7_GCC.a(GUIDRV_FlexColor.o)
 .text._GetDevFunc_SetRect
                0x0000000008007c78        0x2 ../STemWinLib/Lib\libStemWin532_CM7_GCC.a(GUIDRV_FlexColor.o)
 *fill*         0x0000000008007c7a        0x2 
 .text._GetDevFunc_SetRectOutside
                0x0000000008007c7c       0x40 ../STemWinLib/Lib\libStemWin532_CM7_GCC.a(GUIDRV_FlexColor.o)
 .text._ReadPixelCust_16bpp
                0x0000000008007cbc        0xe ../STemWinLib/Lib\libStemWin532_CM7_GCC.a(GUIDRV_FlexColor.o)
 .text._ReadPixelCust_18bpp
                0x0000000008007cca        0xe ../STemWinLib/Lib\libStemWin532_CM7_GCC.a(GUIDRV_FlexColor.o)
 .text._ReadRectCust_16bpp
                0x0000000008007cd8       0x36 ../STemWinLib/Lib\libStemWin532_CM7_GCC.a(GUIDRV_FlexColor.o)
 .text._ReadRectCust_18bpp
                0x0000000008007d0e       0x36 ../STemWinLib/Lib\libStemWin532_CM7_GCC.a(GUIDRV_FlexColor.o)
 .text._GetDevFunc
                0x0000000008007d44       0x6c ../STemWinLib/Lib\libStemWin532_CM7_GCC.a(GUIDRV_FlexColor.o)
 .text._GetDevProp
                0x0000000008007db0       0x5a ../STemWinLib/Lib\libStemWin532_CM7_GCC.a(GUIDRV_FlexColor.o)
 .text._GetDevData
                0x0000000008007e0a        0xc ../STemWinLib/Lib\libStemWin532_CM7_GCC.a(GUIDRV_FlexColor.o)
 .text._GetRect
                0x0000000008007e16       0x16 ../STemWinLib/Lib\libStemWin532_CM7_GCC.a(GUIDRV_FlexColor.o)
 .text.GUIDRV_FlexColor__SetLog2Phys
                0x0000000008007e2c       0x48 ../STemWinLib/Lib\libStemWin532_CM7_GCC.a(GUIDRV_FlexColor.o)
                0x0000000008007e2c                GUIDRV_FlexColor__SetLog2Phys
 .text._SetOrg  0x0000000008007e74       0x16 ../STemWinLib/Lib\libStemWin532_CM7_GCC.a(GUIDRV_FlexColor.o)
 .text.GUIDRV_FlexColor__SetPixelIndexNoCache
                0x0000000008007e8a       0x90 ../STemWinLib/Lib\libStemWin532_CM7_GCC.a(GUIDRV_FlexColor.o)
                0x0000000008007e8a                GUIDRV_FlexColor__SetPixelIndexNoCache
 .text.GUIDRV_FlexColor__GetPixelIndexNoCache
                0x0000000008007f1a       0xb2 ../STemWinLib/Lib\libStemWin532_CM7_GCC.a(GUIDRV_FlexColor.o)
                0x0000000008007f1a                GUIDRV_FlexColor__GetPixelIndexNoCache
 .text.GUIDRV_FlexColor__InitOnce
                0x0000000008007fcc       0x34 ../STemWinLib/Lib\libStemWin532_CM7_GCC.a(GUIDRV_FlexColor.o)
                0x0000000008007fcc                GUIDRV_FlexColor__InitOnce
 .text._SetDevFunc
                0x0000000008008000       0x9c ../STemWinLib/Lib\libStemWin532_CM7_GCC.a(GUIDRV_FlexColor.o)
 .text._GetDevFunc_Init
                0x000000000800809c       0x4a ../STemWinLib/Lib\libStemWin532_CM7_GCC.a(GUIDRV_FlexColor.o)
 .text._GetDevFunc_SetSize
                0x00000000080080e6       0x14 ../STemWinLib/Lib\libStemWin532_CM7_GCC.a(GUIDRV_FlexColor.o)
 .text._GetDevFunc_SetVSize
                0x00000000080080fa       0x14 ../STemWinLib/Lib\libStemWin532_CM7_GCC.a(GUIDRV_FlexColor.o)
 .text.GUIDRV_FlexColor_Config
                0x000000000800810e       0x3c ../STemWinLib/Lib\libStemWin532_CM7_GCC.a(GUIDRV_FlexColor.o)
                0x000000000800810e                GUIDRV_FlexColor_Config
 .text.GUIDRV_FlexColor_SetFunc
                0x000000000800814a       0x32 ../STemWinLib/Lib\libStemWin532_CM7_GCC.a(GUIDRV_FlexColor.o)
                0x000000000800814a                GUIDRV_FlexColor_SetFunc
 .text.LCD_UpdateColorIndices
                0x000000000800817c       0x24 ../STemWinLib/Lib\libStemWin532_CM7_GCC.a(LCD_UpdateColorIndices.o)
                0x000000000800817c                LCD_UpdateColorIndices
 .text.LCD_SetClipRectEx
                0x00000000080081a0       0x30 ../STemWinLib/Lib\libStemWin532_CM7_GCC.a(LCD_SetClipRectEx.o)
                0x00000000080081a0                LCD_SetClipRectEx
 .text.LCD_SetVSizeEx
                0x00000000080081d0       0x30 ../STemWinLib/Lib\libStemWin532_CM7_GCC.a(LCD_Set.o)
                0x00000000080081d0                LCD_SetVSizeEx
 .text.LCD_SetSizeEx
                0x0000000008008200       0x30 ../STemWinLib/Lib\libStemWin532_CM7_GCC.a(LCD_Set.o)
                0x0000000008008200                LCD_SetSizeEx
 .text.LCD_SetLUTEntryEx
                0x0000000008008230       0x30 ../STemWinLib/Lib\libStemWin532_CM7_GCC.a(LCD_Set.o)
                0x0000000008008230                LCD_SetLUTEntryEx
 .text._GetDevProp
                0x0000000008008260       0x1e ../STemWinLib/Lib\libStemWin532_CM7_GCC.a(LCD_GetEx.o)
 .text._GetMaxValue
                0x000000000800827e       0x22 ../STemWinLib/Lib\libStemWin532_CM7_GCC.a(LCD_GetEx.o)
 .text.LCD_GetXSizeEx
                0x00000000080082a0        0x6 ../STemWinLib/Lib\libStemWin532_CM7_GCC.a(LCD_GetEx.o)
                0x00000000080082a0                LCD_GetXSizeEx
 .text.LCD_GetYSizeEx
                0x00000000080082a6        0x6 ../STemWinLib/Lib\libStemWin532_CM7_GCC.a(LCD_GetEx.o)
                0x00000000080082a6                LCD_GetYSizeEx
 .text.LCD_GetBitsPerPixelEx
                0x00000000080082ac        0x6 ../STemWinLib/Lib\libStemWin532_CM7_GCC.a(LCD_GetEx.o)
                0x00000000080082ac                LCD_GetBitsPerPixelEx
 .text.LCD_GetNumColorsEx
                0x00000000080082b2        0x6 ../STemWinLib/Lib\libStemWin532_CM7_GCC.a(LCD_GetEx.o)
                0x00000000080082b2                LCD_GetNumColorsEx
 .text.LCD_GetNumColors
                0x00000000080082b8       0x10 ../STemWinLib/Lib\libStemWin532_CM7_GCC.a(LCD_GetEx.o)
                0x00000000080082b8                LCD_GetNumColors
 .text.GUI_GetBitsPerPixelEx
                0x00000000080082c8       0x18 ../STemWinLib/Lib\libStemWin532_CM7_GCC.a(LCD_GetEx.o)
                0x00000000080082c8                GUI_GetBitsPerPixelEx
 .text.LCD_GetPaletteEx
                0x00000000080082e0       0x14 ../STemWinLib/Lib\libStemWin532_CM7_GCC.a(LCD_GetEx.o)
                0x00000000080082e0                LCD_GetPaletteEx
 .text.LCD_GetPalette
                0x00000000080082f4       0x10 ../STemWinLib/Lib\libStemWin532_CM7_GCC.a(LCD_GetEx.o)
                0x00000000080082f4                LCD_GetPalette
 .text.GUI_GetpfIndex2ColorEx
                0x0000000008008304       0x10 ../STemWinLib/Lib\libStemWin532_CM7_GCC.a(LCD_GetEx.o)
                0x0000000008008304                GUI_GetpfIndex2ColorEx
 .text.GUI_GetpfColor2IndexEx
                0x0000000008008314       0x10 ../STemWinLib/Lib\libStemWin532_CM7_GCC.a(LCD_GetEx.o)
                0x0000000008008314                GUI_GetpfColor2IndexEx
 .text.LCD_GetXSizeMax
                0x0000000008008324        0x6 ../STemWinLib/Lib\libStemWin532_CM7_GCC.a(LCD_GetEx.o)
                0x0000000008008324                LCD_GetXSizeMax
 .text.LCD_GetYSizeMax
                0x000000000800832a        0x6 ../STemWinLib/Lib\libStemWin532_CM7_GCC.a(LCD_GetEx.o)
                0x000000000800832a                LCD_GetYSizeMax
 .text.LCD_SetDisplaySize
                0x0000000008008330       0x14 ../STemWinLib/Lib\libStemWin532_CM7_GCC.a(LCD_GetEx.o)
                0x0000000008008330                LCD_SetDisplaySize
 .text.LCD_GetXSizeDisplay
                0x0000000008008344        0xc ../STemWinLib/Lib\libStemWin532_CM7_GCC.a(LCD_GetEx.o)
                0x0000000008008344                LCD_GetXSizeDisplay
 .text.LCD_GetYSizeDisplay
                0x0000000008008350        0xc ../STemWinLib/Lib\libStemWin532_CM7_GCC.a(LCD_GetEx.o)
                0x0000000008008350                LCD_GetYSizeDisplay
 .text.LCD__GetBPP
                0x000000000800835c       0x7e ../STemWinLib/Lib\libStemWin532_CM7_GCC.a(LCD_GetEx.o)
                0x000000000800835c                LCD__GetBPP
 .text.LCD__GetBPPDevice
                0x00000000080083da       0x2c ../STemWinLib/Lib\libStemWin532_CM7_GCC.a(LCD_GetEx.o)
                0x00000000080083da                LCD__GetBPPDevice
 *fill*         0x0000000008008406        0x2 
 .text._SetDrawMode
                0x0000000008008408       0x28 ../STemWinLib/Lib\libStemWin532_CM7_GCC.a(LCD.o)
 .text.LCD_SetDrawMode
                0x0000000008008430       0x10 ../STemWinLib/Lib\libStemWin532_CM7_GCC.a(LCD.o)
                0x0000000008008430                LCD_SetDrawMode
 .text.LCD_DrawPixel
                0x0000000008008440       0x5c ../STemWinLib/Lib\libStemWin532_CM7_GCC.a(LCD.o)
                0x0000000008008440                LCD_DrawPixel
 .text.LCD_DrawHLine
                0x000000000800849c       0x4c ../STemWinLib/Lib\libStemWin532_CM7_GCC.a(LCD.o)
                0x000000000800849c                LCD_DrawHLine
 .text.LCD_DrawVLine
                0x00000000080084e8       0x4c ../STemWinLib/Lib\libStemWin532_CM7_GCC.a(LCD.o)
                0x00000000080084e8                LCD_DrawVLine
 .text.LCD_FillRect
                0x0000000008008534       0x58 ../STemWinLib/Lib\libStemWin532_CM7_GCC.a(LCD.o)
                0x0000000008008534                LCD_FillRect
 .text.LCD__DrawBitmap_1bpp
                0x000000000800858c      0x1b8 ../STemWinLib/Lib\libStemWin532_CM7_GCC.a(LCD.o)
                0x000000000800858c                LCD__DrawBitmap_1bpp
 .text.LCD_DrawBitmap
                0x0000000008008744      0x218 ../STemWinLib/Lib\libStemWin532_CM7_GCC.a(LCD.o)
                0x0000000008008744                LCD_DrawBitmap
 .text.LCD_SetClipRectMax
                0x000000000800895c       0x20 ../STemWinLib/Lib\libStemWin532_CM7_GCC.a(LCD.o)
                0x000000000800895c                LCD_SetClipRectMax
 .text.emWin_LCD_Init
                0x000000000800897c       0x92 ../STemWinLib/Lib\libStemWin532_CM7_GCC.a(LCD.o)
                0x000000000800897c                emWin_LCD_Init
 *fill*         0x0000000008008a0e        0x2 
 .text.LCD_Color2Index
                0x0000000008008a10       0x20 ../STemWinLib/Lib\libStemWin532_CM7_GCC.a(LCD.o)
                0x0000000008008a10                LCD_Color2Index
 .text.LCD_Index2Color
                0x0000000008008a30       0x20 ../STemWinLib/Lib\libStemWin532_CM7_GCC.a(LCD.o)
                0x0000000008008a30                LCD_Index2Color
 .text.LCD_SetColorIndex
                0x0000000008008a50       0x18 ../STemWinLib/Lib\libStemWin532_CM7_GCC.a(LCD.o)
                0x0000000008008a50                LCD_SetColorIndex
 .text._SetColor
                0x0000000008008a68       0x20 ../STemWinLib/Lib\libStemWin532_CM7_GCC.a(LCD.o)
 .text.LCD_SetBkColorIndex
                0x0000000008008a88       0x18 ../STemWinLib/Lib\libStemWin532_CM7_GCC.a(LCD.o)
                0x0000000008008a88                LCD_SetBkColorIndex
 .text._SetBkColor
                0x0000000008008aa0       0x20 ../STemWinLib/Lib\libStemWin532_CM7_GCC.a(LCD.o)
 .text.LCD_SetBkColor
                0x0000000008008ac0       0x10 ../STemWinLib/Lib\libStemWin532_CM7_GCC.a(LCD.o)
                0x0000000008008ac0                LCD_SetBkColor
 .text.LCD_SetColor
                0x0000000008008ad0       0x10 ../STemWinLib/Lib\libStemWin532_CM7_GCC.a(LCD.o)
                0x0000000008008ad0                LCD_SetColor
 .text.GUI__memset16
                0x0000000008008ae0       0x5c ../STemWinLib/Lib\libStemWin532_CM7_GCC.a(GUI__memset16.o)
                0x0000000008008ae0                GUI__memset16
 .text.GUI__memset
                0x0000000008008b3c       0x54 ../STemWinLib/Lib\libStemWin532_CM7_GCC.a(GUI__memset.o)
                0x0000000008008b3c                GUI__memset
 .text.GUI__ManageCacheEx
                0x0000000008008b90       0xe8 ../STemWinLib/Lib\libStemWin532_CM7_GCC.a(GUI__ManageCache.o)
                0x0000000008008b90                GUI__ManageCacheEx
 .text.GUI__ManageCache
                0x0000000008008c78       0x10 ../STemWinLib/Lib\libStemWin532_CM7_GCC.a(GUI__ManageCache.o)
                0x0000000008008c78                GUI__ManageCache
 .text.GUI__IntersectRects
                0x0000000008008c88       0x64 ../STemWinLib/Lib\libStemWin532_CM7_GCC.a(GUI__IntersectRects.o)
                0x0000000008008c88                GUI__IntersectRects
 .text.GUI__IntersectRect
                0x0000000008008cec       0x3c ../STemWinLib/Lib\libStemWin532_CM7_GCC.a(GUI__IntersectRect.o)
                0x0000000008008cec                GUI__IntersectRect
 .text.GUI_SignalEvent
                0x0000000008008d28       0x10 ../STemWinLib/Lib\libStemWin532_CM7_GCC.a(GUI_WaitEvent.o)
                0x0000000008008d28                GUI_SignalEvent
 .text.GUI_UC__GetCharCodeInc
                0x0000000008008d38       0x28 ../STemWinLib/Lib\libStemWin532_CM7_GCC.a(GUI_UC.o)
                0x0000000008008d38                GUI_UC__GetCharCodeInc
 .text.GUI_UC__NumChars2NumBytes
                0x0000000008008d60       0x24 ../STemWinLib/Lib\libStemWin532_CM7_GCC.a(GUI_UC.o)
                0x0000000008008d60                GUI_UC__NumChars2NumBytes
 .text.GUI_TOUCH_Calibrate
                0x0000000008008d84       0xbc ../STemWinLib/Lib\libStemWin532_CM7_GCC.a(GUI_TOUCH_DriverAnalog.o)
                0x0000000008008d84                GUI_TOUCH_Calibrate
 .text.GUI_TOUCH_CalcCoefficients
                0x0000000008008e40      0x498 ../STemWinLib/Lib\libStemWin532_CM7_GCC.a(GUI_TOUCH_Calibrate.o)
                0x0000000008008e40                GUI_TOUCH_CalcCoefficients
 .text.GUI_SetTextMode
                0x00000000080092d8       0x14 ../STemWinLib/Lib\libStemWin532_CM7_GCC.a(GUI_SetTextMode.o)
                0x00000000080092d8                GUI_SetTextMode
 .text.GUI_SetFont
                0x00000000080092ec       0x14 ../STemWinLib/Lib\libStemWin532_CM7_GCC.a(GUI_SetFont.o)
                0x00000000080092ec                GUI_SetFont
 .text.GUI_SetDrawMode
                0x0000000008009300        0x4 ../STemWinLib/Lib\libStemWin532_CM7_GCC.a(GUI_SetDrawMode.o)
                0x0000000008009300                GUI_SetDrawMode
 .text.GUI_SetBkColor
                0x0000000008009304        0x4 ../STemWinLib/Lib\libStemWin532_CM7_GCC.a(GUI_SetColor.o)
                0x0000000008009304                GUI_SetBkColor
 .text.GUI_SetColor
                0x0000000008009308        0x4 ../STemWinLib/Lib\libStemWin532_CM7_GCC.a(GUI_SetColor.o)
                0x0000000008009308                GUI_SetColor
 .text.GUI_SelectLayer
                0x000000000800930c       0x2c ../STemWinLib/Lib\libStemWin532_CM7_GCC.a(GUI_SelectLayer.o)
                0x000000000800930c                GUI_SelectLayer
 .text.GUI_SelectLCD
                0x0000000008009338       0x12 ../STemWinLib/Lib\libStemWin532_CM7_GCC.a(GUI_SelectLCD.o)
                0x0000000008009338                GUI_SelectLCD
 .text.GUI_RectsIntersect
                0x000000000800934a       0x3a ../STemWinLib/Lib\libStemWin532_CM7_GCC.a(GUI_RectsIntersect.o)
                0x000000000800934a                GUI_RectsIntersect
 .text.GUI_SetPenSize
                0x0000000008009384       0x10 ../STemWinLib/Lib\libStemWin532_CM7_GCC.a(GUI_Pen.o)
                0x0000000008009384                GUI_SetPenSize
 .text.GUI_StoreKey
                0x0000000008009394       0x10 ../STemWinLib/Lib\libStemWin532_CM7_GCC.a(GUI_OnKey.o)
                0x0000000008009394                GUI_StoreKey
 .text.GUI_MoveRect
                0x00000000080093a4       0x20 ../STemWinLib/Lib\libStemWin532_CM7_GCC.a(GUI_MoveRect.o)
                0x00000000080093a4                GUI_MoveRect
 .text.GUI_MergeRect
                0x00000000080093c4       0x56 ../STemWinLib/Lib\libStemWin532_CM7_GCC.a(GUI_MergeRect.o)
                0x00000000080093c4                GUI_MergeRect
 *fill*         0x000000000800941a        0x2 
 .text.GUI_GotoXY
                0x000000000800941c       0x10 ../STemWinLib/Lib\libStemWin532_CM7_GCC.a(GUI_Goto.o)
                0x000000000800941c                GUI_GotoXY
 .text._SetLineColor
                0x000000000800942c       0x88 ../STemWinLib/Lib\libStemWin532_CM7_GCC.a(GUI_DrawLine.o)
 .text.GUI_sin  0x00000000080094b4       0x58 ../STemWinLib/Lib\libStemWin532_CM7_GCC.a(GUI_DrawLine.o)
                0x00000000080094b4                GUI_sin
 .text.GUI_cos  0x000000000800950c        0x8 ../STemWinLib/Lib\libStemWin532_CM7_GCC.a(GUI_DrawLine.o)
                0x000000000800950c                GUI_cos
 .text.GL_DrawLine1Ex
                0x0000000008009514      0x1c4 ../STemWinLib/Lib\libStemWin532_CM7_GCC.a(GUI_DrawLine.o)
                0x0000000008009514                GL_DrawLine1Ex
 .text.GL_DrawLineEx
                0x00000000080096d8      0x1ac ../STemWinLib/Lib\libStemWin532_CM7_GCC.a(GUI_DrawLine.o)
                0x00000000080096d8                GL_DrawLineEx
 .text.GL_DrawLine
                0x0000000008009884       0x16 ../STemWinLib/Lib\libStemWin532_CM7_GCC.a(GUI_DrawLine.o)
                0x0000000008009884                GL_DrawLine
 *fill*         0x000000000800989a        0x2 
 .text.GUI_DrawLine
                0x000000000800989c       0x3c ../STemWinLib/Lib\libStemWin532_CM7_GCC.a(GUI_DrawLine.o)
                0x000000000800989c                GUI_DrawLine
 .text.GUI_DispStringHCenterAt
                0x00000000080098d8       0x34 ../STemWinLib/Lib\libStemWin532_CM7_GCC.a(GUI_DispStringHCenter.o)
                0x00000000080098d8                GUI_DispStringHCenterAt
 .text.GUI_DispStringAt
                0x000000000800990c       0x10 ../STemWinLib/Lib\libStemWin532_CM7_GCC.a(GUI_DispStringAt.o)
                0x000000000800990c                GUI_DispStringAt
 .text.GUI_DispString
                0x000000000800991c      0x108 ../STemWinLib/Lib\libStemWin532_CM7_GCC.a(GUI_DispString.o)
                0x000000000800991c                GUI_DispString
 .text.GUI_DEVICE__GetpDriver
                0x0000000008009a24       0x20 ../STemWinLib/Lib\libStemWin532_CM7_GCC.a(GUI_Device.o)
                0x0000000008009a24                GUI_DEVICE__GetpDriver
 .text.GUI_DEVICE_Delete
                0x0000000008009a44        0x4 ../STemWinLib/Lib\libStemWin532_CM7_GCC.a(GUI_Device.o)
                0x0000000008009a44                GUI_DEVICE_Delete
 .text.GUI_DEVICE_Create
                0x0000000008009a48       0x4c ../STemWinLib/Lib\libStemWin532_CM7_GCC.a(GUI_Device.o)
                0x0000000008009a48                GUI_DEVICE_Create
 .text.GUI_DEVICE_Unlink
                0x0000000008009a94       0x2c ../STemWinLib/Lib\libStemWin532_CM7_GCC.a(GUI_Device.o)
                0x0000000008009a94                GUI_DEVICE_Unlink
 .text.GUI_DEVICE_Link
                0x0000000008009ac0       0x74 ../STemWinLib/Lib\libStemWin532_CM7_GCC.a(GUI_Device.o)
                0x0000000008009ac0                GUI_DEVICE_Link
 .text.GUI_DEVICE_CreateAndLink
                0x0000000008009b34       0x28 ../STemWinLib/Lib\libStemWin532_CM7_GCC.a(GUI_Device.o)
                0x0000000008009b34                GUI_DEVICE_CreateAndLink
 .text._OnExit  0x0000000008009b5c       0x2c ../STemWinLib/Lib\libStemWin532_CM7_GCC.a(GUI_Core.o)
 .text._InitContext
                0x0000000008009b88       0x80 ../STemWinLib/Lib\libStemWin532_CM7_GCC.a(GUI_Core.o)
 .text.GUI_SetDefaultFont
                0x0000000008009c08        0xc ../STemWinLib/Lib\libStemWin532_CM7_GCC.a(GUI_Core.o)
                0x0000000008009c08                GUI_SetDefaultFont
 .text.GUI_ClearRect
                0x0000000008009c14       0x64 ../STemWinLib/Lib\libStemWin532_CM7_GCC.a(GUI_Core.o)
                0x0000000008009c14                GUI_ClearRect
 .text.GUI_Clear
                0x0000000008009c78       0x20 ../STemWinLib/Lib\libStemWin532_CM7_GCC.a(GUI_Core.o)
                0x0000000008009c78                GUI_Clear
 .text.GUI__RegisterExit
                0x0000000008009c98       0x24 ../STemWinLib/Lib\libStemWin532_CM7_GCC.a(GUI_Core.o)
                0x0000000008009c98                GUI__RegisterExit
 .text.GUI__Config
                0x0000000008009cbc       0x30 ../STemWinLib/Lib\libStemWin532_CM7_GCC.a(GUI_Core.o)
                0x0000000008009cbc                GUI__Config
 .text.GUI_Init
                0x0000000008009cec       0xa8 ../STemWinLib/Lib\libStemWin532_CM7_GCC.a(GUI_Core.o)
                0x0000000008009cec                GUI_Init
 .text.GUIPROP__FindChar
                0x0000000008009d94       0x14 ../STemWinLib/Lib\libStemWin532_CM7_GCC.a(GUI_CharP.o)
                0x0000000008009d94                GUIPROP__FindChar
 .text.GUIPROP_DispChar
                0x0000000008009da8       0xec ../STemWinLib/Lib\libStemWin532_CM7_GCC.a(GUI_CharP.o)
                0x0000000008009da8                GUIPROP_DispChar
 .text.GUIPROP_GetCharDistX
                0x0000000008009e94       0x3c ../STemWinLib/Lib\libStemWin532_CM7_GCC.a(GUI_CharP.o)
                0x0000000008009e94                GUIPROP_GetCharDistX
 .text.GUIPROP_GetFontInfo
                0x0000000008009ed0        0x6 ../STemWinLib/Lib\libStemWin532_CM7_GCC.a(GUI_CharP.o)
                0x0000000008009ed0                GUIPROP_GetFontInfo
 .text.GUIPROP_IsInFont
                0x0000000008009ed6       0x10 ../STemWinLib/Lib\libStemWin532_CM7_GCC.a(GUI_CharP.o)
                0x0000000008009ed6                GUIPROP_IsInFont
 *fill*         0x0000000008009ee6        0x2 
 .text.GUIMONO_DispChar
                0x0000000008009ee8      0x150 ../STemWinLib/Lib\libStemWin532_CM7_GCC.a(GUI_CharM.o)
                0x0000000008009ee8                GUIMONO_DispChar
 .text.GUIMONO_GetCharDistX
                0x000000000800a038       0x18 ../STemWinLib/Lib\libStemWin532_CM7_GCC.a(GUI_CharM.o)
                0x000000000800a038                GUIMONO_GetCharDistX
 .text.GUIMONO_GetFontInfo
                0x000000000800a050        0x6 ../STemWinLib/Lib\libStemWin532_CM7_GCC.a(GUI_CharM.o)
                0x000000000800a050                GUIMONO_GetFontInfo
 .text.GUIMONO_IsInFont
                0x000000000800a056       0x36 ../STemWinLib/Lib\libStemWin532_CM7_GCC.a(GUI_CharM.o)
                0x000000000800a056                GUIMONO_IsInFont
 .text._Log2VisBuffered
                0x000000000800a08c        0x2 ../STemWinLib/Lib\libStemWin532_CM7_GCC.a(GUI_CharLine.o)
 *fill*         0x000000000800a08e        0x2 
 .text._DispLine
                0x000000000800a090       0x7c ../STemWinLib/Lib\libStemWin532_CM7_GCC.a(GUI_CharLine.o)
 .text.GUI__GetLineNumChars
                0x000000000800a10c       0x3c ../STemWinLib/Lib\libStemWin532_CM7_GCC.a(GUI_CharLine.o)
                0x000000000800a10c                GUI__GetLineNumChars
 .text.GUI__GetOverlap
                0x000000000800a148       0x1e ../STemWinLib/Lib\libStemWin532_CM7_GCC.a(GUI_CharLine.o)
                0x000000000800a148                GUI__GetOverlap
 *fill*         0x000000000800a166        0x2 
 .text.GUI__GetLineDistX
                0x000000000800a168       0x60 ../STemWinLib/Lib\libStemWin532_CM7_GCC.a(GUI_CharLine.o)
                0x000000000800a168                GUI__GetLineDistX
 .text.GUI__DispLine
                0x000000000800a1c8       0xa8 ../STemWinLib/Lib\libStemWin532_CM7_GCC.a(GUI_CharLine.o)
                0x000000000800a1c8                GUI__DispLine
 .text.GUI_GetYAdjust
                0x000000000800a270       0x30 ../STemWinLib/Lib\libStemWin532_CM7_GCC.a(GUI_Char.o)
                0x000000000800a270                GUI_GetYAdjust
 .text.GUI_GetFontDistY
                0x000000000800a2a0       0x10 ../STemWinLib/Lib\libStemWin532_CM7_GCC.a(GUI_Char.o)
                0x000000000800a2a0                GUI_GetFontDistY
 .text.GUI_GetCharDistX
                0x000000000800a2b0       0x14 ../STemWinLib/Lib\libStemWin532_CM7_GCC.a(GUI_Char.o)
                0x000000000800a2b0                GUI_GetCharDistX
 .text.GUI_GetCharDistXEx
                0x000000000800a2c4       0x14 ../STemWinLib/Lib\libStemWin532_CM7_GCC.a(GUI_Char.o)
                0x000000000800a2c4                GUI_GetCharDistXEx
 .text._PushFreeBlock
                0x000000000800a2d8       0x24 ../STemWinLib/Lib\libStemWin532_CM7_GCC.a(GUI_Alloc.o)
 .text._OnExit  0x000000000800a2fc       0x38 ../STemWinLib/Lib\libStemWin532_CM7_GCC.a(GUI_Alloc.o)
 .text._RemoveFreeBlock
                0x000000000800a334       0x40 ../STemWinLib/Lib\libStemWin532_CM7_GCC.a(GUI_Alloc.o)
 .text._AddFreeMemory
                0x000000000800a374       0xa0 ../STemWinLib/Lib\libStemWin532_CM7_GCC.a(GUI_Alloc.o)
 .text._RemoveHoles
                0x000000000800a414       0x9c ../STemWinLib/Lib\libStemWin532_CM7_GCC.a(GUI_Alloc.o)
 .text.GUI_ALLOC_FreeFixedBlock
                0x000000000800a4b0       0x14 ../STemWinLib/Lib\libStemWin532_CM7_GCC.a(GUI_Alloc.o)
                0x000000000800a4b0                GUI_ALLOC_FreeFixedBlock
 .text.GUI_ALLOC_h2p
                0x000000000800a4c4       0x14 ../STemWinLib/Lib\libStemWin532_CM7_GCC.a(GUI_Alloc.o)
                0x000000000800a4c4                GUI_ALLOC_h2p
 .text.GUI_ALLOC_LockH
                0x000000000800a4d8       0x1c ../STemWinLib/Lib\libStemWin532_CM7_GCC.a(GUI_Alloc.o)
                0x000000000800a4d8                GUI_ALLOC_LockH
 .text.GUI_ALLOC_UnlockH
                0x000000000800a4f4       0x30 ../STemWinLib/Lib\libStemWin532_CM7_GCC.a(GUI_Alloc.o)
                0x000000000800a4f4                GUI_ALLOC_UnlockH
 .text.GUI_ALLOC_AssignMemory
                0x000000000800a524       0x10 ../STemWinLib/Lib\libStemWin532_CM7_GCC.a(GUI_Alloc.o)
                0x000000000800a524                GUI_ALLOC_AssignMemory
 .text.GUI_ALLOC_Free
                0x000000000800a534       0x30 ../STemWinLib/Lib\libStemWin532_CM7_GCC.a(GUI_Alloc.o)
                0x000000000800a534                GUI_ALLOC_Free
 .text._EnlargeBlocks
                0x000000000800a564       0x98 ../STemWinLib/Lib\libStemWin532_CM7_GCC.a(GUI_Alloc.o)
 .text._InitOnce
                0x000000000800a5fc      0x174 ../STemWinLib/Lib\libStemWin532_CM7_GCC.a(GUI_Alloc.o)
 .text.GUI_ALLOC_GetFixedBlock
                0x000000000800a770       0xa4 ../STemWinLib/Lib\libStemWin532_CM7_GCC.a(GUI_Alloc.o)
                0x000000000800a770                GUI_ALLOC_GetFixedBlock
 .text.GUI_ALLOC_GetMaxSize
                0x000000000800a814       0x3c ../STemWinLib/Lib\libStemWin532_CM7_GCC.a(GUI_Alloc.o)
                0x000000000800a814                GUI_ALLOC_GetMaxSize
 .text.GUI_ALLOC_RequestSize
                0x000000000800a850       0x2c ../STemWinLib/Lib\libStemWin532_CM7_GCC.a(GUI_Alloc.o)
                0x000000000800a850                GUI_ALLOC_RequestSize
 .text._Alloc   0x000000000800a87c       0xec ../STemWinLib/Lib\libStemWin532_CM7_GCC.a(GUI_Alloc.o)
 .text.GUI_ALLOC_AllocNoInit
                0x000000000800a968        0x8 ../STemWinLib/Lib\libStemWin532_CM7_GCC.a(GUI_Alloc.o)
                0x000000000800a968                GUI_ALLOC_AllocNoInit
 .text.GUI_ALLOC_AllocZero
                0x000000000800a970       0x2a ../STemWinLib/Lib\libStemWin532_CM7_GCC.a(GUI_ALLOC_AllocZero.o)
                0x000000000800a970                GUI_ALLOC_AllocZero
 *fill*         0x000000000800a99a        0x2 
 .text.LCD_Index2Color_M565
                0x000000000800a99c       0x28 ../STemWinLib/Lib\libStemWin532_CM7_GCC.a(GUICC_M565.o)
                0x000000000800a99c                LCD_Index2Color_M565
 .text._Color2Index_M565
                0x000000000800a9c4       0x28 ../STemWinLib/Lib\libStemWin532_CM7_GCC.a(GUICC_M565.o)
 .text._GetIndexMask_M565
                0x000000000800a9ec        0x6 ../STemWinLib/Lib\libStemWin532_CM7_GCC.a(GUICC_M565.o)
 *fill*         0x000000000800a9f2        0x2 
 .text._Color2IndexBulk
                0x000000000800a9f4       0x4c ../STemWinLib/Lib\libStemWin532_CM7_GCC.a(GUICC_M565.o)
 .text._Index2ColorBulk
                0x000000000800aa40       0x5c ../STemWinLib/Lib\libStemWin532_CM7_GCC.a(GUICC_M565.o)
 .text.LCD_Index2Color_8888
                0x000000000800aa9c        0x2 ../STemWinLib/Lib\libStemWin532_CM7_GCC.a(GUICC_8888_Index2Color.o)
                0x000000000800aa9c                LCD_Index2Color_8888
 .text._Color2Index_8888
                0x000000000800aa9e        0x2 ../STemWinLib/Lib\libStemWin532_CM7_GCC.a(GUICC_8888.o)
 .text._GetIndexMask_8888
                0x000000000800aaa0        0x6 ../STemWinLib/Lib\libStemWin532_CM7_GCC.a(GUICC_8888.o)
 .text._Color2IndexBulk
                0x000000000800aaa6       0x10 ../STemWinLib/Lib\libStemWin532_CM7_GCC.a(GUICC_8888.o)
 .text._Index2ColorBulk
                0x000000000800aab6       0x10 ../STemWinLib/Lib\libStemWin532_CM7_GCC.a(GUICC_8888.o)
 *fill*         0x000000000800aac6        0x2 
 .text.WM__SendMessage
                0x000000000800aac8       0x3c ../STemWinLib/Lib\libStemWin532_CM7_GCC.a(WM__SendMessage.o)
                0x000000000800aac8                WM__SendMessage
 .text.WM__GetPrevSibling
                0x000000000800ab04       0x26 ../STemWinLib/Lib\libStemWin532_CM7_GCC.a(WM__GetPrevSibling.o)
                0x000000000800ab04                WM__GetPrevSibling
 .text.WM__GetFirstSibling
                0x000000000800ab2a       0x12 ../STemWinLib/Lib\libStemWin532_CM7_GCC.a(WM__GetFirstSibling.o)
                0x000000000800ab2a                WM__GetFirstSibling
 .text.WM_SendToParent
                0x000000000800ab3c       0x1c ../STemWinLib/Lib\libStemWin532_CM7_GCC.a(WM_SendToParent.o)
                0x000000000800ab3c                WM_SendToParent
 .text.WM__AddCriticalHandle
                0x000000000800ab58       0x10 ../STemWinLib/Lib\libStemWin532_CM7_GCC.a(WM_CriticalHandle.o)
                0x000000000800ab58                WM__AddCriticalHandle
 .text.WM_BringToBottom
                0x000000000800ab68       0x86 ../STemWinLib/Lib\libStemWin532_CM7_GCC.a(WM_BringToBottom.o)
                0x000000000800ab68                WM_BringToBottom
 .text._Convert16
                0x000000000800abee       0x3e ../STemWinLib/Lib\libStemWin532_CM7_GCC.a(GUIDEV_WriteToActiveOpaque.o)
 .text._Convert8
                0x000000000800ac2c       0x42 ../STemWinLib/Lib\libStemWin532_CM7_GCC.a(GUIDEV_WriteToActiveOpaque.o)
 *fill*         0x000000000800ac6e        0x2 
 .text.GUI_MEMDEV__WriteToActiveOpaque
                0x000000000800ac70      0x724 ../STemWinLib/Lib\libStemWin532_CM7_GCC.a(GUIDEV_WriteToActiveOpaque.o)
                0x000000000800ac70                GUI_MEMDEV__WriteToActiveOpaque
 .text.GUI_USAGE_BM_AddPixel
                0x000000000800b394       0x2a ../STemWinLib/Lib\libStemWin532_CM7_GCC.a(GUIDEV_UsageBM.o)
 .text.GUI_USAGE_BM_GetNextDirty
                0x000000000800b3be       0x96 ../STemWinLib/Lib\libStemWin532_CM7_GCC.a(GUIDEV_UsageBM.o)
 .text._GUI_USAGE_BM_Delete
                0x000000000800b454        0x4 ../STemWinLib/Lib\libStemWin532_CM7_GCC.a(GUIDEV_UsageBM.o)
 .text.GUI_USAGE_BM_Clear
                0x000000000800b458       0x10 ../STemWinLib/Lib\libStemWin532_CM7_GCC.a(GUIDEV_UsageBM.o)
 .text.GUI_USAGE_BM_AddHLine
                0x000000000800b468       0x72 ../STemWinLib/Lib\libStemWin532_CM7_GCC.a(GUIDEV_UsageBM.o)
 *fill*         0x000000000800b4da        0x2 
 .text.GUI_USAGE_BM_Create
                0x000000000800b4dc       0x58 ../STemWinLib/Lib\libStemWin532_CM7_GCC.a(GUIDEV_UsageBM.o)
                0x000000000800b4dc                GUI_USAGE_BM_Create
 .text.GUI_USAGE_DecUseCnt
                0x000000000800b534       0x28 ../STemWinLib/Lib\libStemWin532_CM7_GCC.a(GUIDEV_Usage.o)
                0x000000000800b534                GUI_USAGE_DecUseCnt
 .text.GUI_USAGE_AddRect
                0x000000000800b55c       0x2a ../STemWinLib/Lib\libStemWin532_CM7_GCC.a(GUIDEV_Usage.o)
                0x000000000800b55c                GUI_USAGE_AddRect
 *fill*         0x000000000800b586        0x2 
 .text._GetDevData
                0x000000000800b588       0x10 ../STemWinLib/Lib\libStemWin532_CM7_GCC.a(GUIDEV_16.o)
 .text._GetDevFunc
                0x000000000800b598       0x10 ../STemWinLib/Lib\libStemWin532_CM7_GCC.a(GUIDEV_16.o)
 .text._SetOrg  0x000000000800b5a8        0xe ../STemWinLib/Lib\libStemWin532_CM7_GCC.a(GUIDEV_16.o)
 .text._GetDevProp
                0x000000000800b5b6       0x14 ../STemWinLib/Lib\libStemWin532_CM7_GCC.a(GUIDEV_16.o)
 .text._GetRect
                0x000000000800b5ca       0x32 ../STemWinLib/Lib\libStemWin532_CM7_GCC.a(GUIDEV_16.o)
 .text._XY2PTR  0x000000000800b5fc       0x40 ../STemWinLib/Lib\libStemWin532_CM7_GCC.a(GUIDEV_16.o)
 .text._GetPixelIndex
                0x000000000800b63c        0xe ../STemWinLib/Lib\libStemWin532_CM7_GCC.a(GUIDEV_16.o)
 *fill*         0x000000000800b64a        0x2 
 .text._XorPixel
                0x000000000800b64c       0x58 ../STemWinLib/Lib\libStemWin532_CM7_GCC.a(GUIDEV_16.o)
 .text._SetPixelIndex
                0x000000000800b6a4       0x4c ../STemWinLib/Lib\libStemWin532_CM7_GCC.a(GUIDEV_16.o)
 .text._DrawVLine
                0x000000000800b6f0       0xbc ../STemWinLib/Lib\libStemWin532_CM7_GCC.a(GUIDEV_16.o)
 .text._FillRect
                0x000000000800b7ac       0xb4 ../STemWinLib/Lib\libStemWin532_CM7_GCC.a(GUIDEV_16.o)
 .text._DrawHLine
                0x000000000800b860        0xe ../STemWinLib/Lib\libStemWin532_CM7_GCC.a(GUIDEV_16.o)
 *fill*         0x000000000800b86e        0x2 
 .text._DrawBitmap
                0x000000000800b870      0x724 ../STemWinLib/Lib\libStemWin532_CM7_GCC.a(GUIDEV_16.o)
 .text.LCD_SelectLCD
                0x000000000800bf94       0x40 ../STemWinLib/Lib\libStemWin532_CM7_GCC.a(LCD_SelectLCD.o)
                0x000000000800bf94                LCD_SelectLCD
 .text._OnExit  0x000000000800bfd4       0x14 ../STemWinLib/Lib\libStemWin532_CM7_GCC.a(LCD_Color.o)
 .text.LCD_InitColors
                0x000000000800bfe8       0x38 ../STemWinLib/Lib\libStemWin532_CM7_GCC.a(LCD_Color.o)
                0x000000000800bfe8                LCD_InitColors
 .text.LCD_InitLUT
                0x000000000800c020       0x7c ../STemWinLib/Lib\libStemWin532_CM7_GCC.a(LCD_Color.o)
                0x000000000800c020                LCD_InitLUT
 .text.GUI__CompactPixelIndices
                0x000000000800c09c      0x16c ../STemWinLib/Lib\libStemWin532_CM7_GCC.a(GUI__CompactPixelIndices.o)
                0x000000000800c09c                GUI__CompactPixelIndices
 .text._GetCharCode
                0x000000000800c208        0x4 ../STemWinLib/Lib\libStemWin532_CM7_GCC.a(GUI_UC_EncodeNone.o)
 .text._GetCharSize
                0x000000000800c20c        0x4 ../STemWinLib/Lib\libStemWin532_CM7_GCC.a(GUI_UC_EncodeNone.o)
 .text._CalcSizeOfChar
                0x000000000800c210        0x4 ../STemWinLib/Lib\libStemWin532_CM7_GCC.a(GUI_UC_EncodeNone.o)
 .text._Encode  0x000000000800c214        0x6 ../STemWinLib/Lib\libStemWin532_CM7_GCC.a(GUI_UC_EncodeNone.o)
 *fill*         0x000000000800c21a        0x2 
 .text.GUI_SetTextAlign
                0x000000000800c21c       0x14 ../STemWinLib/Lib\libStemWin532_CM7_GCC.a(GUI_SetTextAlign.o)
                0x000000000800c21c                GUI_SetTextAlign
 .text.GUI_SetOrg
                0x000000000800c230       0x34 ../STemWinLib/Lib\libStemWin532_CM7_GCC.a(GUI_SetOrg.o)
                0x000000000800c230                GUI_SetOrg
 .text.GUI_GetBkColor
                0x000000000800c264        0xe ../STemWinLib/Lib\libStemWin532_CM7_GCC.a(GUI_GetColor.o)
                0x000000000800c264                GUI_GetBkColor
 .text.GUI_GetColor
                0x000000000800c272        0xe ../STemWinLib/Lib\libStemWin532_CM7_GCC.a(GUI_GetColor.o)
                0x000000000800c272                GUI_GetColor
 .text._Add     0x000000000800c280       0x40 ../STemWinLib/Lib\libStemWin532_CM7_GCC.a(GUI_FillPolygon.o)
 .text.GL_FillPolygon
                0x000000000800c2c0      0x1c4 ../STemWinLib/Lib\libStemWin532_CM7_GCC.a(GUI_FillPolygon.o)
                0x000000000800c2c0                GL_FillPolygon
 .text.GL_DrawPoint
                0x000000000800c484       0x28 ../STemWinLib/Lib\libStemWin532_CM7_GCC.a(GUI_DrawPoint.o)
                0x000000000800c484                GL_DrawPoint
 .text.GL_FillCircle
                0x000000000800c4ac       0xc4 ../STemWinLib/Lib\libStemWin532_CM7_GCC.a(GUI_Circ.o)
                0x000000000800c4ac                GL_FillCircle
 .text._GetIndexMask_0
                0x000000000800c570       0x52 ../STemWinLib/Lib\libStemWin532_CM7_GCC.a(GUICC_0.o)
 .text._Index2Color_0
                0x000000000800c5c2       0x1e ../STemWinLib/Lib\libStemWin532_CM7_GCC.a(GUICC_0.o)
 .text._Color2Index_0
                0x000000000800c5e0       0x5a ../STemWinLib/Lib\libStemWin532_CM7_GCC.a(GUICC_0.o)
 .text.LCD_GetNumLayers
                0x000000000800c63a       0x1e ../STemWinLib/Lib\libStemWin532_CM7_GCC.a(LCD_GetNumDisplays.o)
                0x000000000800c63a                LCD_GetNumLayers
 .text.LCD_GetBkColorIndex
                0x000000000800c658       0x10 ../STemWinLib/Lib\libStemWin532_CM7_GCC.a(LCD_GetColorIndex.o)
                0x000000000800c658                LCD_GetBkColorIndex
 .text.LCD_GetColorIndex
                0x000000000800c668       0x10 ../STemWinLib/Lib\libStemWin532_CM7_GCC.a(LCD_GetColorIndex.o)
                0x000000000800c668                LCD_GetColorIndex
 .text.GUI_CalcColorDist
                0x000000000800c678       0x50 ../STemWinLib/Lib\libStemWin532_CM7_GCC.a(GUI_CalcColorDist.o)
                0x000000000800c678                GUI_CalcColorDist
 .text.__libc_init_array
                0x000000000800c6c8       0x48 c:/st/stm32cubeide_1.3.0/stm32cubeide/plugins/com.st.stm32cube.ide.mcu.externaltools.gnu-tools-for-stm32.7-2018-q2-update.win32_1.0.0.201904181610/tools/bin/../lib/gcc/arm-none-eabi/7.3.1/../../../../arm-none-eabi/lib/thumb/v7e-m/fpv4-sp/hard\libc_nano.a(lib_a-init.o)
                0x000000000800c6c8                __libc_init_array
 .text.memcpy   0x000000000800c710       0x16 c:/st/stm32cubeide_1.3.0/stm32cubeide/plugins/com.st.stm32cube.ide.mcu.externaltools.gnu-tools-for-stm32.7-2018-q2-update.win32_1.0.0.201904181610/tools/bin/../lib/gcc/arm-none-eabi/7.3.1/../../../../arm-none-eabi/lib/thumb/v7e-m/fpv4-sp/hard\libc_nano.a(lib_a-memcpy-stub.o)
                0x000000000800c710                memcpy
 .text.memmove  0x000000000800c726       0x32 c:/st/stm32cubeide_1.3.0/stm32cubeide/plugins/com.st.stm32cube.ide.mcu.externaltools.gnu-tools-for-stm32.7-2018-q2-update.win32_1.0.0.201904181610/tools/bin/../lib/gcc/arm-none-eabi/7.3.1/../../../../arm-none-eabi/lib/thumb/v7e-m/fpv4-sp/hard\libc_nano.a(lib_a-memmove.o)
                0x000000000800c726                memmove
 .text.memset   0x000000000800c758       0x10 c:/st/stm32cubeide_1.3.0/stm32cubeide/plugins/com.st.stm32cube.ide.mcu.externaltools.gnu-tools-for-stm32.7-2018-q2-update.win32_1.0.0.201904181610/tools/bin/../lib/gcc/arm-none-eabi/7.3.1/../../../../arm-none-eabi/lib/thumb/v7e-m/fpv4-sp/hard\libc_nano.a(lib_a-memset.o)
                0x000000000800c758                memset
 .text.cos      0x000000000800c768       0x88 c:/st/stm32cubeide_1.3.0/stm32cubeide/plugins/com.st.stm32cube.ide.mcu.externaltools.gnu-tools-for-stm32.7-2018-q2-update.win32_1.0.0.201904181610/tools/bin/../lib/gcc/arm-none-eabi/7.3.1/../../../../arm-none-eabi/lib/thumb/v7e-m/fpv4-sp/hard\libm.a(lib_a-s_cos.o)
                0x000000000800c768                cos
 .text.sin      0x000000000800c7f0       0x90 c:/st/stm32cubeide_1.3.0/stm32cubeide/plugins/com.st.stm32cube.ide.mcu.externaltools.gnu-tools-for-stm32.7-2018-q2-update.win32_1.0.0.201904181610/tools/bin/../lib/gcc/arm-none-eabi/7.3.1/../../../../arm-none-eabi/lib/thumb/v7e-m/fpv4-sp/hard\libm.a(lib_a-s_sin.o)
                0x000000000800c7f0                sin
 .text.__ieee754_rem_pio2
                0x000000000800c880      0x3e4 c:/st/stm32cubeide_1.3.0/stm32cubeide/plugins/com.st.stm32cube.ide.mcu.externaltools.gnu-tools-for-stm32.7-2018-q2-update.win32_1.0.0.201904181610/tools/bin/../lib/gcc/arm-none-eabi/7.3.1/../../../../arm-none-eabi/lib/thumb/v7e-m/fpv4-sp/hard\libm.a(lib_a-e_rem_pio2.o)
                0x000000000800c880                __ieee754_rem_pio2
 *fill*         0x000000000800cc64        0x4 
 .text.__kernel_cos
                0x000000000800cc68      0x18c c:/st/stm32cubeide_1.3.0/stm32cubeide/plugins/com.st.stm32cube.ide.mcu.externaltools.gnu-tools-for-stm32.7-2018-q2-update.win32_1.0.0.201904181610/tools/bin/../lib/gcc/arm-none-eabi/7.3.1/../../../../arm-none-eabi/lib/thumb/v7e-m/fpv4-sp/hard\libm.a(lib_a-k_cos.o)
                0x000000000800cc68                __kernel_cos
 *fill*         0x000000000800cdf4        0x4 
 .text.__kernel_rem_pio2
                0x000000000800cdf8      0x680 c:/st/stm32cubeide_1.3.0/stm32cubeide/plugins/com.st.stm32cube.ide.mcu.externaltools.gnu-tools-for-stm32.7-2018-q2-update.win32_1.0.0.201904181610/tools/bin/../lib/gcc/arm-none-eabi/7.3.1/../../../../arm-none-eabi/lib/thumb/v7e-m/fpv4-sp/hard\libm.a(lib_a-k_rem_pio2.o)
                0x000000000800cdf8                __kernel_rem_pio2
 .text.__kernel_sin
                0x000000000800d478      0x174 c:/st/stm32cubeide_1.3.0/stm32cubeide/plugins/com.st.stm32cube.ide.mcu.externaltools.gnu-tools-for-stm32.7-2018-q2-update.win32_1.0.0.201904181610/tools/bin/../lib/gcc/arm-none-eabi/7.3.1/../../../../arm-none-eabi/lib/thumb/v7e-m/fpv4-sp/hard\libm.a(lib_a-k_sin.o)
                0x000000000800d478                __kernel_sin
 .text.fabs     0x000000000800d5ec       0x12 c:/st/stm32cubeide_1.3.0/stm32cubeide/plugins/com.st.stm32cube.ide.mcu.externaltools.gnu-tools-for-stm32.7-2018-q2-update.win32_1.0.0.201904181610/tools/bin/../lib/gcc/arm-none-eabi/7.3.1/../../../../arm-none-eabi/lib/thumb/v7e-m/fpv4-sp/hard\libm.a(lib_a-s_fabs.o)
                0x000000000800d5ec                fabs
 *fill*         0x000000000800d5fe        0x2 
 .text.floor    0x000000000800d600      0x108 c:/st/stm32cubeide_1.3.0/stm32cubeide/plugins/com.st.stm32cube.ide.mcu.externaltools.gnu-tools-for-stm32.7-2018-q2-update.win32_1.0.0.201904181610/tools/bin/../lib/gcc/arm-none-eabi/7.3.1/../../../../arm-none-eabi/lib/thumb/v7e-m/fpv4-sp/hard\libm.a(lib_a-s_floor.o)
                0x000000000800d600                floor
 .text.scalbn   0x000000000800d708       0xec c:/st/stm32cubeide_1.3.0/stm32cubeide/plugins/com.st.stm32cube.ide.mcu.externaltools.gnu-tools-for-stm32.7-2018-q2-update.win32_1.0.0.201904181610/tools/bin/../lib/gcc/arm-none-eabi/7.3.1/../../../../arm-none-eabi/lib/thumb/v7e-m/fpv4-sp/hard\libm.a(lib_a-s_scalbn.o)
                0x000000000800d708                scalbn
 .text.copysign
                0x000000000800d7f4       0x1e c:/st/stm32cubeide_1.3.0/stm32cubeide/plugins/com.st.stm32cube.ide.mcu.externaltools.gnu-tools-for-stm32.7-2018-q2-update.win32_1.0.0.201904181610/tools/bin/../lib/gcc/arm-none-eabi/7.3.1/../../../../arm-none-eabi/lib/thumb/v7e-m/fpv4-sp/hard\libm.a(lib_a-s_copysign.o)
                0x000000000800d7f4                copysign
 *(.glue_7)
 .glue_7        0x000000000800d812        0x0 linker stubs
 *(.glue_7t)
 .glue_7t       0x000000000800d812        0x0 linker stubs